Component: ARM Compiler 5.06 update 7 (build 960) Tool: armlink [4d3601]

==============================================================================

Section Cross References

    startup_stm32f103xb.o(STACK) refers (Special) to heapauxi.o(.text) for __use_two_region_memory
    startup_stm32f103xb.o(HEAP) refers (Special) to heapauxi.o(.text) for __use_two_region_memory
    startup_stm32f103xb.o(RESET) refers (Special) to heapauxi.o(.text) for __use_two_region_memory
    startup_stm32f103xb.o(RESET) refers to startup_stm32f103xb.o(STACK) for __initial_sp
    startup_stm32f103xb.o(RESET) refers to startup_stm32f103xb.o(.text) for Reset_Handler
    startup_stm32f103xb.o(RESET) refers to stm32f1xx_it.o(i.NMI_Handler) for NMI_Handler
    startup_stm32f103xb.o(RESET) refers to stm32f1xx_it.o(i.HardFault_Handler) for HardFault_Handler
    startup_stm32f103xb.o(RESET) refers to stm32f1xx_it.o(i.MemManage_Handler) for MemManage_Handler
    startup_stm32f103xb.o(RESET) refers to stm32f1xx_it.o(i.BusFault_Handler) for BusFault_Handler
    startup_stm32f103xb.o(RESET) refers to stm32f1xx_it.o(i.UsageFault_Handler) for UsageFault_Handler
    startup_stm32f103xb.o(RESET) refers to stm32f1xx_it.o(i.SVC_Handler) for SVC_Handler
    startup_stm32f103xb.o(RESET) refers to stm32f1xx_it.o(i.DebugMon_Handler) for DebugMon_Handler
    startup_stm32f103xb.o(RESET) refers to stm32f1xx_it.o(i.PendSV_Handler) for PendSV_Handler
    startup_stm32f103xb.o(RESET) refers to stm32f1xx_it.o(i.SysTick_Handler) for SysTick_Handler
    startup_stm32f103xb.o(RESET) refers to stm32f1xx_it.o(i.DMA1_Channel2_IRQHandler) for DMA1_Channel2_IRQHandler
    startup_stm32f103xb.o(RESET) refers to stm32f1xx_it.o(i.DMA1_Channel3_IRQHandler) for DMA1_Channel3_IRQHandler
    startup_stm32f103xb.o(RESET) refers to stm32f1xx_it.o(i.DMA1_Channel4_IRQHandler) for DMA1_Channel4_IRQHandler
    startup_stm32f103xb.o(RESET) refers to stm32f1xx_it.o(i.DMA1_Channel5_IRQHandler) for DMA1_Channel5_IRQHandler
    startup_stm32f103xb.o(RESET) refers to stm32f1xx_it.o(i.USB_HP_CAN1_TX_IRQHandler) for USB_HP_CAN1_TX_IRQHandler
    startup_stm32f103xb.o(RESET) refers to stm32f1xx_it.o(i.USB_LP_CAN1_RX0_IRQHandler) for USB_LP_CAN1_RX0_IRQHandler
    startup_stm32f103xb.o(RESET) refers to stm32f1xx_it.o(i.USART1_IRQHandler) for USART1_IRQHandler
    startup_stm32f103xb.o(RESET) refers to stm32f1xx_it.o(i.USART3_IRQHandler) for USART3_IRQHandler
    startup_stm32f103xb.o(.text) refers (Special) to heapauxi.o(.text) for __use_two_region_memory
    startup_stm32f103xb.o(.text) refers to system_stm32f1xx.o(i.SystemInit) for SystemInit
    startup_stm32f103xb.o(.text) refers to __main.o(!!!main) for __main
    startup_stm32f103xb.o(.text) refers to startup_stm32f103xb.o(HEAP) for Heap_Mem
    startup_stm32f103xb.o(.text) refers to startup_stm32f103xb.o(STACK) for Stack_Mem
    main.o(i.Error_Handler) refers to stm32f1xx_hal_gpio.o(i.HAL_GPIO_WritePin) for HAL_GPIO_WritePin
    main.o(i.USER_UART_IRQHandler) refers to data_process.o(i.USER_UART_IDLECallback) for USER_UART_IDLECallback
    main.o(i.USER_UART_IRQHandler) refers to usart.o(.bss) for huart1
    main.o(i._Z18SystemClock_Configv) refers to rt_memclr_w.o(.text) for __aeabi_memclr4
    main.o(i._Z18SystemClock_Configv) refers to stm32f1xx_hal_rcc.o(i.HAL_RCC_OscConfig) for HAL_RCC_OscConfig
    main.o(i._Z18SystemClock_Configv) refers to main.o(i.Error_Handler) for Error_Handler
    main.o(i._Z18SystemClock_Configv) refers to stm32f1xx_hal_rcc.o(i.HAL_RCC_ClockConfig) for HAL_RCC_ClockConfig
    main.o(i.main) refers to stm32f1xx_hal.o(i.HAL_Init) for HAL_Init
    main.o(i.main) refers to main.o(i._Z18SystemClock_Configv) for SystemClock_Config()
    main.o(i.main) refers to gpio.o(i.MX_GPIO_Init) for MX_GPIO_Init
    main.o(i.main) refers to dma.o(i.MX_DMA_Init) for MX_DMA_Init
    main.o(i.main) refers to can.o(i.MX_CAN_Init) for MX_CAN_Init
    main.o(i.main) refers to usart.o(i.MX_USART1_UART_Init) for MX_USART1_UART_Init
    main.o(i.main) refers to usart.o(i.MX_USART3_UART_Init) for MX_USART3_UART_Init
    main.o(i.main) refers to main.o(i._ZN5Robot3getEv) for Robot::get()
    main.o(i.main) refers to robot.o(i._ZN5Robot4initEv) for Robot::init()
    main.o(i.main) refers to robot.o(i._ZN5Robot13roserial_loopEv) for Robot::roserial_loop()
    main.o(i.main) refers to stm32f1xx_hal.o(i.HAL_Delay) for HAL_Delay
    main.o(.ARM.exidx) refers to main.o(i.Error_Handler) for i.Error_Handler
    main.o(.ARM.exidx) refers to main.o(i._Z18SystemClock_Configv) for i._Z18SystemClock_Configv
    main.o(.ARM.exidx) refers to main.o(i.main) for i.main
    main.o(.ARM.exidx) refers to main.o(i.USER_UART_IRQHandler) for i.USER_UART_IRQHandler
    gpio.o(i.MX_GPIO_Init) refers to stm32f1xx_hal_gpio.o(i.HAL_GPIO_WritePin) for HAL_GPIO_WritePin
    gpio.o(i.MX_GPIO_Init) refers to stm32f1xx_hal_gpio.o(i.HAL_GPIO_Init) for HAL_GPIO_Init
    gpio.o(.ARM.exidx) refers to gpio.o(i.MX_GPIO_Init) for i.MX_GPIO_Init
[...]
    [local to stm32f1xx_hal_uart_c]::UART_WaitOnFlagUntilTimeout(__UART_HandleTypeDef*, unsigned, FlagStatus, unsigned, unsigned) 0x0800372b   Thumb Code   108  stm32f1xx_hal_uart.o(i._ZN42_INTERNAL_20_stm32f1xx_hal_uart_c_d497114f27UART_WaitOnFlagUntilTimeoutEP20__UART_HandleTypeDefj10FlagStatusjj)
    i._ZN44_INTERNAL_22_stm32f1xx_hal_cortex_c_2992dbc018__NVIC_SetPriorityE9IRQn_Typej 0x08003798   Section        0  stm32f1xx_hal_cortex.o(i._ZN44_INTERNAL_22_stm32f1xx_hal_cortex_c_2992dbc018__NVIC_SetPriorityE9IRQn_Typej)
    [local to stm32f1xx_hal_cortex_c]::__NVIC_SetPriority(IRQn_Type, unsigned) 0x08003799   Thumb Code    32  stm32f1xx_hal_cortex.o(i._ZN44_INTERNAL_22_stm32f1xx_hal_cortex_c_2992dbc018__NVIC_SetPriorityE9IRQn_Typej)
    i._ZN44_INTERNAL_22_stm32f1xx_hal_cortex_c_2992dbc026__NVIC_GetPriorityGroupingEv 0x080037c0   Section        0  stm32f1xx_hal_cortex.o(i._ZN44_INTERNAL_22_stm32f1xx_hal_cortex_c_2992dbc026__NVIC_GetPriorityGroupingEv)
    [local to stm32f1xx_hal_cortex_c]::__NVIC_GetPriorityGrouping() 0x080037c1   Thumb Code    10  stm32f1xx_hal_cortex.o(i._ZN44_INTERNAL_22_stm32f1xx_hal_cortex_c_2992dbc026__NVIC_GetPriorityGroupingEv)
    i._ZN5Robot10clear_odomEv                0x080037d0   Section        0  robot.o(i._ZN5Robot10clear_odomEv)
    i._ZN5Robot13roserial_loopEv             0x0800385e   Section        0  robot.o(i._ZN5Robot13roserial_loopEv)
    i._ZN5Robot16protocol_processEv          0x08003876   Section        0  robot.o(i._ZN5Robot16protocol_processEv)
    i._ZN5Robot16velocity_controlEv          0x08003920   Section        0  robot.o(i._ZN5Robot16velocity_controlEv)
    i._ZN5Robot21control_timeout_checkEv     0x08003c70   Section        0  robot.o(i._ZN5Robot21control_timeout_checkEv)
    i._ZN5Robot3getEv                        0x08003cbc   Section        0  main.o(i._ZN5Robot3getEv)
    i._ZN5Robot4initEv                       0x08003ce8   Section        0  robot.o(i._ZN5Robot4initEv)
    i._ZN5Robot8get_odomEP4OdomPfm           0x08003ea0   Section        0  robot.o(i._ZN5Robot8get_odomEP4OdomPfm)
    i._ZN5Robot9calc_odomEv                  0x0800401c   Section        0  robot.o(i._ZN5Robot9calc_odomEv)
    i._ZN5RobotC1Ev                          0x0800429c   Section        0  robot.o(i._ZN5RobotC1Ev)
    i._ZSt3cosf                              0x0800429e   Section        0  robot.o(i._ZSt3cosf)
    i._ZSt3sinf                              0x080042aa   Section        0  robot.o(i._ZSt3sinf)
    i.__ARM_fpclassifyf                      0x080042b6   Section        0  fpclassifyf.o(i.__ARM_fpclassifyf)
    i.__cxa_guard_acquire                    0x080042dc   Section        0  cxa_guard_acquire.o(i.__cxa_guard_acquire)
    i.__mathlib_flt_infnan                   0x080042ec   Section        0  funder.o(i.__mathlib_flt_infnan)
    i.__mathlib_flt_invalid                  0x080042f2   Section        0  funder.o(i.__mathlib_flt_invalid)
    i.__mathlib_flt_underflow                0x080042fa   Section        0  funder.o(i.__mathlib_flt_underflow)
    i.__mathlib_rredf2                       0x08004304   Section        0  rredf.o(i.__mathlib_rredf2)
    i.cosf                                   0x0800446c   Section        0  cosf.o(i.cosf)
    i.getCurrentMicros                       0x080045e8   Section        0  timer.o(i.getCurrentMicros)
    i.main                                   0x0800463a   Section        0  main.o(i.main)
    i.sinf                                   0x08004674   Section        0  sinf.o(i.sinf)
    x$fpl$d2f                                0x080047fc   Section       98  d2f.o(x$fpl$d2f)
    x$fpl$dadd                               0x08004860   Section      336  daddsub_clz.o(x$fpl$dadd)
    _dadd1                                   0x08004871   Thumb Code     0  daddsub_clz.o(x$fpl$dadd)
    x$fpl$ddiv                               0x080049b0   Section      688  ddiv.o(x$fpl$ddiv)
    ddiv_entry                               0x080049b7   Thumb Code     0  ddiv.o(x$fpl$ddiv)
    x$fpl$dfix                               0x08004c60   Section       94  dfix.o(x$fpl$dfix)
    x$fpl$dflt                               0x08004cbe   Section       46  dflt_clz.o(x$fpl$dflt)
    x$fpl$dfltu                              0x08004cec   Section       38  dflt_clz.o(x$fpl$dfltu)
    x$fpl$dmul                               0x08004d14   Section      340  dmul.o(x$fpl$dmul)
    x$fpl$dnaninf                            0x08004e68   Section      156  dnaninf.o(x$fpl$dnaninf)
    x$fpl$dretinf                            0x08004f04   Section       12  dretinf.o(x$fpl$dretinf)
    x$fpl$drsb                               0x08004f10   Section       22  daddsub_clz.o(x$fpl$drsb)
    x$fpl$dsub                               0x08004f28   Section      468  daddsub_clz.o(x$fpl$dsub)
    _dsub1                                   0x08004f39   Thumb Code     0  daddsub_clz.o(x$fpl$dsub)
    x$fpl$f2d                                0x080050fc   Section       86  f2d.o(x$fpl$f2d)
    x$fpl$fadd                               0x08005154   Section      196  faddsub_clz.o(x$fpl$fadd)
    _fadd1                                   0x08005163   Thumb Code     0  faddsub_clz.o(x$fpl$fadd)
    x$fpl$fcheck1                            0x08005218   Section       12  fcheck1.o(x$fpl$fcheck1)
    x$fpl$fcmpinf                            0x08005224   Section       24  fcmpi.o(x$fpl$fcmpinf)
    x$fpl$fdiv                               0x0800523c   Section      388  fdiv.o(x$fpl$fdiv)
    _fdiv1                                   0x0800523d   Thumb Code     0  fdiv.o(x$fpl$fdiv)
    x$fpl$feqf                               0x080053c0   Section      104  feqf.o(x$fpl$feqf)
    x$fpl$ffix                               0x08005428   Section       54  ffix.o(x$fpl$ffix)
    x$fpl$fflt                               0x08005460   Section       48  fflt_clz.o(x$fpl$fflt)
    x$fpl$ffltu                              0x08005490   Section       38  fflt_clz.o(x$fpl$ffltu)
    x$fpl$fmul                               0x080054b8   Section      258  fmul.o(x$fpl$fmul)
    x$fpl$fnaninf                            0x080055ba   Section      140  fnaninf.o(x$fpl$fnaninf)
    x$fpl$fretinf                            0x08005646   Section       10  fretinf.o(x$fpl$fretinf)
    x$fpl$frnd                               0x08005650   Section       96  frnd.o(x$fpl$frnd)
    x$fpl$frsb                               0x080056b0   Section       20  faddsub_clz.o(x$fpl$frsb)
    x$fpl$fsub                               0x080056c4   Section      234  faddsub_clz.o(x$fpl$fsub)
    _fsub1                                   0x080056d3   Thumb Code     0  faddsub_clz.o(x$fpl$fsub)
    x$fpl$retnan                             0x080057ae   Section      100  retnan.o(x$fpl$retnan)
    x$fpl$scalbnf                            0x08005812   Section       76  scalbnf.o(x$fpl$scalbnf)
    x$fpl$trapveneer                         0x0800585e   Section       48  trapv.o(x$fpl$trapveneer)
    .constdata                               0x0800588e   Section       24  system_stm32f1xx.o(.constdata)
    x$fpl$usenofp                            0x0800588e   Section        0  usenofp.o(x$fpl$usenofp)
    .constdata                               0x080058a6   Section       24  canopen_process.o(.constdata)
    RW_OBJ_MODES_OF_PROTOCOL                 0x080058a6   Data           4  canopen_process.o(.constdata)
    RW_OBJ_CTRL_WORD_REGISTER                0x080058aa   Data           4  canopen_process.o(.constdata)
    RW_OBJ_MODES_OF_OPERATION                0x080058ae   Data           4  canopen_process.o(.constdata)
    RW_OBJ_PROFILE_ACCELERATION              0x080058b2   Data           4  canopen_process.o(.constdata)
    RW_OBJ_PROFILE_DECELERATION              0x080058b6   Data           4  canopen_process.o(.constdata)
    RO_OBJ_TARGET_VELOCITY                   0x080058ba   Data           4  canopen_process.o(.constdata)
    .constdata                               0x080058c0   Section       32  rredf.o(.constdata)
    twooverpi                                0x080058c0   Data          32  rredf.o(.constdata)
    .data                                    0x20000000   Section        9  stm32f1xx_hal.o(.data)
    .data                                    0x2000000c   Section        4  system_stm32f1xx.o(.data)
    .data                                    0x20000010   Section       16  robot.o(.data)
    .data__ZZN11Data_holder3getEvE2dh        0x20000020   Section        4  data_process.o(.data__ZZN11Data_holder3getEvE2dh)
    Data_holder::get()::dh                   0x20000020   Number         0  data_process.o(.data__ZZN11Data_holder3getEvE2dh)
    .data__ZZN5Robot3getEvE2dh               0x20000024   Section       12  main.o(.data__ZZN5Robot3getEvE2dh)
    Robot::get()::dh                         0x20000024   Number         0  main.o(.data__ZZN5Robot3getEvE2dh)
    .bss                                     0x20000030   Section       40  can.o(.bss)
    .bss                                     0x20000058   Section      408  usart.o(.bss)
    .bss                                     0x200001f0   Section       24  robot.o(.bss)
    .bss                                     0x20000208   Section       96  libspace.o(.bss)
    .bss__ZZN11Data_holder3getEvE2dh         0x20000268   Section      580  data_process.o(.bss__ZZN11Data_holder3getEvE2dh)
    HEAP                                     0x200004b0   Section      512  startup_stm32f103xb.o(HEAP)
    Heap_Mem                                 0x200004b0   Data         512  startup_stm32f103xb.o(HEAP)
    STACK                                    0x200006b0   Section     1024  startup_stm32f103xb.o(STACK)
    Stack_Mem                                0x200006b0   Data        1024  startup_stm32f103xb.o(STACK)
    __initial_sp                             0x20000ab0   Data           0  startup_stm32f103xb.o(STACK)

    Global Symbols

    Symbol Name                              Value     Ov Type        Size  Object(Section)

    BuildAttributes$$THM_ISAv4$P$D$K$B$S$PE$A:L22UL41UL21$X:L11$S22US41US21$IEEE1$IW$USESV6$~STKCKD$USESV7$~SHL$OTIME$ROPI$IEEEX$EBA8$UX$STANDARDLIB$REQ8$PRES8$EABIv2 0x00000000   Number         0  anon$$obj.o ABSOLUTE
    __ARM_use_no_argv                        0x00000000   Number         0  main.o ABSOLUTE
    __ARM_exceptions_init                     - Undefined Weak Reference
    __alloca_initialize                       - Undefined Weak Reference
    __arm_fini_                               - Undefined Weak Reference
    __arm_preinit_                            - Undefined Weak Reference
    __cpp_initialize__aeabi_                  - Undefined Weak Reference
    __cxa_finalize                            - Undefined Weak Reference
    __rt_locale                               - Undefined Weak Reference
    __sigvec_lookup                           - Undefined Weak Reference
    __user_heap_extent                        - Undefined Weak Reference
    _atexit_init                              - Undefined Weak Reference
    _call_atexit_fns                          - Undefined Weak Reference
    _clock_init                               - Undefined Weak Reference
    _fp_trap_init                             - Undefined Weak Reference
    _fp_trap_shutdown                         - Undefined Weak Reference
    _get_lc_collate                           - Undefined Weak Reference
    _get_lc_ctype                             - Undefined Weak Reference
    _get_lc_monetary                          - Undefined Weak Reference
    _get_lc_numeric                           - Undefined Weak Reference
    _get_lc_time                              - Undefined Weak Reference
    _getenv_init                              - Undefined Weak Reference
    _handle_redirection                       - Undefined Weak Reference
    _initio                                   - Undefined Weak Reference
    _mutex_acquire                            - Undefined Weak Reference
    _mutex_free                               - Undefined Weak Reference
    _mutex_release                            - Undefined Weak Reference
    _printf_mbtowc                            - Undefined Weak Reference
    _printf_post_padding                      - Undefined Weak Reference
    _printf_pre_padding                       - Undefined Weak Reference
    _printf_truncate_signed                   - Undefined Weak Reference
    _printf_truncate_unsigned                 - Undefined Weak Reference
    _rand_init                                - Undefined Weak Reference
    _signal_finish                            - Undefined Weak Reference
    _signal_init                              - Undefined Weak Reference
    _terminateio                              - Undefined Weak Reference
    __Vectors_Size                           0x000000ec   Number         0  startup_stm32f103xb.o ABSOLUTE
    __Vectors                                0x08000000   Data           4  startup_stm32f103xb.o(RESET)
    __Vectors_End                            0x080000ec   Data           0  startup_stm32f103xb.o(RESET)
    __main                                   0x080000ed   Thumb Code     8  __main.o(!!!main)
    __scatterload                            0x080000f5   Thumb Code     0  __scatter.o(!!!scatter)
    __scatterload_rt2                        0x080000f5   Thumb Code    44  __scatter.o(!!!scatter)
    __scatterload_rt2_thumb_only             0x080000f5   Thumb Code     0  __scatter.o(!!!scatter)
    __scatterload_null                       0x08000103   Thumb Code     0  __scatter.o(!!!scatter)
    __scatterload_copy                       0x08000129   Thumb Code    26  __scatter_copy.o(!!handler_copy)
    __scatterload_zeroinit                   0x08000145   Thumb Code    28  __scatter_zi.o(!!handler_zi)
    _printf_d                                0x08000161   Thumb Code     0  _printf_d.o(.ARM.Collect$$_printf_percent$$00000009)
    _printf_percent                          0x08000161   Thumb Code     0  _printf_percent.o(.ARM.Collect$$_printf_percent$$00000000)
    _printf_s                                0x08000167   Thumb Code     0  _printf_s.o(.ARM.Collect$$_printf_percent$$00000014)
    _printf_percent_end                      0x0800016d   Thumb Code     0  _printf_percent_end.o(.ARM.Collect$$_printf_percent$$00000017)
    __rt_lib_init                            0x08000171   Thumb Code     0  libinit.o(.ARM.Collect$$libinit$$00000000)
    __rt_lib_init_fp_1                       0x08000173   Thumb Code     0  libinit2.o(.ARM.Collect$$libinit$$00000002)
    __rt_lib_init_heap_2                     0x08000173   Thumb Code     0  libinit2.o(.ARM.Collect$$libinit$$00000005)
    __rt_lib_init_preinit_1                  0x08000173   Thumb Code     0  libinit2.o(.ARM.Collect$$libinit$$00000004)
    __rt_lib_init_alloca_1                   0x0800017b   Thumb Code     0  libinit2.o(.ARM.Collect$$libinit$$0000002E)
    __rt_lib_init_argv_1                     0x0800017b   Thumb Code     0  libinit2.o(.ARM.Collect$$libinit$$0000002C)
    __rt_lib_init_atexit_1                   0x0800017b   Thumb Code     0  libinit2.o(.ARM.Collect$$libinit$$0000001B)
    __rt_lib_init_clock_1                    0x0800017b   Thumb Code     0  libinit2.o(.ARM.Collect$$libinit$$00000021)
    __rt_lib_init_cpp_1                      0x0800017b   Thumb Code     0  libinit2.o(.ARM.Collect$$libinit$$00000032)
    __rt_lib_init_exceptions_1               0x0800017b   Thumb Code     0  libinit2.o(.ARM.Collect$$libinit$$00000030)
    __rt_lib_init_fp_trap_1                  0x0800017b   Thumb Code     0  libinit2.o(.ARM.Collect$$libinit$$0000001F)
    __rt_lib_init_getenv_1                   0x0800017b   Thumb Code     0  libinit2.o(.ARM.Collect$$libinit$$00000023)
    __rt_lib_init_heap_1                     0x0800017b   Thumb Code     0  libinit2.o(.ARM.Collect$$libinit$$0000000A)
    __rt_lib_init_lc_collate_1               0x0800017b   Thumb Code     0  libinit2.o(.ARM.Collect$$libinit$$00000011)
    __rt_lib_init_lc_ctype_1                 0x0800017b   Thumb Code     0  libinit2.o(.ARM.Collect$$libinit$$00000013)
    __rt_lib_init_lc_monetary_1              0x0800017b   Thumb Code     0  libinit2.o(.ARM.Collect$$libinit$$00000015)
    __rt_lib_init_lc_numeric_1               0x0800017b   Thumb Code     0  libinit2.o(.ARM.Collect$$libinit$$00000017)
    __rt_lib_init_lc_time_1                  0x0800017b   Thumb Code     0  libinit2.o(.ARM.Collect$$libinit$$00000019)
    __rt_lib_init_rand_1                     0x0800017b   Thumb Code     0  libinit2.o(.ARM.Collect$$libinit$$0000000E)
    __rt_lib_init_return                     0x0800017b   Thumb Code     0  libinit2.o(.ARM.Collect$$libinit$$00000033)
    __rt_lib_init_signal_1                   0x0800017b   Thumb Code     0  libinit2.o(.ARM.Collect$$libinit$$0000001D)
    __rt_lib_init_stdio_1                    0x0800017b   Thumb Code     0  libinit2.o(.ARM.Collect$$libinit$$00000025)
    __rt_lib_init_user_alloc_1               0x0800017b   Thumb Code     0  libinit2.o(.ARM.Collect$$libinit$$0000000C)
    __rt_lib_shutdown                        0x0800017d   Thumb Code     0  libshutdown.o(.ARM.Collect$$libshutdown$$00000000)
    __rt_lib_shutdown_cpp_1                  0x0800017f   Thumb Code     0  libshutdown2.o(.ARM.Collect$$libshutdown$$00000004)
    __rt_lib_shutdown_fini_1                 0x0800017f   Thumb Code     0  libshutdown2.o(.ARM.Collect$$libshutdown$$00000002)
    __rt_lib_shutdown_fp_trap_1              0x0800017f   Thumb Code     0  libshutdown2.o(.ARM.Collect$$libshutdown$$00000009)
    __rt_lib_shutdown_heap_1                 0x0800017f   Thumb Code     0  libshutdown2.o(.ARM.Collect$$libshutdown$$00000011)
    __rt_lib_shutdown_return                 0x0800017f   Thumb Code     0  libshutdown2.o(.ARM.Collect$$libshutdown$$00000012)
    __rt_lib_shutdown_signal_1               0x0800017f   Thumb Code     0  libshutdown2.o(.ARM.Collect$$libshutdown$$0000000C)
    __rt_lib_shutdown_stdio_1                0x0800017f   Thumb Code     0  libshutdown2.o(.ARM.Collect$$libshutdown$$00000006)
    __rt_lib_shutdown_user_alloc_1           0x0800017f   Thumb Code     0  libshutdown2.o(.ARM.Collect$$libshutdown$$0000000E)
    __rt_entry                               0x08000181   Thumb Code     0  __rtentry.o(.ARM.Collect$$rtentry$$00000000)
    __rt_entry_presh_1                       0x08000181   Thumb Code     0  __rtentry2.o(.ARM.Collect$$rtentry$$00000002)
    __rt_entry_sh                            0x08000181   Thumb Code     0  __rtentry4.o(.ARM.Collect$$rtentry$$00000004)
    __rt_entry_li                            0x08000187   Thumb Code     0  __rtentry2.o(.ARM.Collect$$rtentry$$0000000A)
    __rt_entry_postsh_1                      0x08000187   Thumb Code     0  __rtentry2.o(.ARM.Collect$$rtentry$$00000009)
    __rt_entry_main                          0x0800018b   Thumb Code     0  __rtentry2.o(.ARM.Collect$$rtentry$$0000000D)
    __rt_entry_postli_1                      0x0800018b   Thumb Code     0  __rtentry2.o(.ARM.Collect$$rtentry$$0000000C)
    __rt_exit                                0x08000193   Thumb Code     0  rtexit.o(.ARM.Collect$$rtexit$$00000000)
    __rt_exit_ls                             0x08000195   Thumb Code     0  rtexit2.o(.ARM.Collect$$rtexit$$00000003)
    __rt_exit_prels_1                        0x08000195   Thumb Code     0  rtexit2.o(.ARM.Collect$$rtexit$$00000002)
    __rt_exit_exit                           0x08000199   Thumb Code     0  rtexit2.o(.ARM.Collect$$rtexit$$00000004)
    Reset_Handler                            0x080001a1   Thumb Code     8  startup_stm32f103xb.o(.text)
    _maybe_terminate_alloc                   0x080001a1   Thumb Code     0  maybetermalloc1.o(.emb_text)
    ADC1_2_IRQHandler                        0x080001bb   Thumb Code     0  startup_stm32f103xb.o(.text)
    CAN1_RX1_IRQHandler                      0x080001bb   Thumb Code     0  startup_stm32f103xb.o(.text)
    CAN1_SCE_IRQHandler                      0x080001bb   Thumb Code     0  startup_stm32f103xb.o(.text)
    DMA1_Channel1_IRQHandler                 0x080001bb   Thumb Code     0  startup_stm32f103xb.o(.text)
    DMA1_Channel6_IRQHandler                 0x080001bb   Thumb Code     0  startup_stm32f103xb.o(.text)
    DMA1_Channel7_IRQHandler                 0x080001bb   Thumb Code     0  startup_stm32f103xb.o(.text)
    EXTI0_IRQHandler                         0x080001bb   Thumb Code     0  startup_stm32f103xb.o(.text)
    EXTI15_10_IRQHandler                     0x080001bb   Thumb Code     0  startup_stm32f103xb.o(.text)
    EXTI1_IRQHandler                         0x080001bb   Thumb Code     0  startup_stm32f103xb.o(.text)
    EXTI2_IRQHandler                         0x080001bb   Thumb Code     0  startup_stm32f103xb.o(.text)
    EXTI3_IRQHandler                         0x080001bb   Thumb Code     0  startup_stm32f103xb.o(.text)
    EXTI4_IRQHandler                         0x080001bb   Thumb Code     0  startup_stm32f103xb.o(.text)
    EXTI9_5_IRQHandler                       0x080001bb   Thumb Code     0  startup_stm32f103xb.o(.text)
    FLASH_IRQHandler                         0x080001bb   Thumb Code     0  startup_stm32f103xb.o(.text)
    I2C1_ER_IRQHandler                       0x080001bb   Thumb Code     0  startup_stm32f103xb.o(.text)
    I2C1_EV_IRQHandler                       0x080001bb   Thumb Code     0  startup_stm32f103xb.o(.text)
    I2C2_ER_IRQHandler                       0x080001bb   Thumb Code     0  startup_stm32f103xb.o(.text)
    I2C2_EV_IRQHandler                       0x080001bb   Thumb Code     0  startup_stm32f103xb.o(.text)
    PVD_IRQHandler                           0x080001bb   Thumb Code     0  startup_stm32f103xb.o(.text)
    RCC_IRQHandler                           0x080001bb   Thumb Code     0  startup_stm32f103xb.o(.text)
    RTC_Alarm_IRQHandler                     0x080001bb   Thumb Code     0  startup_stm32f103xb.o(.text)
    RTC_IRQHandler                           0x080001bb   Thumb Code     0  startup_stm32f103xb.o(.text)
    SPI1_IRQHandler                          0x080001bb   Thumb Code     0  startup_stm32f103xb.o(.text)
    SPI2_IRQHandler                          0x080001bb   Thumb Code     0  startup_stm32f103xb.o(.text)
    TAMPER_IRQHandler                        0x080001bb   Thumb Code     0  startup_stm32f103xb.o(.text)
    TIM1_BRK_IRQHandler                      0x080001bb   Thumb Code     0  startup_stm32f103xb.o(.text)
    TIM1_CC_IRQHandler                       0x080001bb   Thumb Code     0  startup_stm32f103xb.o(.text)
    TIM1_TRG_COM_IRQHandler                  0x080001bb   Thumb Code     0  startup_stm32f103xb.o(.text)
    TIM1_UP_IRQHandler                       0x080001bb   Thumb Code     0  startup_stm32f103xb.o(.text)
    TIM2_IRQHandler                          0x080001bb   Thumb Code     0  startup_stm32f103xb.o(.text)
    TIM3_IRQHandler                          0x080001bb   Thumb Code     0  startup_stm32f103xb.o(.text)
    TIM4_IRQHandler                          0x080001bb   Thumb Code     0  startup_stm32f103xb.o(.text)
    USART2_IRQHandler                        0x080001bb   Thumb Code     0  startup_stm32f103xb.o(.text)
    USBWakeUp_IRQHandler                     0x080001bb   Thumb Code     0  startup_stm32f103xb.o(.text)
    WWDG_IRQHandler                          0x080001bb   Thumb Code     0  startup_stm32f103xb.o(.text)
    __user_initial_stackheap                 0x080001bd   Thumb Code     0  startup_stm32f103xb.o(.text)
    malloc                                   0x080001e1   Thumb Code    94  h1_alloc.o(.text)
    free                                     0x0800023f   Thumb Code    78  h1_free.o(.text)
    __2sprintf                               0x0800028d   Thumb Code    34  noretval__2sprintf.o(.text)
    __printf                                 0x080002b5   Thumb Code   104  __printf.o(.text)
    _printf_str                              0x0800031d   Thumb Code    82  _printf_str.o(.text)
    _printf_int_dec                          0x08000371   Thumb Code   104  _printf_dec.o(.text)
    __aeabi_memcpy                           0x080003e9   Thumb Code     0  rt_memcpy_v6.o(.text)
    __rt_memcpy                              0x080003e9   Thumb Code   138  rt_memcpy_v6.o(.text)
    _memcpy_lastbytes                        0x0800044f   Thumb Code     0  rt_memcpy_v6.o(.text)
    __aeabi_memcpy4                          0x08000473   Thumb Code     0  rt_memcpy_w.o(.text)
    __aeabi_memcpy8                          0x08000473   Thumb Code     0  rt_memcpy_w.o(.text)
    __rt_memcpy_w                            0x08000473   Thumb Code   100  rt_memcpy_w.o(.text)
    _memcpy_lastbytes_aligned                0x080004bb   Thumb Code     0  rt_memcpy_w.o(.text)
    __aeabi_memclr                           0x080004d7   Thumb Code     0  rt_memclr.o(.text)
    __rt_memclr                              0x080004d7   Thumb Code    68  rt_memclr.o(.text)
    _memset                                  0x080004db   Thumb Code     0  rt_memclr.o(.text)
    __aeabi_memclr4                          0x0800051b   Thumb Code     0  rt_memclr_w.o(.text)
    __aeabi_memclr8                          0x0800051b   Thumb Code     0  rt_memclr_w.o(.text)
    __rt_memclr_w                            0x0800051b   Thumb Code    78  rt_memclr_w.o(.text)
    _memset_w                                0x0800051f   Thumb Code     0  rt_memclr_w.o(.text)
    strncpy                                  0x08000569   Thumb Code    86  strncpy.o(.text)
    __use_two_region_memory                  0x080005bf   Thumb Code     2  heapauxi.o(.text)
    __rt_heap_escrow                         0x080005c1   Thumb Code     2  heapauxi.o(.text)
    __rt_heap_expand                         0x080005c3   Thumb Code     2  heapauxi.o(.text)
    __rt_heap_descriptor                     0x080005c5   Thumb Code     8  rt_heap_descriptor_intlibspace.o(.text)
    __use_no_heap                            0x080005cd   Thumb Code     2  hguard.o(.text)
    __heap$guard                             0x080005cf   Thumb Code     2  hguard.o(.text)
    _terminate_user_alloc                    0x080005d1   Thumb Code     2  init_alloc.o(.text)
    _init_user_alloc                         0x080005d3   Thumb Code     2  init_alloc.o(.text)
    __Heap_Full                              0x080005d5   Thumb Code    34  init_alloc.o(.text)
    __Heap_Broken                            0x080005f7   Thumb Code     6  init_alloc.o(.text)
    _init_alloc                              0x080005fd   Thumb Code    94  init_alloc.o(.text)
    __Heap_Initialize                        0x0800065b   Thumb Code    10  h1_init.o(.text)
    __Heap_DescSize                          0x08000665   Thumb Code     4  h1_init.o(.text)
    __read_errno                             0x08000669   Thumb Code    10  _rserrno.o(.text)
    __set_errno                              0x08000673   Thumb Code    12  _rserrno.o(.text)
    _printf_int_common                       0x0800067f   Thumb Code   178  _printf_intcommon.o(.text)
    _printf_char_common                      0x0800073b   Thumb Code    32  _printf_char_common.o(.text)
    _sputc                                   0x08000761   Thumb Code    10  _sputc.o(.text)
    _printf_cs_common                        0x0800076b   Thumb Code    20  _printf_char.o(.text)
    _printf_char                             0x0800077f   Thumb Code    16  _printf_char.o(.text)
    _printf_string                           0x0800078f   Thumb Code     8  _printf_char.o(.text)
    __user_libspace                          0x08000799   Thumb Code     8  libspace.o(.text)
    __user_perproc_libspace                  0x08000799   Thumb Code     0  libspace.o(.text)
    __user_perthread_libspace                0x08000799   Thumb Code     0  libspace.o(.text)
    __aeabi_errno_addr                       0x080007a1   Thumb Code     8  rt_errno_addr_intlibspace.o(.text)
    __errno$intlibspace                      0x080007a1   Thumb Code     0  rt_errno_addr_intlibspace.o(.text)
    __rt_errno_addr$intlibspace              0x080007a1   Thumb Code     0  rt_errno_addr_intlibspace.o(.text)
    __Heap_ProvideMemory                     0x080007a9   Thumb Code    52  h1_extend.o(.text)
    __rt_SIGRTMEM                            0x080007dd   Thumb Code    14  defsig_rtmem_outer.o(.text)
    __I$use$semihosting                      0x080007eb   Thumb Code     0  use_no_semi.o(.text)
    __use_no_semihosting_swi                 0x080007eb   Thumb Code     2  use_no_semi.o(.text)
    __semihosting_library_function           0x080007ed   Thumb Code     0  indicate_semi.o(.text)
    __user_setup_stackheap                   0x080007ed   Thumb Code    74  sys_stackheap_outer.o(.text)
    exit                                     0x08000837   Thumb Code    18  exit.o(.text)
    __sig_exit                               0x08000849   Thumb Code    10  defsig_exit.o(.text)
    __rt_SIGRTMEM_inner                      0x08000855   Thumb Code    22  defsig_rtmem_inner.o(.text)
    _sys_exit                                0x080008a5   Thumb Code     8  sys_exit.o(.text)
    __default_signal_display                 0x080008b1   Thumb Code    50  defsig_general.o(.text)
    _ttywrch                                 0x080008e3   Thumb Code    14  sys_wrch.o(.text)
    BusFault_Handler                         0x080008f1   Thumb Code     4  stm32f1xx_it.o(i.BusFault_Handler)
    CAN_Filter_Init                          0x080008f5   Thumb Code    92  canopen_process.o(i.CAN_Filter_Init)
    CRC_Calculate                            0x08000951   Thumb Code    24  data_process.o(i.CRC_Calculate)
    CanOpen_AccelerationSpeed_Set            0x08000969   Thumb Code   134  canopen_process.o(i.CanOpen_AccelerationSpeed_Set)
    CanOpen_ControlWord_Set                  0x080009f9   Thumb Code   122  canopen_process.o(i.CanOpen_ControlWord_Set)
    CanOpen_DecelerationSpeed_Set            0x08000a7d   Thumb Code   134  canopen_process.o(i.CanOpen_DecelerationSpeed_Set)
    CanOpen_NMT_Set                          0x08000b0d   Thumb Code    66  canopen_process.o(i.CanOpen_NMT_Set)
    CanOpen_OperationMode_Set                0x08000b55   Thumb Code   122  canopen_process.o(i.CanOpen_OperationMode_Set)
    CanOpen_ProcotolMode_Set                 0x08000bd9   Thumb Code   122  canopen_process.o(i.CanOpen_ProcotolMode_Set)
    CanOpen_ProfileVelocity_Set              0x08000c5d   Thumb Code   134  canopen_process.o(i.CanOpen_ProfileVelocity_Set)
    DMA1_Channel2_IRQHandler                 0x08000ced   Thumb Code    10  stm32f1xx_it.o(i.DMA1_Channel2_IRQHandler)
    DMA1_Channel3_IRQHandler                 0x08000cfd   Thumb Code    10  stm32f1xx_it.o(i.DMA1_Channel3_IRQHandler)
    DMA1_Channel4_IRQHandler                 0x08000d0d   Thumb Code    10  stm32f1xx_it.o(i.DMA1_Channel4_IRQHandler)
    DMA1_Channel5_IRQHandler                 0x08000d1d   Thumb Code    10  stm32f1xx_it.o(i.DMA1_Channel5_IRQHandler)
    DebugMon_Handler                         0x08000d2d   Thumb Code     2  stm32f1xx_it.o(i.DebugMon_Handler)
    Error_Handler                            0x08000d31   Thumb Code    26  main.o(i.Error_Handler)
    HAL_CAN_ActivateNotification             0x08000d51   Thumb Code    42  stm32f1xx_hal_can.o(i.HAL_CAN_ActivateNotification)
    HAL_CAN_AddTxMessage                     0x08000d7b   Thumb Code   342  stm32f1xx_hal_can.o(i.HAL_CAN_AddTxMessage)
    HAL_CAN_ConfigFilter                     0x08000ed1   Thumb Code   266  stm32f1xx_hal_can.o(i.HAL_CAN_ConfigFilter)
    HAL_CAN_ErrorCallback                    0x08000fdb   Thumb Code     2  stm32f1xx_hal_can.o(i.HAL_CAN_ErrorCallback)
    HAL_CAN_GetRxMessage                     0x08000fdd   Thumb Code   378  stm32f1xx_hal_can.o(i.HAL_CAN_GetRxMessage)
    HAL_CAN_GetTxMailboxesFreeLevel          0x08001157   Thumb Code    54  stm32f1xx_hal_can.o(i.HAL_CAN_GetTxMailboxesFreeLevel)
    HAL_CAN_IRQHandler                       0x0800118d   Thumb Code   590  stm32f1xx_hal_can.o(i.HAL_CAN_IRQHandler)
    HAL_CAN_Init                             0x080013db   Thumb Code   372  stm32f1xx_hal_can.o(i.HAL_CAN_Init)
    HAL_CAN_MspInit                          0x08001551   Thumb Code   176  can.o(i.HAL_CAN_MspInit)
    HAL_CAN_RxFifo0FullCallback              0x08001611   Thumb Code     2  stm32f1xx_hal_can.o(i.HAL_CAN_RxFifo0FullCallback)
    HAL_CAN_RxFifo0MsgPendingCallback        0x08001615   Thumb Code   126  canopen_process.o(i.HAL_CAN_RxFifo0MsgPendingCallback)
    HAL_CAN_RxFifo1FullCallback              0x08001699   Thumb Code     2  stm32f1xx_hal_can.o(i.HAL_CAN_RxFifo1FullCallback)
    HAL_CAN_RxFifo1MsgPendingCallback        0x0800169b   Thumb Code     2  stm32f1xx_hal_can.o(i.HAL_CAN_RxFifo1MsgPendingCallback)
    HAL_CAN_SleepCallback                    0x0800169d   Thumb Code     2  stm32f1xx_hal_can.o(i.HAL_CAN_SleepCallback)
    HAL_CAN_Start                            0x0800169f   Thumb Code    94  stm32f1xx_hal_can.o(i.HAL_CAN_Start)
    HAL_CAN_TxMailbox0AbortCallback          0x080016fd   Thumb Code     2  stm32f1xx_hal_can.o(i.HAL_CAN_TxMailbox0AbortCallback)
    HAL_CAN_TxMailbox0CompleteCallback       0x080016ff   Thumb Code     2  stm32f1xx_hal_can.o(i.HAL_CAN_TxMailbox0CompleteCallback)
    HAL_CAN_TxMailbox1AbortCallback          0x08001701   Thumb Code     2  stm32f1xx_hal_can.o(i.HAL_CAN_TxMailbox1AbortCallback)
    HAL_CAN_TxMailbox1CompleteCallback       0x08001703   Thumb Code     2  stm32f1xx_hal_can.o(i.HAL_CAN_TxMailbox1CompleteCallback)
    HAL_CAN_TxMailbox2AbortCallback          0x08001705   Thumb Code     2  stm32f1xx_hal_can.o(i.HAL_CAN_TxMailbox2AbortCallback)
    HAL_CAN_TxMailbox2CompleteCallback       0x08001707   Thumb Code     2  stm32f1xx_hal_can.o(i.HAL_CAN_TxMailbox2CompleteCallback)
    HAL_CAN_WakeUpFromRxMsgCallback          0x08001709   Thumb Code     2  stm32f1xx_hal_can.o(i.HAL_CAN_WakeUpFromRxMsgCallback)
    HAL_DMA_Abort                            0x0800170b   Thumb Code    86  stm32f1xx_hal_dma.o(i.HAL_DMA_Abort)
    HAL_DMA_Abort_IT                         0x08001761   Thumb Code   172  stm32f1xx_hal_dma.o(i.HAL_DMA_Abort_IT)
    HAL_DMA_IRQHandler                       0x08001811   Thumb Code   408  stm32f1xx_hal_dma.o(i.HAL_DMA_IRQHandler)
    HAL_DMA_Init                             0x080019ad   Thumb Code   100  stm32f1xx_hal_dma.o(i.HAL_DMA_Init)
    HAL_DMA_Start_IT                         0x08001a15   Thumb Code   156  stm32f1xx_hal_dma.o(i.HAL_DMA_Start_IT)
    HAL_Delay                                0x08001ab1   Thumb Code    36  stm32f1xx_hal.o(i.HAL_Delay)
    HAL_GPIO_Init                            0x08001ad9   Thumb Code   766  stm32f1xx_hal_gpio.o(i.HAL_GPIO_Init)
    HAL_GPIO_TogglePin                       0x08001df9   Thumb Code    20  stm32f1xx_hal_gpio.o(i.HAL_GPIO_TogglePin)
    HAL_GPIO_WritePin                        0x08001e0d   Thumb Code    12  stm32f1xx_hal_gpio.o(i.HAL_GPIO_WritePin)
    HAL_GetTick                              0x08001e19   Thumb Code     6  stm32f1xx_hal.o(i.HAL_GetTick)
    HAL_IncTick                              0x08001e25   Thumb Code    16  stm32f1xx_hal.o(i.HAL_IncTick)
    HAL_Init                                 0x08001e3d   Thumb Code    34  stm32f1xx_hal.o(i.HAL_Init)
    HAL_InitTick                             0x08001e65   Thumb Code    64  stm32f1xx_hal.o(i.HAL_InitTick)
    HAL_MspInit                              0x08001eb1   Thumb Code    74  stm32f1xx_hal_msp.o(i.HAL_MspInit)
    HAL_NVIC_EnableIRQ                       0x08001f05   Thumb Code    32  stm32f1xx_hal_cortex.o(i.HAL_NVIC_EnableIRQ)
    HAL_NVIC_SetPriority                     0x08001f25   Thumb Code   124  stm32f1xx_hal_cortex.o(i.HAL_NVIC_SetPriority)
    HAL_NVIC_SetPriorityGrouping             0x08001fa1   Thumb Code    32  stm32f1xx_hal_cortex.o(i.HAL_NVIC_SetPriorityGrouping)
    HAL_RCC_ClockConfig                      0x08001fc9   Thumb Code   376  stm32f1xx_hal_rcc.o(i.HAL_RCC_ClockConfig)
    HAL_RCC_GetHCLKFreq                      0x08002155   Thumb Code     6  stm32f1xx_hal_rcc.o(i.HAL_RCC_GetHCLKFreq)
    HAL_RCC_GetPCLK1Freq                     0x08002161   Thumb Code    22  stm32f1xx_hal_rcc.o(i.HAL_RCC_GetPCLK1Freq)
    HAL_RCC_GetPCLK2Freq                     0x08002181   Thumb Code    22  stm32f1xx_hal_rcc.o(i.HAL_RCC_GetPCLK2Freq)
    HAL_RCC_GetSysClockFreq                  0x080021a1   Thumb Code   116  stm32f1xx_hal_rcc.o(i.HAL_RCC_GetSysClockFreq)
    HAL_RCC_OscConfig                        0x08002235   Thumb Code  1114  stm32f1xx_hal_rcc.o(i.HAL_RCC_OscConfig)
    HAL_SYSTICK_Config                       0x08002699   Thumb Code    52  stm32f1xx_hal_cortex.o(i.HAL_SYSTICK_Config)
    HAL_UARTEx_RxEventCallback               0x080026cd   Thumb Code     2  stm32f1xx_hal_uart.o(i.HAL_UARTEx_RxEventCallback)
    HAL_UART_DMAStop                         0x080026cf   Thumb Code   102  stm32f1xx_hal_uart.o(i.HAL_UART_DMAStop)
    HAL_UART_ErrorCallback                   0x08002735   Thumb Code     2  stm32f1xx_hal_uart.o(i.HAL_UART_ErrorCallback)
    HAL_UART_IRQHandler                      0x08002739   Thumb Code   582  stm32f1xx_hal_uart.o(i.HAL_UART_IRQHandler)
    HAL_UART_Init                            0x08002985   Thumb Code   114  stm32f1xx_hal_uart.o(i.HAL_UART_Init)
    HAL_UART_MspInit                         0x080029f9   Thumb Code   472  usart.o(i.HAL_UART_MspInit)
    HAL_UART_Receive_DMA                     0x08002bf9   Thumb Code    66  stm32f1xx_hal_uart.o(i.HAL_UART_Receive_DMA)
    HAL_UART_RxCpltCallback                  0x08002c3b   Thumb Code     2  stm32f1xx_hal_uart.o(i.HAL_UART_RxCpltCallback)
    HAL_UART_RxHalfCpltCallback              0x08002c3d   Thumb Code     2  stm32f1xx_hal_uart.o(i.HAL_UART_RxHalfCpltCallback)
    HAL_UART_Transmit                        0x08002c3f   Thumb Code   210  stm32f1xx_hal_uart.o(i.HAL_UART_Transmit)
    HAL_UART_TxCpltCallback                  0x08002d11   Thumb Code     2  stm32f1xx_hal_uart.o(i.HAL_UART_TxCpltCallback)
    HardFault_Handler                        0x08002d13   Thumb Code     4  stm32f1xx_it.o(i.HardFault_Handler)
    MX_CAN_Init                              0x08002d19   Thumb Code    56  can.o(i.MX_CAN_Init)
    MX_DMA_Init                              0x08002d59   Thumb Code    96  dma.o(i.MX_DMA_Init)
    MX_GPIO_Init                             0x08002dbd   Thumb Code   136  gpio.o(i.MX_GPIO_Init)
    MX_USART1_UART_Init                      0x08002e4d   Thumb Code    46  usart.o(i.MX_USART1_UART_Init)
    MX_USART3_UART_Init                      0x08002e85   Thumb Code    46  usart.o(i.MX_USART3_UART_Init)
    MemManage_Handler                        0x08002ebd   Thumb Code     4  stm32f1xx_it.o(i.MemManage_Handler)
    NMI_Handler                              0x08002ec1   Thumb Code     4  stm32f1xx_it.o(i.NMI_Handler)
    PendSV_Handler                           0x08002ec5   Thumb Code     2  stm32f1xx_it.o(i.PendSV_Handler)
    Response_Messgae_process                 0x08002ec9   Thumb Code   310  data_process.o(i.Response_Messgae_process)
    SVC_Handler                              0x08003005   Thumb Code     2  stm32f1xx_it.o(i.SVC_Handler)
    SysTick_Handler                          0x08003007   Thumb Code     8  stm32f1xx_it.o(i.SysTick_Handler)
    SystemInit                               0x0800300f   Thumb Code     2  system_stm32f1xx.o(i.SystemInit)
    UART_Start_Receive_DMA                   0x08003011   Thumb Code   138  stm32f1xx_hal_uart.o(i.UART_Start_Receive_DMA)
    USART1_IRQHandler                        0x080030a9   Thumb Code    16  stm32f1xx_it.o(i.USART1_IRQHandler)
    USART3_IRQHandler                        0x080030bd   Thumb Code    10  stm32f1xx_it.o(i.USART3_IRQHandler)
    USB_HP_CAN1_TX_IRQHandler                0x080030cd   Thumb Code    10  stm32f1xx_it.o(i.USB_HP_CAN1_TX_IRQHandler)
    USB_LP_CAN1_RX0_IRQHandler               0x080030dd   Thumb Code    10  stm32f1xx_it.o(i.USB_LP_CAN1_RX0_IRQHandler)
    USER_UART_IDLECallback                   0x080030ed   Thumb Code    64  data_process.o(i.USER_UART_IDLECallback)
    USER_UART_IRQHandler                     0x08003139   Thumb Code    58  main.o(i.USER_UART_IRQHandler)
    UsageFault_Handler                       0x0800317d   Thumb Code     4  stm32f1xx_it.o(i.UsageFault_Handler)
    SystemClock_Config()                     0x08003181   Thumb Code   102  main.o(i._Z18SystemClock_Configv)
    Data_holder::load_parameter()            0x080031e7   Thumb Code     2  data_holder.o(i._ZN11Data_holder14load_parameterEv)
    Data_holder::get()                       0x080031e9   Thumb Code    36  data_process.o(i._ZN11Data_holder3getEv)
    Data_holder::Data_holder()               0x08003215   Thumb Code   210  data_holder.o(i._ZN11Data_holderC1Ev)
    Data_holder::Data_holder__sub_object()   0x08003215   Thumb Code     0  data_holder.o(i._ZN11Data_holderC1Ev)
    Robot::clear_odom()                      0x080037d1   Thumb Code   142  robot.o(i._ZN5Robot10clear_odomEv)
    Robot::roserial_loop()                   0x0800385f   Thumb Code    24  robot.o(i._ZN5Robot13roserial_loopEv)
    Robot::protocol_process()                0x08003877   Thumb Code   170  robot.o(i._ZN5Robot16protocol_processEv)
    Robot::velocity_control()                0x08003921   Thumb Code   816  robot.o(i._ZN5Robot16velocity_controlEv)
    Robot::control_timeout_check()           0x08003c71   Thumb Code    72  robot.o(i._ZN5Robot21control_timeout_checkEv)
    Robot::get()                             0x08003cbd   Thumb Code    36  main.o(i._ZN5Robot3getEv)
    Robot::init()                            0x08003ce9   Thumb Code   430  robot.o(i._ZN5Robot4initEv)
    Robot::get_odom(Odom*, float*, unsigned long) 0x08003ea1   Thumb Code   368  robot.o(i._ZN5Robot8get_odomEP4OdomPfm)
    Robot::calc_odom()                       0x0800401d   Thumb Code   614  robot.o(i._ZN5Robot9calc_odomEv)
    Robot::Robot()                           0x0800429d   Thumb Code     2  robot.o(i._ZN5RobotC1Ev)
    Robot::Robot__sub_object()               0x0800429d   Thumb Code     0  robot.o(i._ZN5RobotC1Ev)
    std::cos(float)                          0x0800429f   Thumb Code    12  robot.o(i._ZSt3cosf)
    std::sin(float)                          0x080042ab   Thumb Code    12  robot.o(i._ZSt3sinf)
    __ARM_fpclassifyf                        0x080042b7   Thumb Code    38  fpclassifyf.o(i.__ARM_fpclassifyf)
    __cxa_guard_acquire                      0x080042dd   Thumb Code    16  cxa_guard_acquire.o(i.__cxa_guard_acquire)
    __mathlib_flt_infnan                     0x080042ed   Thumb Code     6  funder.o(i.__mathlib_flt_infnan)
    __mathlib_flt_invalid                    0x080042f3   Thumb Code     8  funder.o(i.__mathlib_flt_invalid)
    __mathlib_flt_underflow                  0x080042fb   Thumb Code    10  funder.o(i.__mathlib_flt_underflow)
    __mathlib_rredf2                         0x08004305   Thumb Code   344  rredf.o(i.__mathlib_rredf2)
    cosf                                     0x0800446d   Thumb Code   328  cosf.o(i.cosf)
    getCurrentMicros                         0x080045e9   Thumb Code    82  timer.o(i.getCurrentMicros)
    main                                     0x0800463b   Thumb Code    58  main.o(i.main)
    sinf                                     0x08004675   Thumb Code   338  sinf.o(i.sinf)
    __aeabi_d2f                              0x080047fd   Thumb Code     0  d2f.o(x$fpl$d2f)
    _d2f                                     0x080047fd   Thumb Code    98  d2f.o(x$fpl$d2f)
    __aeabi_dadd                             0x08004861   Thumb Code     0  daddsub_clz.o(x$fpl$dadd)
    _dadd                                    0x08004861   Thumb Code   332  daddsub_clz.o(x$fpl$dadd)
    __aeabi_ddiv                             0x080049b1   Thumb Code     0  ddiv.o(x$fpl$ddiv)
    _ddiv                                    0x080049b1   Thumb Code   552  ddiv.o(x$fpl$ddiv)
    __aeabi_d2iz                             0x08004c61   Thumb Code     0  dfix.o(x$fpl$dfix)
    _dfix                                    0x08004c61   Thumb Code    94  dfix.o(x$fpl$dfix)
    __aeabi_i2d                              0x08004cbf   Thumb Code     0  dflt_clz.o(x$fpl$dflt)
    _dflt                                    0x08004cbf   Thumb Code    46  dflt_clz.o(x$fpl$dflt)
    __aeabi_ui2d                             0x08004ced   Thumb Code     0  dflt_clz.o(x$fpl$dfltu)
    _dfltu                                   0x08004ced   Thumb Code    38  dflt_clz.o(x$fpl$dfltu)
    __aeabi_dmul                             0x08004d15   Thumb Code     0  dmul.o(x$fpl$dmul)
    _dmul                                    0x08004d15   Thumb Code   332  dmul.o(x$fpl$dmul)
    __fpl_dnaninf                            0x08004e69   Thumb Code   156  dnaninf.o(x$fpl$dnaninf)
    __fpl_dretinf                            0x08004f05   Thumb Code    12  dretinf.o(x$fpl$dretinf)
    __aeabi_drsub                            0x08004f11   Thumb Code     0  daddsub_clz.o(x$fpl$drsb)
    _drsb                                    0x08004f11   Thumb Code    22  daddsub_clz.o(x$fpl$drsb)
    __aeabi_dsub                             0x08004f29   Thumb Code     0  daddsub_clz.o(x$fpl$dsub)
    _dsub                                    0x08004f29   Thumb Code   464  daddsub_clz.o(x$fpl$dsub)
    __aeabi_f2d                              0x080050fd   Thumb Code     0  f2d.o(x$fpl$f2d)
    _f2d                                     0x080050fd   Thumb Code    86  f2d.o(x$fpl$f2d)
    __aeabi_fadd                             0x08005155   Thumb Code     0  faddsub_clz.o(x$fpl$fadd)
    _fadd                                    0x08005155   Thumb Code   196  faddsub_clz.o(x$fpl$fadd)
    __fpl_fcheck_NaN1                        0x08005219   Thumb Code     6  fcheck1.o(x$fpl$fcheck1)
    __fpl_fcmp_Inf                           0x08005225   Thumb Code    24  fcmpi.o(x$fpl$fcmpinf)
    __aeabi_fdiv                             0x0800523d   Thumb Code     0  fdiv.o(x$fpl$fdiv)
    _fdiv                                    0x0800523d   Thumb Code   384  fdiv.o(x$fpl$fdiv)
    __aeabi_cfcmpeq                          0x080053c1   Thumb Code     0  feqf.o(x$fpl$feqf)
    _fcmpeq                                  0x080053c1   Thumb Code   104  feqf.o(x$fpl$feqf)
    __aeabi_f2iz                             0x08005429   Thumb Code     0  ffix.o(x$fpl$ffix)
    _ffix                                    0x08005429   Thumb Code    54  ffix.o(x$fpl$ffix)
    __aeabi_i2f                              0x08005461   Thumb Code     0  fflt_clz.o(x$fpl$fflt)
    _fflt                                    0x08005461   Thumb Code    48  fflt_clz.o(x$fpl$fflt)
    __aeabi_ui2f                             0x08005491   Thumb Code     0  fflt_clz.o(x$fpl$ffltu)
    _ffltu                                   0x08005491   Thumb Code    38  fflt_clz.o(x$fpl$ffltu)
    __aeabi_fmul                             0x080054b9   Thumb Code     0  fmul.o(x$fpl$fmul)
    _fmul                                    0x080054b9   Thumb Code   258  fmul.o(x$fpl$fmul)
    __fpl_fnaninf                            0x080055bb   Thumb Code   140  fnaninf.o(x$fpl$fnaninf)
    __fpl_fretinf                            0x08005647   Thumb Code    10  fretinf.o(x$fpl$fretinf)
    _frnd                                    0x08005651   Thumb Code    96  frnd.o(x$fpl$frnd)
    __aeabi_frsub                            0x080056b1   Thumb Code     0  faddsub_clz.o(x$fpl$frsb)
    _frsb                                    0x080056b1   Thumb Code    20  faddsub_clz.o(x$fpl$frsb)
    __aeabi_fsub                             0x080056c5   Thumb Code     0  faddsub_clz.o(x$fpl$fsub)
    _fsub                                    0x080056c5   Thumb Code   234  faddsub_clz.o(x$fpl$fsub)
    __fpl_return_NaN                         0x080057af   Thumb Code   100  retnan.o(x$fpl$retnan)
    __ARM_scalbnf                            0x08005813   Thumb Code    76  scalbnf.o(x$fpl$scalbnf)
    __fpl_cmpreturn                          0x0800585f   Thumb Code    48  trapv.o(x$fpl$trapveneer)
    AHBPrescTable                            0x0800588e   Data          16  system_stm32f1xx.o(.constdata)
    __I$use$fp                               0x0800588e   Number         0  usenofp.o(x$fpl$usenofp)
    APBPrescTable                            0x0800589e   Data           8  system_stm32f1xx.o(.constdata)
    Region$$Table$$Base                      0x080058e0   Number         0  anon$$obj.o(Region$$Table)
    Region$$Table$$Limit                     0x08005900   Number         0  anon$$obj.o(Region$$Table)
    uwTick                                   0x20000000   Data           4  stm32f1xx_hal.o(.data)
    uwTickPrio                               0x20000004   Data           4  stm32f1xx_hal.o(.data)
    uwTickFreq                               0x20000008   Data           1  stm32f1xx_hal.o(.data)
    SystemCoreClock                          0x2000000c   Data           4  system_stm32f1xx.o(.data)
    distance                                 0x20000010   Data           8  robot.o(.data)
    motor_speed                              0x20000018   Data           8  robot.o(.data)
    guard variable for Data_holder::get()::dh 0x20000020   Data           4  data_process.o(.data__ZZN11Data_holder3getEvE2dh)
    guard variable for Robot::get()::dh      0x20000024   Data           4  main.o(.data__ZZN5Robot3getEvE2dh)
    Robot::get()::dh                         0x20000028   Data           8  main.o(.data__ZZN5Robot3getEvE2dh)
    hcan                                     0x20000030   Data          40  can.o(.bss)
    huart1                                   0x20000058   Data          68  usart.o(.bss)
    huart3                                   0x2000009c   Data          68  usart.o(.bss)
    hdma_usart1_rx                           0x200000e0   Data          68  usart.o(.bss)
    hdma_usart1_tx                           0x20000124   Data          68  usart.o(.bss)
    hdma_usart3_rx                           0x20000168   Data          68  usart.o(.bss)
    hdma_usart3_tx                           0x200001ac   Data          68  usart.o(.bss)
    odom                                     0x200001f0   Data          24  robot.o(.bss)
    __libspace_start                         0x20000208   Data          96  libspace.o(.bss)
    Data_holder::get()::dh                   0x20000268   Data         580  data_process.o(.bss__ZZN11Data_holder3getEvE2dh)
    __temporary_stack_top$libspace           0x20000268   Data           0  libspace.o(.bss)



==============================================================================

Memory Map of the image

  Image Entry point : 0x080000ed

  Load Region LR_IROM1 (Base: 0x08000000, Size: 0x00005930, Max: 0x00010000, ABSOLUTE)

    Execution Region ER_IROM1 (Exec base: 0x08000000, Load base: 0x08000000, Size: 0x00005900, Max: 0x00010000, ABSOLUTE)

    Exec Addr    Load Addr    Size         Type   Attr      Idx    E Section Name        Object

    0x08000000   0x08000000   0x000000ec   Data   RO            3    RESET               startup_stm32f103xb.o
    0x080000ec   0x080000ec   0x00000008   Code   RO         2985  * !!!main             c_w.l(__main.o)
    0x080000f4   0x080000f4   0x00000034   Code   RO         3318    !!!scatter          c_w.l(__scatter.o)
    0x08000128   0x08000128   0x0000001a   Code   RO         3320    !!handler_copy      c_w.l(__scatter_copy.o)
    0x08000142   0x08000142   0x00000002   PAD
    0x08000144   0x08000144   0x0000001c   Code   RO         3322    !!handler_zi        c_w.l(__scatter_zi.o)
    0x08000160   0x08000160   0x00000000   Code   RO         2972    .ARM.Collect$$_printf_percent$$00000000  c_w.l(_printf_percent.o)
    0x08000160   0x08000160   0x00000006   Code   RO         2971    .ARM.Collect$$_printf_percent$$00000009  c_w.l(_printf_d.o)
    0x08000166   0x08000166   0x00000006   Code   RO         2970    .ARM.Collect$$_printf_percent$$00000014  c_w.l(_printf_s.o)
    0x0800016c   0x0800016c   0x00000004   Code   RO         3097    .ARM.Collect$$_printf_percent$$00000017  c_w.l(_printf_percent_end.o)
    0x08000170   0x08000170   0x00000002   Code   RO         3249    .ARM.Collect$$libinit$$00000000  c_w.l(libinit.o)
    0x08000172   0x08000172   0x00000000   Code   RO         3101    .ARM.Collect$$libinit$$00000002  c_w.l(libinit2.o)
    0x08000172   0x08000172   0x00000000   Code   RO         3103    .ARM.Collect$$libinit$$00000004  c_w.l(libinit2.o)
    0x08000172   0x08000172   0x00000008   Code   RO         3104    .ARM.Collect$$libinit$$00000005  c_w.l(libinit2.o)
    0x0800017a   0x0800017a   0x00000000   Code   RO         3106    .ARM.Collect$$libinit$$0000000A  c_w.l(libinit2.o)
    0x0800017a   0x0800017a   0x00000000   Code   RO         3108    .ARM.Collect$$libinit$$0000000C  c_w.l(libinit2.o)
    0x0800017a   0x0800017a   0x00000000   Code   RO         3110    .ARM.Collect$$libinit$$0000000E  c_w.l(libinit2.o)
    0x0800017a   0x0800017a   0x00000000   Code   RO         3113    .ARM.Collect$$libinit$$00000011  c_w.l(libinit2.o)
    0x0800017a   0x0800017a   0x00000000   Code   RO         3115    .ARM.Collect$$libinit$$00000013  c_w.l(libinit2.o)
    0x0800017a   0x0800017a   0x00000000   Code   RO         3117    .ARM.Collect$$libinit$$00000015  c_w.l(libinit2.o)
    0x0800017a   0x0800017a   0x00000000   Code   RO         3119    .ARM.Collect$$libinit$$00000017  c_w.l(libinit2.o)
    0x0800017a   0x0800017a   0x00000000   Code   RO         3121    .ARM.Collect$$libinit$$00000019  c_w.l(libinit2.o)
    0x0800017a   0x0800017a   0x00000000   Code   RO         3123    .ARM.Collect$$libinit$$0000001B  c_w.l(libinit2.o)
    0x0800017a   0x0800017a   0x00000000   Code   RO         3125    .ARM.Collect$$libinit$$0000001D  c_w.l(libinit2.o)
    0x0800017a   0x0800017a   0x00000000   Code   RO         3127    .ARM.Collect$$libinit$$0000001F  c_w.l(libinit2.o)
    0x0800017a   0x0800017a   0x00000000   Code   RO         3129    .ARM.Collect$$libinit$$00000021  c_w.l(libinit2.o)
    0x0800017a   0x0800017a   0x00000000   Code   RO         3131    .ARM.Collect$$libinit$$00000023  c_w.l(libinit2.o)
    0x0800017a   0x0800017a   0x00000000   Code   RO         3133    .ARM.Collect$$libinit$$00000025  c_w.l(libinit2.o)
    0x0800017a   0x0800017a   0x00000000   Code   RO         3137    .ARM.Collect$$libinit$$0000002C  c_w.l(libinit2.o)
    0x0800017a   0x0800017a   0x00000000   Code   RO         3139    .ARM.Collect$$libinit$$0000002E  c_w.l(libinit2.o)
    0x0800017a   0x0800017a   0x00000000   Code   RO         3141    .ARM.Collect$$libinit$$00000030  c_w.l(libinit2.o)
    0x0800017a   0x0800017a   0x00000000   Code   RO         3143    .ARM.Collect$$libinit$$00000032  c_w.l(libinit2.o)
    0x0800017a   0x0800017a   0x00000002   Code   RO         3144    .ARM.Collect$$libinit$$00000033  c_w.l(libinit2.o)
    0x0800017c   0x0800017c   0x00000002   Code   RO         3315    .ARM.Collect$$libshutdown$$00000000  c_w.l(libshutdown.o)
    0x0800017e   0x0800017e   0x00000000   Code   RO         3265    .ARM.Collect$$libshutdown$$00000002  c_w.l(libshutdown2.o)
    0x0800017e   0x0800017e   0x00000000   Code   RO         3267    .ARM.Collect$$libshutdown$$00000004  c_w.l(libshutdown2.o)
    0x0800017e   0x0800017e   0x00000000   Code   RO         3269    .ARM.Collect$$libshutdown$$00000006  c_w.l(libshutdown2.o)
    0x0800017e   0x0800017e   0x00000000   Code   RO         3272    .ARM.Collect$$libshutdown$$00000009  c_w.l(libshutdown2.o)
    0x0800017e   0x0800017e   0x00000000   Code   RO         3275    .ARM.Collect$$libshutdown$$0000000C  c_w.l(libshutdown2.o)
    0x0800017e   0x0800017e   0x00000000   Code   RO         3277    .ARM.Collect$$libshutdown$$0000000E  c_w.l(libshutdown2.o)
    0x0800017e   0x0800017e   0x00000000   Code   RO         3280    .ARM.Collect$$libshutdown$$00000011  c_w.l(libshutdown2.o)
    0x0800017e   0x0800017e   0x00000002   Code   RO         3281    .ARM.Collect$$libshutdown$$00000012  c_w.l(libshutdown2.o)
    0x08000180   0x08000180   0x00000000   Code   RO         3061    .ARM.Collect$$rtentry$$00000000  c_w.l(__rtentry.o)
    0x08000180   0x08000180   0x00000000   Code   RO         3183    .ARM.Collect$$rtentry$$00000002  c_w.l(__rtentry2.o)
    0x08000180   0x08000180   0x00000006   Code   RO         3195    .ARM.Collect$$rtentry$$00000004  c_w.l(__rtentry4.o)
    0x08000186   0x08000186   0x00000000   Code   RO         3185    .ARM.Collect$$rtentry$$00000009  c_w.l(__rtentry2.o)
    0x08000186   0x08000186   0x00000004   Code   RO         3186    .ARM.Collect$$rtentry$$0000000A  c_w.l(__rtentry2.o)
    0x0800018a   0x0800018a   0x00000000   Code   RO         3188    .ARM.Collect$$rtentry$$0000000C  c_w.l(__rtentry2.o)
    0x0800018a   0x0800018a   0x00000008   Code   RO         3189    .ARM.Collect$$rtentry$$0000000D  c_w.l(__rtentry2.o)
    0x08000192   0x08000192   0x00000002   Code   RO         3254    .ARM.Collect$$rtexit$$00000000  c_w.l(rtexit.o)
    0x08000194   0x08000194   0x00000000   Code   RO         3287    .ARM.Collect$$rtexit$$00000002  c_w.l(rtexit2.o)
    0x08000194   0x08000194   0x00000004   Code   RO         3288    .ARM.Collect$$rtexit$$00000003  c_w.l(rtexit2.o)
    0x08000198   0x08000198   0x00000006   Code   RO         3289    .ARM.Collect$$rtexit$$00000004  c_w.l(rtexit2.o)
    0x0800019e   0x0800019e   0x00000002   PAD
    0x080001a0   0x080001a0   0x00000000   Code   RO         3204    .emb_text           c_w.l(maybetermalloc1.o)
    0x080001a0   0x080001a0   0x00000040   Code   RO            4    .text               startup_stm32f103xb.o
    0x080001e0   0x080001e0   0x0000005e   Code   RO         2880    .text               c_w.l(h1_alloc.o)
    0x0800023e   0x0800023e   0x0000004e   Code   RO         2882    .text               c_w.l(h1_free.o)
    0x0800028c   0x0800028c   0x00000028   Code   RO         2942    .text               c_w.l(noretval__2sprintf.o)
    0x080002b4   0x080002b4   0x00000068   Code   RO         2944    .text               c_w.l(__printf.o)
    0x0800031c   0x0800031c   0x00000052   Code   RO         2946    .text               c_w.l(_printf_str.o)
    0x0800036e   0x0800036e   0x00000002   PAD
    0x08000370   0x08000370   0x00000078   Code   RO         2948    .text               c_w.l(_printf_dec.o)
    0x080003e8   0x080003e8   0x0000008a   Code   RO         2973    .text               c_w.l(rt_memcpy_v6.o)
    0x08000472   0x08000472   0x00000064   Code   RO         2975    .text               c_w.l(rt_memcpy_w.o)
    0x080004d6   0x080004d6   0x00000044   Code   RO         2977    .text               c_w.l(rt_memclr.o)
    0x0800051a   0x0800051a   0x0000004e   Code   RO         2979    .text               c_w.l(rt_memclr_w.o)
    0x08000568   0x08000568   0x00000056   Code   RO         2981    .text               c_w.l(strncpy.o)
    0x080005be   0x080005be   0x00000006   Code   RO         2983    .text               c_w.l(heapauxi.o)
    0x080005c4   0x080005c4   0x00000008   Code   RO         3065    .text               c_w.l(rt_heap_descriptor_intlibspace.o)
    0x080005cc   0x080005cc   0x00000004   Code   RO         3067    .text               c_w.l(hguard.o)
    0x080005d0   0x080005d0   0x0000008a   Code   RO         3069    .text               c_w.l(init_alloc.o)
    0x0800065a   0x0800065a   0x0000000e   Code   RO         3073    .text               c_w.l(h1_init.o)
    0x08000668   0x08000668   0x00000016   Code   RO         3087    .text               c_w.l(_rserrno.o)
    0x0800067e   0x0800067e   0x000000b2   Code   RO         3089    .text               c_w.l(_printf_intcommon.o)
    0x08000730   0x08000730   0x00000030   Code   RO         3091    .text               c_w.l(_printf_char_common.o)
    0x08000760   0x08000760   0x0000000a   Code   RO         3093    .text               c_w.l(_sputc.o)
    0x0800076a   0x0800076a   0x0000002c   Code   RO         3095    .text               c_w.l(_printf_char.o)
    0x08000796   0x08000796   0x00000002   PAD
    0x08000798   0x08000798   0x00000008   Code   RO         3179    .text               c_w.l(libspace.o)
    0x080007a0   0x080007a0   0x00000008   Code   RO         3200    .text               c_w.l(rt_errno_addr_intlibspace.o)
    0x080007a8   0x080007a8   0x00000034   Code   RO         3206    .text               c_w.l(h1_extend.o)
    0x080007dc   0x080007dc   0x0000000e   Code   RO         3212    .text               c_w.l(defsig_rtmem_outer.o)
    0x080007ea   0x080007ea   0x00000002   Code   RO         3225    .text               c_w.l(use_no_semi.o)
    0x080007ec   0x080007ec   0x00000000   Code   RO         3227    .text               c_w.l(indicate_semi.o)
    0x080007ec   0x080007ec   0x0000004a   Code   RO         3228    .text               c_w.l(sys_stackheap_outer.o)
    0x08000836   0x08000836   0x00000012   Code   RO         3234    .text               c_w.l(exit.o)
    0x08000848   0x08000848   0x0000000a   Code   RO         3236    .text               c_w.l(defsig_exit.o)
    0x08000852   0x08000852   0x00000002   PAD
    0x08000854   0x08000854   0x00000050   Code   RO         3238    .text               c_w.l(defsig_rtmem_inner.o)
    0x080008a4   0x080008a4   0x0000000c   Code   RO         3252    .text               c_w.l(sys_exit.o)
    0x080008b0   0x080008b0   0x00000032   Code   RO         3262    .text               c_w.l(defsig_general.o)
    0x080008e2   0x080008e2   0x0000000e   Code   RO         3284    .text               c_w.l(sys_wrch.o)
    0x080008f0   0x080008f0   0x00000004   Code   RO          352    i.BusFault_Handler  stm32f1xx_it.o
    0x080008f4   0x080008f4   0x0000005c   Code   RO         2785    i.CAN_Filter_Init   canopen_process.o
    0x08000950   0x08000950   0x00000018   Code   RO         2560    i.CRC_Calculate     data_process.o
    0x08000968   0x08000968   0x00000090   Code   RO         2786    i.CanOpen_AccelerationSpeed_Set  canopen_process.o
    0x080009f8   0x080009f8   0x00000084   Code   RO         2787    i.CanOpen_ControlWord_Set  canopen_process.o
    0x08000a7c   0x08000a7c   0x00000090   Code   RO         2788    i.CanOpen_DecelerationSpeed_Set  canopen_process.o
    0x08000b0c   0x08000b0c   0x00000048   Code   RO         2789    i.CanOpen_NMT_Set   canopen_process.o
    0x08000b54   0x08000b54   0x00000084   Code   RO         2790    i.CanOpen_OperationMode_Set  canopen_process.o
    0x08000bd8   0x08000bd8   0x00000084   Code   RO         2791    i.CanOpen_ProcotolMode_Set  canopen_process.o
    0x08000c5c   0x08000c5c   0x00000090   Code   RO         2792    i.CanOpen_ProfileVelocity_Set  canopen_process.o
    0x08000cec   0x08000cec   0x00000010   Code   RO          353    i.DMA1_Channel2_IRQHandler  stm32f1xx_it.o
    0x08000cfc   0x08000cfc   0x00000010   Code   RO          354    i.DMA1_Channel3_IRQHandler  stm32f1xx_it.o
    0x08000d0c   0x08000d0c   0x00000010   Code   RO          355    i.DMA1_Channel4_IRQHandler  stm32f1xx_it.o
    0x08000d1c   0x08000d1c   0x00000010   Code   RO          356    i.DMA1_Channel5_IRQHandler  stm32f1xx_it.o
    0x08000d2c   0x08000d2c   0x00000002   Code   RO          357    i.DebugMon_Handler  stm32f1xx_it.o
    0x08000d2e   0x08000d2e   0x00000002   PAD
    0x08000d30   0x08000d30   0x00000020   Code   RO           13    i.Error_Handler     main.o
    0x08000d50   0x08000d50   0x0000002a   Code   RO          608    i.HAL_CAN_ActivateNotification  stm32f1xx_hal_can.o
    0x08000d7a   0x08000d7a   0x00000156   Code   RO          609    i.HAL_CAN_AddTxMessage  stm32f1xx_hal_can.o
    0x08000ed0   0x08000ed0   0x0000010a   Code   RO          610    i.HAL_CAN_ConfigFilter  stm32f1xx_hal_can.o
    0x08000fda   0x08000fda   0x00000002   Code   RO          613    i.HAL_CAN_ErrorCallback  stm32f1xx_hal_can.o
    0x08000fdc   0x08000fdc   0x0000017a   Code   RO          616    i.HAL_CAN_GetRxMessage  stm32f1xx_hal_can.o
    0x08001156   0x08001156   0x00000036   Code   RO          618    i.HAL_CAN_GetTxMailboxesFreeLevel  stm32f1xx_hal_can.o
    0x0800118c   0x0800118c   0x0000024e   Code   RO          620    i.HAL_CAN_IRQHandler  stm32f1xx_hal_can.o
    0x080013da   0x080013da   0x00000174   Code   RO          621    i.HAL_CAN_Init      stm32f1xx_hal_can.o
    0x0800154e   0x0800154e   0x00000002   PAD
    0x08001550   0x08001550   0x000000c0   Code   RO          231    i.HAL_CAN_MspInit   can.o
    0x08001610   0x08001610   0x00000002   Code   RO          628    i.HAL_CAN_RxFifo0FullCallback  stm32f1xx_hal_can.o
    0x08001612   0x08001612   0x00000002   PAD
    0x08001614   0x08001614   0x00000084   Code   RO         2793    i.HAL_CAN_RxFifo0MsgPendingCallback  canopen_process.o
    0x08001698   0x08001698   0x00000002   Code   RO          630    i.HAL_CAN_RxFifo1FullCallback  stm32f1xx_hal_can.o
    0x0800169a   0x0800169a   0x00000002   Code   RO          631    i.HAL_CAN_RxFifo1MsgPendingCallback  stm32f1xx_hal_can.o
    0x0800169c   0x0800169c   0x00000002   Code   RO          632    i.HAL_CAN_SleepCallback  stm32f1xx_hal_can.o
    0x0800169e   0x0800169e   0x0000005e   Code   RO          633    i.HAL_CAN_Start     stm32f1xx_hal_can.o
    0x080016fc   0x080016fc   0x00000002   Code   RO          635    i.HAL_CAN_TxMailbox0AbortCallback  stm32f1xx_hal_can.o
    0x080016fe   0x080016fe   0x00000002   Code   RO          636    i.HAL_CAN_TxMailbox0CompleteCallback  stm32f1xx_hal_can.o
    0x08001700   0x08001700   0x00000002   Code   RO          637    i.HAL_CAN_TxMailbox1AbortCallback  stm32f1xx_hal_can.o
    0x08001702   0x08001702   0x00000002   Code   RO          638    i.HAL_CAN_TxMailbox1CompleteCallback  stm32f1xx_hal_can.o
    0x08001704   0x08001704   0x00000002   Code   RO          639    i.HAL_CAN_TxMailbox2AbortCallback  stm32f1xx_hal_can.o
    0x08001706   0x08001706   0x00000002   Code   RO          640    i.HAL_CAN_TxMailbox2CompleteCallback  stm32f1xx_hal_can.o
    0x08001708   0x08001708   0x00000002   Code   RO          642    i.HAL_CAN_WakeUpFromRxMsgCallback  stm32f1xx_hal_can.o
    0x0800170a   0x0800170a   0x00000056   Code   RO         1311    i.HAL_DMA_Abort     stm32f1xx_hal_dma.o
    0x08001760   0x08001760   0x000000b0   Code   RO         1312    i.HAL_DMA_Abort_IT  stm32f1xx_hal_dma.o
    0x08001810   0x08001810   0x0000019c   Code   RO         1316    i.HAL_DMA_IRQHandler  stm32f1xx_hal_dma.o
    0x080019ac   0x080019ac   0x00000068   Code   RO         1317    i.HAL_DMA_Init      stm32f1xx_hal_dma.o
    0x08001a14   0x08001a14   0x0000009c   Code   RO         1320    i.HAL_DMA_Start_IT  stm32f1xx_hal_dma.o
    0x08001ab0   0x08001ab0   0x00000028   Code   RO          884    i.HAL_Delay         stm32f1xx_hal.o
    0x08001ad8   0x08001ad8   0x00000320   Code   RO         1240    i.HAL_GPIO_Init     stm32f1xx_hal_gpio.o
    0x08001df8   0x08001df8   0x00000014   Code   RO         1243    i.HAL_GPIO_TogglePin  stm32f1xx_hal_gpio.o
    0x08001e0c   0x08001e0c   0x0000000c   Code   RO         1244    i.HAL_GPIO_WritePin  stm32f1xx_hal_gpio.o
    0x08001e18   0x08001e18   0x0000000c   Code   RO          888    i.HAL_GetTick       stm32f1xx_hal.o
    0x08001e24   0x08001e24   0x00000018   Code   RO          894    i.HAL_IncTick       stm32f1xx_hal.o
    0x08001e3c   0x08001e3c   0x00000028   Code   RO          895    i.HAL_Init          stm32f1xx_hal.o
    0x08001e64   0x08001e64   0x0000004c   Code   RO          896    i.HAL_InitTick      stm32f1xx_hal.o
    0x08001eb0   0x08001eb0   0x00000054   Code   RO          492    i.HAL_MspInit       stm32f1xx_hal_msp.o
    0x08001f04   0x08001f04   0x00000020   Code   RO         1421    i.HAL_NVIC_EnableIRQ  stm32f1xx_hal_cortex.o
    0x08001f24   0x08001f24   0x0000007c   Code   RO         1427    i.HAL_NVIC_SetPriority  stm32f1xx_hal_cortex.o
    0x08001fa0   0x08001fa0   0x00000028   Code   RO         1428    i.HAL_NVIC_SetPriorityGrouping  stm32f1xx_hal_cortex.o
    0x08001fc8   0x08001fc8   0x0000018c   Code   RO         1077    i.HAL_RCC_ClockConfig  stm32f1xx_hal_rcc.o
    0x08002154   0x08002154   0x0000000c   Code   RO         1082    i.HAL_RCC_GetHCLKFreq  stm32f1xx_hal_rcc.o
    0x08002160   0x08002160   0x00000020   Code   RO         1084    i.HAL_RCC_GetPCLK1Freq  stm32f1xx_hal_rcc.o
    0x08002180   0x08002180   0x00000020   Code   RO         1085    i.HAL_RCC_GetPCLK2Freq  stm32f1xx_hal_rcc.o
    0x080021a0   0x080021a0   0x00000094   Code   RO         1086    i.HAL_RCC_GetSysClockFreq  stm32f1xx_hal_rcc.o
    0x08002234   0x08002234   0x00000464   Code   RO         1089    i.HAL_RCC_OscConfig  stm32f1xx_hal_rcc.o
    0x08002698   0x08002698   0x00000034   Code   RO         1432    i.HAL_SYSTICK_Config  stm32f1xx_hal_cortex.o
    0x080026cc   0x080026cc   0x00000002   Code   RO         2068    i.HAL_UARTEx_RxEventCallback  stm32f1xx_hal_uart.o
    0x080026ce   0x080026ce   0x00000066   Code   RO         2080    i.HAL_UART_DMAStop  stm32f1xx_hal_uart.o
    0x08002734   0x08002734   0x00000002   Code   RO         2082    i.HAL_UART_ErrorCallback  stm32f1xx_hal_uart.o
    0x08002736   0x08002736   0x00000002   PAD
    0x08002738   0x08002738   0x0000024c   Code   RO         2085    i.HAL_UART_IRQHandler  stm32f1xx_hal_uart.o
    0x08002984   0x08002984   0x00000072   Code   RO         2086    i.HAL_UART_Init     stm32f1xx_hal_uart.o
    0x080029f6   0x080029f6   0x00000002   PAD
    0x080029f8   0x080029f8   0x00000200   Code   RO          301    i.HAL_UART_MspInit  usart.o
    0x08002bf8   0x08002bf8   0x00000042   Code   RO         2090    i.HAL_UART_Receive_DMA  stm32f1xx_hal_uart.o
    0x08002c3a   0x08002c3a   0x00000002   Code   RO         2092    i.HAL_UART_RxCpltCallback  stm32f1xx_hal_uart.o
    0x08002c3c   0x08002c3c   0x00000002   Code   RO         2093    i.HAL_UART_RxHalfCpltCallback  stm32f1xx_hal_uart.o
    0x08002c3e   0x08002c3e   0x000000d2   Code   RO         2094    i.HAL_UART_Transmit  stm32f1xx_hal_uart.o
    0x08002d10   0x08002d10   0x00000002   Code   RO         2097    i.HAL_UART_TxCpltCallback  stm32f1xx_hal_uart.o
    0x08002d12   0x08002d12   0x00000004   Code   RO          358    i.HardFault_Handler  stm32f1xx_it.o
    0x08002d16   0x08002d16   0x00000002   PAD
    0x08002d18   0x08002d18   0x00000040   Code   RO          232    i.MX_CAN_Init       can.o
    0x08002d58   0x08002d58   0x00000064   Code   RO          275    i.MX_DMA_Init       dma.o
    0x08002dbc   0x08002dbc   0x00000090   Code   RO          202    i.MX_GPIO_Init      gpio.o
    0x08002e4c   0x08002e4c   0x00000038   Code   RO          302    i.MX_USART1_UART_Init  usart.o
    0x08002e84   0x08002e84   0x00000038   Code   RO          303    i.MX_USART3_UART_Init  usart.o
    0x08002ebc   0x08002ebc   0x00000004   Code   RO          359    i.MemManage_Handler  stm32f1xx_it.o
    0x08002ec0   0x08002ec0   0x00000004   Code   RO          360    i.NMI_Handler       stm32f1xx_it.o
    0x08002ec4   0x08002ec4   0x00000002   Code   RO          361    i.PendSV_Handler    stm32f1xx_it.o
    0x08002ec6   0x08002ec6   0x00000002   PAD
    0x08002ec8   0x08002ec8   0x0000013c   Code   RO         2561    i.Response_Messgae_process  data_process.o
    0x08003004   0x08003004   0x00000002   Code   RO          362    i.SVC_Handler       stm32f1xx_it.o
    0x08003006   0x08003006   0x00000008   Code   RO          363    i.SysTick_Handler   stm32f1xx_it.o
    0x0800300e   0x0800300e   0x00000002   Code   RO         2486    i.SystemInit        system_stm32f1xx.o
    0x08003010   0x08003010   0x00000098   Code   RO         2099    i.UART_Start_Receive_DMA  stm32f1xx_hal_uart.o
    0x080030a8   0x080030a8   0x00000014   Code   RO          364    i.USART1_IRQHandler  stm32f1xx_it.o
    0x080030bc   0x080030bc   0x00000010   Code   RO          365    i.USART3_IRQHandler  stm32f1xx_it.o
    0x080030cc   0x080030cc   0x00000010   Code   RO          366    i.USB_HP_CAN1_TX_IRQHandler  stm32f1xx_it.o
    0x080030dc   0x080030dc   0x00000010   Code   RO          367    i.USB_LP_CAN1_RX0_IRQHandler  stm32f1xx_it.o
    0x080030ec   0x080030ec   0x0000004c   Code   RO         2562    i.USER_UART_IDLECallback  data_process.o
    0x08003138   0x08003138   0x00000044   Code   RO           14    i.USER_UART_IRQHandler  main.o
    0x0800317c   0x0800317c   0x00000004   Code   RO          368    i.UsageFault_Handler  stm32f1xx_it.o
    0x08003180   0x08003180   0x00000066   Code   RO           15    i._Z18SystemClock_Configv  main.o
    0x080031e6   0x080031e6   0x00000002   Code   RO         2524    i._ZN11Data_holder14load_parameterEv  data_holder.o
    0x080031e8   0x080031e8   0x0000002c   Code   RO         2593    i._ZN11Data_holder3getEv  data_process.o
    0x08003214   0x08003214   0x000000f4   Code   RO         2526    i._ZN11Data_holderC1Ev  data_holder.o
    0x08003308   0x08003308   0x0000000c   Code   RO         2642    i._ZN30_INTERNAL_9_timer_cpp_delay_us30LL_SYSTICK_IsActiveCounterFlagEv  timer.o
    0x08003314   0x08003314   0x0000002c   Code   RO         2794    i._ZN41_INTERNAL_19_canopen_process_cpp_3a004e0a24CanOpen_OperationBit_SetE15_STRUCT_OBEJECT  canopen_process.o
    0x08003340   0x08003340   0x0000002c   Code   RO         1323    i._ZN41_INTERNAL_19_stm32f1xx_hal_dma_c_c25f65ec13DMA_SetConfigEP19__DMA_HandleTypeDefjjj  stm32f1xx_hal_dma.o
    0x0800336c   0x0800336c   0x00000028   Code   RO         1090    i._ZN41_INTERNAL_19_stm32f1xx_hal_rcc_c_b7071a4b9RCC_DelayEj  stm32f1xx_hal_rcc.o
    0x08003394   0x08003394   0x00000050   Code   RO         2101    i._ZN42_INTERNAL_20_stm32f1xx_hal_uart_c_d497114f13UART_DMAErrorEP19__DMA_HandleTypeDef  stm32f1xx_hal_uart.o
    0x080033e4   0x080033e4   0x000000fc   Code   RO         2102    i._ZN42_INTERNAL_20_stm32f1xx_hal_uart_c_d497114f14UART_SetConfigEP20__UART_HandleTypeDef  stm32f1xx_hal_uart.o
    0x080034e0   0x080034e0   0x000000e4   Code   RO         2103    i._ZN42_INTERNAL_20_stm32f1xx_hal_uart_c_d497114f15UART_Receive_ITEP20__UART_HandleTypeDef  stm32f1xx_hal_uart.o
    0x080035c4   0x080035c4   0x00000060   Code   RO         2104    i._ZN42_INTERNAL_20_stm32f1xx_hal_uart_c_d497114f16UART_Transmit_ITEP20__UART_HandleTypeDef  stm32f1xx_hal_uart.o
    0x08003624   0x08003624   0x00000020   Code   RO         2105    i._ZN42_INTERNAL_20_stm32f1xx_hal_uart_c_d497114f18UART_DMARxHalfCpltEP19__DMA_HandleTypeDef  stm32f1xx_hal_uart.o
    0x08003644   0x08003644   0x00000036   Code   RO         2107    i._ZN42_INTERNAL_20_stm32f1xx_hal_uart_c_d497114f18UART_EndRxTransferEP20__UART_HandleTypeDef  stm32f1xx_hal_uart.o
    0x0800367a   0x0800367a   0x00000014   Code   RO         2108    i._ZN42_INTERNAL_20_stm32f1xx_hal_uart_c_d497114f18UART_EndTxTransferEP20__UART_HandleTypeDef  stm32f1xx_hal_uart.o
    0x0800368e   0x0800368e   0x00000068   Code   RO         2109    i._ZN42_INTERNAL_20_stm32f1xx_hal_uart_c_d497114f19UART_DMAReceiveCpltEP19__DMA_HandleTypeDef  stm32f1xx_hal_uart.o
    0x080036f6   0x080036f6   0x00000020   Code   RO         2110    i._ZN42_INTERNAL_20_stm32f1xx_hal_uart_c_d497114f19UART_EndTransmit_ITEP20__UART_HandleTypeDef  stm32f1xx_hal_uart.o
    0x08003716   0x08003716   0x00000014   Code   RO         2111    i._ZN42_INTERNAL_20_stm32f1xx_hal_uart_c_d497114f20UART_DMAAbortOnErrorEP19__DMA_HandleTypeDef  stm32f1xx_hal_uart.o
    0x0800372a   0x0800372a   0x0000006c   Code   RO         2117    i._ZN42_INTERNAL_20_stm32f1xx_hal_uart_c_d497114f27UART_WaitOnFlagUntilTimeoutEP20__UART_HandleTypeDefj10FlagStatusjj  stm32f1xx_hal_uart.o
    0x08003796   0x08003796   0x00000002   PAD
    0x08003798   0x08003798   0x00000028   Code   RO         1434    i._ZN44_INTERNAL_22_stm32f1xx_hal_cortex_c_2992dbc018__NVIC_SetPriorityE9IRQn_Typej  stm32f1xx_hal_cortex.o
    0x080037c0   0x080037c0   0x00000010   Code   RO         1435    i._ZN44_INTERNAL_22_stm32f1xx_hal_cortex_c_2992dbc026__NVIC_GetPriorityGroupingEv  stm32f1xx_hal_cortex.o
    0x080037d0   0x080037d0   0x0000008e   Code   RO         2687    i._ZN5Robot10clear_odomEv  robot.o
    0x0800385e   0x0800385e   0x00000018   Code   RO         2688    i._ZN5Robot13roserial_loopEv  robot.o
    0x08003876   0x08003876   0x000000aa   Code   RO         2689    i._ZN5Robot16protocol_processEv  robot.o
    0x08003920   0x08003920   0x00000350   Code   RO         2690    i._ZN5Robot16velocity_controlEv  robot.o
    0x08003c70   0x08003c70   0x0000004c   Code   RO         2691    i._ZN5Robot21control_timeout_checkEv  robot.o
    0x08003cbc   0x08003cbc   0x0000002c   Code   RO           53    i._ZN5Robot3getEv   main.o
    0x08003ce8   0x08003ce8   0x000001b8   Code   RO         2692    i._ZN5Robot4initEv  robot.o
    0x08003ea0   0x08003ea0   0x0000017c   Code   RO         2693    i._ZN5Robot8get_odomEP4OdomPfm  robot.o
    0x0800401c   0x0800401c   0x00000280   Code   RO         2694    i._ZN5Robot9calc_odomEv  robot.o
    0x0800429c   0x0800429c   0x00000002   Code   RO         2695    i._ZN5RobotC1Ev     robot.o
    0x0800429e   0x0800429e   0x0000000c   Code   RO         2757    i._ZSt3cosf         robot.o
    0x080042aa   0x080042aa   0x0000000c   Code   RO         2763    i._ZSt3sinf         robot.o
    0x080042b6   0x080042b6   0x00000026   Code   RO         3158    i.__ARM_fpclassifyf  m_ws.l(fpclassifyf.o)
    0x080042dc   0x080042dc   0x00000010   Code   RO         2987    i.__cxa_guard_acquire  cpprt_w.l(cxa_guard_acquire.o)
    0x080042ec   0x080042ec   0x00000006   Code   RO         3161    i.__mathlib_flt_infnan  m_ws.l(funder.o)
    0x080042f2   0x080042f2   0x00000008   Code   RO         3163    i.__mathlib_flt_invalid  m_ws.l(funder.o)
    0x080042fa   0x080042fa   0x0000000a   Code   RO         3166    i.__mathlib_flt_underflow  m_ws.l(funder.o)
    0x08004304   0x08004304   0x00000168   Code   RO         3174    i.__mathlib_rredf2  m_ws.l(rredf.o)
    0x0800446c   0x0800446c   0x0000017c   Code   RO         3044    i.cosf              m_ws.l(cosf.o)
    0x080045e8   0x080045e8   0x00000052   Code   RO         2645    i.getCurrentMicros  timer.o
    0x0800463a   0x0800463a   0x0000003a   Code   RO           16    i.main              main.o
    0x08004674   0x08004674   0x00000188   Code   RO         3052    i.sinf              m_ws.l(sinf.o)
    0x080047fc   0x080047fc   0x00000062   Code   RO         2993    x$fpl$d2f           fz_ws.l(d2f.o)
    0x0800485e   0x0800485e   0x00000002   PAD
    0x08004860   0x08004860   0x00000150   Code   RO         2995    x$fpl$dadd          fz_ws.l(daddsub_clz.o)
    0x080049b0   0x080049b0   0x000002b0   Code   RO         3002    x$fpl$ddiv          fz_ws.l(ddiv.o)
    0x08004c60   0x08004c60   0x0000005e   Code   RO         3005    x$fpl$dfix          fz_ws.l(dfix.o)
    0x08004cbe   0x08004cbe   0x0000002e   Code   RO         3010    x$fpl$dflt          fz_ws.l(dflt_clz.o)
    0x08004cec   0x08004cec   0x00000026   Code   RO         3009    x$fpl$dfltu         fz_ws.l(dflt_clz.o)
    0x08004d12   0x08004d12   0x00000002   PAD
    0x08004d14   0x08004d14   0x00000154   Code   RO         3015    x$fpl$dmul          fz_ws.l(dmul.o)
    0x08004e68   0x08004e68   0x0000009c   Code   RO         3145    x$fpl$dnaninf       fz_ws.l(dnaninf.o)
    0x08004f04   0x08004f04   0x0000000c   Code   RO         3147    x$fpl$dretinf       fz_ws.l(dretinf.o)
    0x08004f10   0x08004f10   0x00000016   Code   RO         2996    x$fpl$drsb          fz_ws.l(daddsub_clz.o)
    0x08004f26   0x08004f26   0x00000002   PAD
    0x08004f28   0x08004f28   0x000001d4   Code   RO         2997    x$fpl$dsub          fz_ws.l(daddsub_clz.o)
    0x080050fc   0x080050fc   0x00000056   Code   RO         3017    x$fpl$f2d           fz_ws.l(f2d.o)
    0x08005152   0x08005152   0x00000002   PAD
    0x08005154   0x08005154   0x000000c4   Code   RO         3019    x$fpl$fadd          fz_ws.l(faddsub_clz.o)
    0x08005218   0x08005218   0x0000000c   Code   RO         3250    x$fpl$fcheck1       fz_ws.l(fcheck1.o)
    0x08005224   0x08005224   0x00000018   Code   RO         3149    x$fpl$fcmpinf       fz_ws.l(fcmpi.o)
    0x0800523c   0x0800523c   0x00000184   Code   RO         3026    x$fpl$fdiv          fz_ws.l(fdiv.o)
    0x080053c0   0x080053c0   0x00000068   Code   RO         3029    x$fpl$feqf          fz_ws.l(feqf.o)
    0x08005428   0x08005428   0x00000036   Code   RO         3031    x$fpl$ffix          fz_ws.l(ffix.o)
    0x0800545e   0x0800545e   0x00000002   PAD
    0x08005460   0x08005460   0x00000030   Code   RO         3036    x$fpl$fflt          fz_ws.l(fflt_clz.o)
    0x08005490   0x08005490   0x00000026   Code   RO         3035    x$fpl$ffltu         fz_ws.l(fflt_clz.o)
    0x080054b6   0x080054b6   0x00000002   PAD
    0x080054b8   0x080054b8   0x00000102   Code   RO         3041    x$fpl$fmul          fz_ws.l(fmul.o)
    0x080055ba   0x080055ba   0x0000008c   Code   RO         3151    x$fpl$fnaninf       fz_ws.l(fnaninf.o)
    0x08005646   0x08005646   0x0000000a   Code   RO         3153    x$fpl$fretinf       fz_ws.l(fretinf.o)
    0x08005650   0x08005650   0x00000060   Code   RO         3155    x$fpl$frnd          fz_ws.l(frnd.o)
    0x080056b0   0x080056b0   0x00000014   Code   RO         3020    x$fpl$frsb          fz_ws.l(faddsub_clz.o)
    0x080056c4   0x080056c4   0x000000ea   Code   RO         3021    x$fpl$fsub          fz_ws.l(faddsub_clz.o)
    0x080057ae   0x080057ae   0x00000064   Code   RO         3282    x$fpl$retnan        fz_ws.l(retnan.o)
    0x08005812   0x08005812   0x0000004c   Code   RO         3223    x$fpl$scalbnf       fz_ws.l(scalbnf.o)
    0x0800585e   0x0800585e   0x00000030   Code   RO         3295    x$fpl$trapveneer    fz_ws.l(trapv.o)
    0x0800588e   0x0800588e   0x00000000   Code   RO         3157    x$fpl$usenofp       fz_ws.l(usenofp.o)
    0x0800588e   0x0800588e   0x00000018   Data   RO         2489    .constdata          system_stm32f1xx.o
    0x080058a6   0x080058a6   0x00000018   Data   RO         2805    .constdata          canopen_process.o
    0x080058be   0x080058be   0x00000002   PAD
    0x080058c0   0x080058c0   0x00000020   Data   RO         3175    .constdata          m_ws.l(rredf.o)
    0x080058e0   0x080058e0   0x00000020   Data   RO         3316    Region$$Table       anon$$obj.o


    Execution Region RW_IRAM1 (Exec base: 0x20000000, Load base: 0x08005900, Size: 0x00000ab0, Max: 0x00005000, ABSOLUTE)

    Exec Addr    Load Addr    Size         Type   Attr      Idx    E Section Name        Object

    0x20000000   0x08005900   0x00000009   Data   RW          927    .data               stm32f1xx_hal.o
    0x20000009   0x08005909   0x00000003   PAD
    0x2000000c   0x0800590c   0x00000004   Data   RW         2490    .data               system_stm32f1xx.o
    0x20000010   0x08005910   0x00000010   Data   RW         2706    .data               robot.o
    0x20000020   0x08005920   0x00000004   Data   RW         2599    .data__ZZN11Data_holder3getEvE2dh  data_process.o
    0x20000024   0x08005924   0x0000000c   Data   RW           59    .data__ZZN5Robot3getEvE2dh  main.o
    0x20000030        -       0x00000028   Zero   RW          236    .bss                can.o
    0x20000058        -       0x00000198   Zero   RW          308    .bss                usart.o
    0x200001f0        -       0x00000018   Zero   RW         2705    .bss                robot.o
    0x20000208        -       0x00000060   Zero   RW         3180    .bss                c_w.l(libspace.o)
    0x20000268        -       0x00000244   Zero   RW         2600    .bss__ZZN11Data_holder3getEvE2dh  data_process.o
    0x200004ac   0x08005930   0x00000004   PAD
    0x200004b0        -       0x00000200   Zero   RW            2    HEAP                startup_stm32f103xb.o
    0x200006b0        -       0x00000400   Zero   RW            1    STACK               startup_stm32f103xb.o


==============================================================================

Image component sizes


      Code (inc. data)   RO Data    RW Data    ZI Data      Debug   Object Name

       256         24          0          0         40       1611   can.o
      1168         72         24          0          0      12195   canopen_process.o
       246         34          0          0          0        928   data_holder.o
       460         26          0          4        580       4472   data_process.o
       100          4          0          0          0        730   dma.o
       144          8          0          0          0       1623   gpio.o
       304         24          0         12          0     408639   main.o
      2746         94          0         16         24       6988   robot.o
        64         26        236          0       1536        780   startup_stm32f103xb.o
       192         36          0          9          0       5681   stm32f1xx_hal.o
      2162          0          0          0          0      13805   stm32f1xx_hal_can.o
       304         22          0          0          0      29223   stm32f1xx_hal_cortex.o
       978         12          0          0          0       4686   stm32f1xx_hal_dma.o
       832         34          0          0          0       3205   stm32f1xx_hal_gpio.o
         0          0          0          0          0     396416   stm32f1xx_hal_gpio_ex.o
        84         10          0          0          0        850   stm32f1xx_hal_msp.o
      1784        110          0          0          0       5792   stm32f1xx_hal_rcc.o
      2268         24          0          0          0      14869   stm32f1xx_hal_uart.o
       166         46          0          0          0       7223   stm32f1xx_it.o
         2          0         24          4          0       1055   system_stm32f1xx.o
        94          0          0          0          0       1215   timer.o
       624         60          0          0        408       2547   usart.o

    ----------------------------------------------------------------------
     14994        666        318         48       2592     924533   Object Totals
         0          0         32          0          0          0   (incl. Generated)
        16          0          2          3          4          0   (incl. Padding)

    ----------------------------------------------------------------------

      Code (inc. data)   RO Data    RW Data    ZI Data      Debug   Library Member Name

         8          0          0          0          0         68   __main.o
       104          0          0          0          0         84   __printf.o
         0          0          0          0          0          0   __rtentry.o
        12          0          0          0          0          0   __rtentry2.o
         6          0          0          0          0          0   __rtentry4.o
        52          8          0          0          0          0   __scatter.o
        26          0          0          0          0          0   __scatter_copy.o
        28          0          0          0          0          0   __scatter_zi.o
        44          0          0          0          0        108   _printf_char.o
        48          6          0          0          0         96   _printf_char_common.o
         6          0          0          0          0          0   _printf_d.o
       120         16          0          0          0         92   _printf_dec.o
       178          0          0          0          0         88   _printf_intcommon.o
         0          0          0          0          0          0   _printf_percent.o
         4          0          0          0          0          0   _printf_percent_end.o
         6          0          0          0          0          0   _printf_s.o
        82          0          0          0          0         80   _printf_str.o
        22          0          0          0          0        100   _rserrno.o
        10          0          0          0          0         68   _sputc.o
        10          0          0          0          0         68   defsig_exit.o
        50          0          0          0          0         88   defsig_general.o
        80         58          0          0          0         76   defsig_rtmem_inner.o
        14          0          0          0          0         80   defsig_rtmem_outer.o
        18          0          0          0          0         80   exit.o
        94          0          0          0          0         80   h1_alloc.o
        52          0          0          0          0         68   h1_extend.o
        78          0          0          0          0         80   h1_free.o
        14          0          0          0          0         84   h1_init.o
         6          0          0          0          0        152   heapauxi.o
         4          0          0          0          0        136   hguard.o
         0          0          0          0          0          0   indicate_semi.o
       138          0          0          0          0        168   init_alloc.o
         2          0          0          0          0          0   libinit.o
        10          0          0          0          0          0   libinit2.o
         2          0          0          0          0          0   libshutdown.o
         2          0          0          0          0          0   libshutdown2.o
         8          4          0          0         96         68   libspace.o
         0          0          0          0          0          0   maybetermalloc1.o
        40          6          0          0          0         84   noretval__2sprintf.o
         8          4          0          0          0         68   rt_errno_addr_intlibspace.o
         8          4          0          0          0         68   rt_heap_descriptor_intlibspace.o
        68          0          0          0          0         68   rt_memclr.o
        78          0          0          0          0         80   rt_memclr_w.o
       138          0          0          0          0         68   rt_memcpy_v6.o
       100          0          0          0          0         80   rt_memcpy_w.o
         2          0          0          0          0          0   rtexit.o
        10          0          0          0          0          0   rtexit2.o
        86          0          0          0          0         76   strncpy.o
        12          4          0          0          0         68   sys_exit.o
        74          0          0          0          0         80   sys_stackheap_outer.o
        14          0          0          0          0         76   sys_wrch.o
         2          0          0          0          0         68   use_no_semi.o
        16          0          0          0          0         68   cxa_guard_acquire.o
        98          4          0          0          0         92   d2f.o
       826         16          0          0          0        348   daddsub_clz.o
       688        140          0          0          0        208   ddiv.o
        94          4          0          0          0         92   dfix.o
        84          0          0          0          0        136   dflt_clz.o
       340         12          0          0          0        104   dmul.o
       156          4          0          0          0         92   dnaninf.o
        12          0          0          0          0         68   dretinf.o
        86          4          0          0          0         84   f2d.o
       450          8          0          0          0        236   faddsub_clz.o
        12          4          0          0          0         68   fcheck1.o
        24          0          0          0          0         68   fcmpi.o
       388         76          0          0          0         96   fdiv.o
       104          4          0          0          0         84   feqf.o
        54          4          0          0          0         84   ffix.o
        86          0          0          0          0        136   fflt_clz.o
       258          4          0          0          0         84   fmul.o
       140          4          0          0          0         84   fnaninf.o
        10          0          0          0          0         68   fretinf.o
        96          4          0          0          0         76   frnd.o
       100          0          0          0          0         68   retnan.o
        76          0          0          0          0         68   scalbnf.o
        48          0          0          0          0         68   trapv.o
         0          0          0          0          0          0   usenofp.o
       380         52          0          0          0        124   cosf.o
        38          0          0          0          0         68   fpclassifyf.o
        24          0          0          0          0        204   funder.o
       360         16         32          0          0         88   rredf.o
       392         54          0          0          0        124   sinf.o

    ----------------------------------------------------------------------
      7440        524         32          0         96       6084   Library Totals
        22          0          0          0          0          0   (incl. Padding)

    ----------------------------------------------------------------------

      Code (inc. data)   RO Data    RW Data    ZI Data      Debug   Library Name

      1978        110          0          0         96       2896   c_w.l
        16          0          0          0          0         68   cpprt_w.l
      4230        292          0          0          0       2512   fz_ws.l
      1194        122         32          0          0        608   m_ws.l

    ----------------------------------------------------------------------
      7440        524         32          0         96       6084   Library Totals

    ----------------------------------------------------------------------

==============================================================================


      Code (inc. data)   RO Data    RW Data    ZI Data      Debug   

     22434       1190        350         48       2688     920629   Grand Totals
     22434       1190        350         48       2688     920629   ELF Image Totals
     22434       1190        350         48          0          0   ROM Totals

==============================================================================

    Total RO  Size (Code + RO Data)                22784 (  22.25kB)
    Total RW  Size (RW Data + ZI Data)              2736 (   2.67kB)
    Total ROM Size (Code + RO Data + RW Data)      22832 (  22.30kB)

==============================================================================

