Component: ARM Compiler 5.06 update 7 (build 960) Tool: armlink [4d3601]

==============================================================================

Section Cross References

    startup_stm32f103xb.o(STACK) refers (Special) to heapauxi.o(.text) for __use_two_region_memory
    startup_stm32f103xb.o(HEAP) refers (Special) to heapauxi.o(.text) for __use_two_region_memory
    startup_stm32f103xb.o(RESET) refers (Special) to heapauxi.o(.text) for __use_two_region_memory
    startup_stm32f103xb.o(RESET) refers to startup_stm32f103xb.o(STACK) for __initial_sp
    startup_stm32f103xb.o(RESET) refers to startup_stm32f103xb.o(.text) for Reset_Handler
    startup_stm32f103xb.o(RESET) refers to stm32f1xx_it.o(i.NMI_Handler) for NMI_Handler
    startup_stm32f103xb.o(RESET) refers to stm32f1xx_it.o(i.HardFault_Handler) for HardFault_Handler
    startup_stm32f103xb.o(RESET) refers to stm32f1xx_it.o(i.MemManage_Handler) for MemManage_Handler
    startup_stm32f103xb.o(RESET) refers to stm32f1xx_it.o(i.BusFault_Handler) for BusFault_Handler
    startup_stm32f103xb.o(RESET) refers to stm32f1xx_it.o(i.UsageFault_Handler) for UsageFault_Handler
    startup_stm32f103xb.o(RESET) refers to stm32f1xx_it.o(i.SVC_Handler) for SVC_Handler
    startup_stm32f103xb.o(RESET) refers to stm32f1xx_it.o(i.DebugMon_Handler) for DebugMon_Handler
    startup_stm32f103xb.o(RESET) refers to stm32f1xx_it.o(i.PendSV_Handler) for PendSV_Handler
    startup_stm32f103xb.o(RESET) refers to stm32f1xx_it.o(i.SysTick_Handler) for SysTick_Handler
    startup_stm32f103xb.o(RESET) refers to stm32f1xx_it.o(i.DMA1_Channel2_IRQHandler) for DMA1_Channel2_IRQHandler
    startup_stm32f103xb.o(RESET) refers to stm32f1xx_it.o(i.DMA1_Channel3_IRQHandler) for DMA1_Channel3_IRQHandler
    startup_stm32f103xb.o(RESET) refers to stm32f1xx_it.o(i.DMA1_Channel4_IRQHandler) for DMA1_Channel4_IRQHandler
    startup_stm32f103xb.o(RESET) refers to stm32f1xx_it.o(i.DMA1_Channel5_IRQHandler) for DMA1_Channel5_IRQHandler
    startup_stm32f103xb.o(RESET) refers to stm32f1xx_it.o(i.USB_HP_CAN1_TX_IRQHandler) for USB_HP_CAN1_TX_IRQHandler
    startup_stm32f103xb.o(RESET) refers to stm32f1xx_it.o(i.USB_LP_CAN1_RX0_IRQHandler) for USB_LP_CAN1_RX0_IRQHandler
    startup_stm32f103xb.o(RESET) refers to stm32f1xx_it.o(i.USART1_IRQHandler) for USART1_IRQHandler
    startup_stm32f103xb.o(RESET) refers to stm32f1xx_it.o(i.USART3_IRQHandler) for USART3_IRQHandler
    startup_stm32f103xb.o(.text) refers (Special) to heapauxi.o(.text) for __use_two_region_memory
    startup_stm32f103xb.o(.text) refers to system_stm32f1xx.o(i.SystemInit) for SystemInit
    startup_stm32f103xb.o(.text) refers to __main.o(!!!main) for __main
    startup_stm32f103xb.o(.text) refers to startup_stm32f103xb.o(HEAP) for Heap_Mem
    startup_stm32f103xb.o(.text) refers to startup_stm32f103xb.o(STACK) for Stack_Mem
    gpio.o(i.MX_GPIO_Init) refers to stm32f1xx_hal_gpio.o(i.HAL_GPIO_WritePin) for HAL_GPIO_WritePin
    gpio.o(i.MX_GPIO_Init) refers to stm32f1xx_hal_gpio.o(i.HAL_GPIO_Init) for HAL_GPIO_Init
    gpio.o(.ARM.exidx) refers to gpio.o(i.MX_GPIO_Init) for i.MX_GPIO_Init
    can.o(i.HAL_CAN_MspDeInit) refers to stm32f1xx_hal_gpio.o(i.HAL_GPIO_DeInit) for HAL_GPIO_DeInit
    can.o(i.HAL_CAN_MspDeInit) refers to stm32f1xx_hal_cortex.o(i.HAL_NVIC_DisableIRQ) for HAL_NVIC_DisableIRQ
    can.o(i.HAL_CAN_MspInit) refers to stm32f1xx_hal_gpio.o(i.HAL_GPIO_Init) for HAL_GPIO_Init
    can.o(i.HAL_CAN_MspInit) refers to stm32f1xx_hal_cortex.o(i.HAL_NVIC_SetPriority) for HAL_NVIC_SetPriority
    can.o(i.HAL_CAN_MspInit) refers to stm32f1xx_hal_cortex.o(i.HAL_NVIC_EnableIRQ) for HAL_NVIC_EnableIRQ
    can.o(i.MX_CAN_Init) refers to stm32f1xx_hal_can.o(i.HAL_CAN_Init) for HAL_CAN_Init
    can.o(i.MX_CAN_Init) refers to main.o(i.Error_Handler) for Error_Handler
    can.o(i.MX_CAN_Init) refers to can.o(.bss) for .bss
    can.o(.ARM.exidx) refers to can.o(i.MX_CAN_Init) for i.MX_CAN_Init
    can.o(.ARM.exidx) refers to can.o(i.HAL_CAN_MspInit) for i.HAL_CAN_MspInit
    can.o(.ARM.exidx) refers to can.o(i.HAL_CAN_MspDeInit) for i.HAL_CAN_MspDeInit
    dma.o(i.MX_DMA_Init) refers to stm32f1xx_hal_cortex.o(i.HAL_NVIC_SetPriority) for HAL_NVIC_SetPriority
    dma.o(i.MX_DMA_Init) refers to stm32f1xx_hal_cortex.o(i.HAL_NVIC_EnableIRQ) for HAL_NVIC_EnableIRQ
    dma.o(.ARM.exidx) refers to dma.o(i.MX_DMA_Init) for i.MX_DMA_Init
    stm32f1xx_it.o(i.DMA1_Channel2_IRQHandler) refers to stm32f1xx_hal_dma.o(i.HAL_DMA_IRQHandler) for HAL_DMA_IRQHandler
    stm32f1xx_it.o(i.DMA1_Channel2_IRQHandler) refers to usart.o(.bss) for hdma_usart3_tx
    stm32f1xx_it.o(i.DMA1_Channel3_IRQHandler) refers to stm32f1xx_hal_dma.o(i.HAL_DMA_IRQHandler) for HAL_DMA_IRQHandler
    stm32f1xx_it.o(i.DMA1_Channel3_IRQHandler) refers to usart.o(.bss) for hdma_usart3_rx
    stm32f1xx_it.o(i.DMA1_Channel4_IRQHandler) refers to stm32f1xx_hal_dma.o(i.HAL_DMA_IRQHandler) for HAL_DMA_IRQHandler
[...]
    .ARM.Collect$$libinit$$0000000E          0x0800017a   Section        0  libinit2.o(.ARM.Collect$$libinit$$0000000E)
    .ARM.Collect$$libinit$$00000011          0x0800017a   Section        0  libinit2.o(.ARM.Collect$$libinit$$00000011)
    .ARM.Collect$$libinit$$00000013          0x0800017a   Section        0  libinit2.o(.ARM.Collect$$libinit$$00000013)
    .ARM.Collect$$libinit$$00000015          0x0800017a   Section        0  libinit2.o(.ARM.Collect$$libinit$$00000015)
    .ARM.Collect$$libinit$$00000017          0x0800017a   Section        0  libinit2.o(.ARM.Collect$$libinit$$00000017)
    .ARM.Collect$$libinit$$00000019          0x0800017a   Section        0  libinit2.o(.ARM.Collect$$libinit$$00000019)
    .ARM.Collect$$libinit$$0000001B          0x0800017a   Section        0  libinit2.o(.ARM.Collect$$libinit$$0000001B)
    .ARM.Collect$$libinit$$0000001D          0x0800017a   Section        0  libinit2.o(.ARM.Collect$$libinit$$0000001D)
    .ARM.Collect$$libinit$$0000001F          0x0800017a   Section        0  libinit2.o(.ARM.Collect$$libinit$$0000001F)
    .ARM.Collect$$libinit$$00000021          0x0800017a   Section        0  libinit2.o(.ARM.Collect$$libinit$$00000021)
    .ARM.Collect$$libinit$$00000023          0x0800017a   Section        0  libinit2.o(.ARM.Collect$$libinit$$00000023)
    .ARM.Collect$$libinit$$00000025          0x0800017a   Section        0  libinit2.o(.ARM.Collect$$libinit$$00000025)
    .ARM.Collect$$libinit$$0000002C          0x0800017a   Section        0  libinit2.o(.ARM.Collect$$libinit$$0000002C)
    .ARM.Collect$$libinit$$0000002E          0x0800017a   Section        0  libinit2.o(.ARM.Collect$$libinit$$0000002E)
    .ARM.Collect$$libinit$$00000030          0x0800017a   Section        0  libinit2.o(.ARM.Collect$$libinit$$00000030)
    .ARM.Collect$$libinit$$00000032          0x0800017a   Section        0  libinit2.o(.ARM.Collect$$libinit$$00000032)
    .ARM.Collect$$libinit$$00000033          0x0800017a   Section        2  libinit2.o(.ARM.Collect$$libinit$$00000033)
    .ARM.Collect$$libshutdown$$00000000      0x0800017c   Section        2  libshutdown.o(.ARM.Collect$$libshutdown$$00000000)
    .ARM.Collect$$libshutdown$$00000002      0x0800017e   Section        0  libshutdown2.o(.ARM.Collect$$libshutdown$$00000002)
    .ARM.Collect$$libshutdown$$00000004      0x0800017e   Section        0  libshutdown2.o(.ARM.Collect$$libshutdown$$00000004)
    .ARM.Collect$$libshutdown$$00000006      0x0800017e   Section        0  libshutdown2.o(.ARM.Collect$$libshutdown$$00000006)
    .ARM.Collect$$libshutdown$$00000009      0x0800017e   Section        0  libshutdown2.o(.ARM.Collect$$libshutdown$$00000009)
    .ARM.Collect$$libshutdown$$0000000C      0x0800017e   Section        0  libshutdown2.o(.ARM.Collect$$libshutdown$$0000000C)
    .ARM.Collect$$libshutdown$$0000000E      0x0800017e   Section        0  libshutdown2.o(.ARM.Collect$$libshutdown$$0000000E)
    .ARM.Collect$$libshutdown$$00000011      0x0800017e   Section        0  libshutdown2.o(.ARM.Collect$$libshutdown$$00000011)
    .ARM.Collect$$libshutdown$$00000012      0x0800017e   Section        2  libshutdown2.o(.ARM.Collect$$libshutdown$$00000012)
    .ARM.Collect$$rtentry$$00000000          0x08000180   Section        0  __rtentry.o(.ARM.Collect$$rtentry$$00000000)
    .ARM.Collect$$rtentry$$00000002          0x08000180   Section        0  __rtentry2.o(.ARM.Collect$$rtentry$$00000002)
    .ARM.Collect$$rtentry$$00000004          0x08000180   Section        6  __rtentry4.o(.ARM.Collect$$rtentry$$00000004)
    .ARM.Collect$$rtentry$$00000009          0x08000186   Section        0  __rtentry2.o(.ARM.Collect$$rtentry$$00000009)
    .ARM.Collect$$rtentry$$0000000A          0x08000186   Section        4  __rtentry2.o(.ARM.Collect$$rtentry$$0000000A)
    .ARM.Collect$$rtentry$$0000000C          0x0800018a   Section        0  __rtentry2.o(.ARM.Collect$$rtentry$$0000000C)
    .ARM.Collect$$rtentry$$0000000D          0x0800018a   Section        8  __rtentry2.o(.ARM.Collect$$rtentry$$0000000D)
    .ARM.Collect$$rtexit$$00000000           0x08000192   Section        2  rtexit.o(.ARM.Collect$$rtexit$$00000000)
    .ARM.Collect$$rtexit$$00000002           0x08000194   Section        0  rtexit2.o(.ARM.Collect$$rtexit$$00000002)
    .ARM.Collect$$rtexit$$00000003           0x08000194   Section        4  rtexit2.o(.ARM.Collect$$rtexit$$00000003)
    .ARM.Collect$$rtexit$$00000004           0x08000198   Section        6  rtexit2.o(.ARM.Collect$$rtexit$$00000004)
    .emb_text                                0x080001a0   Section        0  maybetermalloc1.o(.emb_text)
    .text                                    0x080001a0   Section       64  startup_stm32f103xb.o(.text)
    .text                                    0x080001e0   Section        0  h1_alloc.o(.text)
    .text                                    0x0800023e   Section        0  h1_free.o(.text)
    .text                                    0x0800028c   Section       38  llushr.o(.text)
    .text                                    0x080002b4   Section        0  noretval__2sprintf.o(.text)
    .text                                    0x080002dc   Section        0  __printf.o(.text)
    .text                                    0x08000344   Section        0  _printf_str.o(.text)
    .text                                    0x08000398   Section        0  _printf_dec.o(.text)
    .text                                    0x08000410   Section      138  rt_memcpy_v6.o(.text)
    .text                                    0x0800049a   Section       68  rt_memclr.o(.text)
    .text                                    0x080004de   Section       78  rt_memclr_w.o(.text)
    .text                                    0x0800052c   Section       86  strncpy.o(.text)
    .text                                    0x08000582   Section        0  heapauxi.o(.text)
    .text                                    0x08000588   Section        8  rt_heap_descriptor_intlibspace.o(.text)
    .text                                    0x08000590   Section        0  hguard.o(.text)
    .text                                    0x08000594   Section        0  init_alloc.o(.text)
    .text                                    0x0800061e   Section        0  h1_init.o(.text)
    .text                                    0x0800062c   Section        0  _printf_intcommon.o(.text)
    .text                                    0x080006e0   Section        0  _printf_char_common.o(.text)
    _printf_input_char                       0x080006e1   Thumb Code    10  _printf_char_common.o(.text)
    .text                                    0x08000710   Section        0  _sputc.o(.text)
    .text                                    0x0800071a   Section        0  _printf_char.o(.text)
    .text                                    0x08000746   Section      100  rt_memcpy_w.o(.text)
    .text                                    0x080007ac   Section        8  libspace.o(.text)
    .text                                    0x080007b4   Section        0  h1_extend.o(.text)
    .text                                    0x080007e8   Section        0  defsig_rtmem_outer.o(.text)
    .text                                    0x080007f6   Section        2  use_no_semi.o(.text)
    .text                                    0x080007f8   Section        0  indicate_semi.o(.text)
    .text                                    0x080007f8   Section       74  sys_stackheap_outer.o(.text)
    .text                                    0x08000842   Section        0  exit.o(.text)
    .text                                    0x08000854   Section        0  defsig_exit.o(.text)
    .text                                    0x08000860   Section        0  defsig_rtmem_inner.o(.text)
    .text                                    0x080008b0   Section        0  sys_exit.o(.text)
    .text                                    0x080008bc   Section        0  defsig_general.o(.text)
    .text                                    0x080008ee   Section        0  sys_wrch.o(.text)
    i.BusFault_Handler                       0x080008fc   Section        0  stm32f1xx_it.o(i.BusFault_Handler)
    i.CRC_Calculate                          0x080008fe   Section        0  data_process.o(i.CRC_Calculate)
    i.DMA1_Channel2_IRQHandler               0x08000914   Section        0  stm32f1xx_it.o(i.DMA1_Channel2_IRQHandler)
    i.DMA1_Channel3_IRQHandler               0x08000920   Section        0  stm32f1xx_it.o(i.DMA1_Channel3_IRQHandler)
    i.DMA1_Channel4_IRQHandler               0x0800092c   Section        0  stm32f1xx_it.o(i.DMA1_Channel4_IRQHandler)
    i.DMA1_Channel5_IRQHandler               0x08000938   Section        0  stm32f1xx_it.o(i.DMA1_Channel5_IRQHandler)
    i.DebugMon_Handler                       0x08000944   Section        0  stm32f1xx_it.o(i.DebugMon_Handler)
    i.Error_Handler                          0x08000948   Section        0  main.o(i.Error_Handler)
    i.FLASH_WaitForLastOperation             0x0800096c   Section        0  stm32f1xx_hal_flash.o(i.FLASH_WaitForLastOperation)
    i.Flash_Write_data                       0x080009c0   Section        0  flash.o(i.Flash_Write_data)
    i.HAL_CAN_ErrorCallback                  0x080009cc   Section        0  stm32f1xx_hal_can.o(i.HAL_CAN_ErrorCallback)
    i.HAL_CAN_IRQHandler                     0x080009ce   Section        0  stm32f1xx_hal_can.o(i.HAL_CAN_IRQHandler)
    i.HAL_CAN_Init                           0x08000bca   Section        0  stm32f1xx_hal_can.o(i.HAL_CAN_Init)
    i.HAL_CAN_MspInit                        0x08000ce4   Section        0  can.o(i.HAL_CAN_MspInit)
    i.HAL_CAN_RxFifo0FullCallback            0x08000d70   Section        0  stm32f1xx_hal_can.o(i.HAL_CAN_RxFifo0FullCallback)
    i.HAL_CAN_RxFifo0MsgPendingCallback      0x08000d72   Section        0  stm32f1xx_hal_can.o(i.HAL_CAN_RxFifo0MsgPendingCallback)
    i.HAL_CAN_RxFifo1FullCallback            0x08000d74   Section        0  stm32f1xx_hal_can.o(i.HAL_CAN_RxFifo1FullCallback)
    i.HAL_CAN_RxFifo1MsgPendingCallback      0x08000d76   Section        0  stm32f1xx_hal_can.o(i.HAL_CAN_RxFifo1MsgPendingCallback)
    i.HAL_CAN_SleepCallback                  0x08000d78   Section        0  stm32f1xx_hal_can.o(i.HAL_CAN_SleepCallback)
    i.HAL_CAN_TxMailbox0AbortCallback        0x08000d7a   Section        0  stm32f1xx_hal_can.o(i.HAL_CAN_TxMailbox0AbortCallback)
    i.HAL_CAN_TxMailbox0CompleteCallback     0x08000d7c   Section        0  stm32f1xx_hal_can.o(i.HAL_CAN_TxMailbox0CompleteCallback)
    i.HAL_CAN_TxMailbox1AbortCallback        0x08000d7e   Section        0  stm32f1xx_hal_can.o(i.HAL_CAN_TxMailbox1AbortCallback)
    i.HAL_CAN_TxMailbox1CompleteCallback     0x08000d80   Section        0  stm32f1xx_hal_can.o(i.HAL_CAN_TxMailbox1CompleteCallback)
    i.HAL_CAN_TxMailbox2AbortCallback        0x08000d82   Section        0  stm32f1xx_hal_can.o(i.HAL_CAN_TxMailbox2AbortCallback)
    i.HAL_CAN_TxMailbox2CompleteCallback     0x08000d84   Section        0  stm32f1xx_hal_can.o(i.HAL_CAN_TxMailbox2CompleteCallback)
    i.HAL_CAN_WakeUpFromRxMsgCallback        0x08000d86   Section        0  stm32f1xx_hal_can.o(i.HAL_CAN_WakeUpFromRxMsgCallback)
    i.HAL_DMA_Abort                          0x08000d88   Section        0  stm32f1xx_hal_dma.o(i.HAL_DMA_Abort)
    i.HAL_DMA_Abort_IT                       0x08000dd0   Section        0  stm32f1xx_hal_dma.o(i.HAL_DMA_Abort_IT)
    i.HAL_DMA_IRQHandler                     0x08000e68   Section        0  stm32f1xx_hal_dma.o(i.HAL_DMA_IRQHandler)
    i.HAL_DMA_Init                           0x08000fbc   Section        0  stm32f1xx_hal_dma.o(i.HAL_DMA_Init)
    i.HAL_DMA_Start_IT                       0x08001018   Section        0  stm32f1xx_hal_dma.o(i.HAL_DMA_Start_IT)
    i.HAL_Delay                              0x08001088   Section        0  stm32f1xx_hal.o(i.HAL_Delay)
    i.HAL_FLASH_Lock                         0x080010ac   Section        0  stm32f1xx_hal_flash.o(i.HAL_FLASH_Lock)
    i.HAL_FLASH_Program                      0x080010c0   Section        0  stm32f1xx_hal_flash.o(i.HAL_FLASH_Program)
    i.HAL_FLASH_Unlock                       0x08001140   Section        0  stm32f1xx_hal_flash.o(i.HAL_FLASH_Unlock)
    i.HAL_GPIO_Init                          0x08001168   Section        0  stm32f1xx_hal_gpio.o(i.HAL_GPIO_Init)
    i.HAL_GPIO_TogglePin                     0x08001348   Section        0  stm32f1xx_hal_gpio.o(i.HAL_GPIO_TogglePin)
    i.HAL_GPIO_WritePin                      0x08001358   Section        0  stm32f1xx_hal_gpio.o(i.HAL_GPIO_WritePin)
    i.HAL_GetTick                            0x08001364   Section        0  stm32f1xx_hal.o(i.HAL_GetTick)
    i.HAL_IncTick                            0x08001370   Section        0  stm32f1xx_hal.o(i.HAL_IncTick)
    i.HAL_Init                               0x08001380   Section        0  stm32f1xx_hal.o(i.HAL_Init)
    i.HAL_InitTick                           0x080013a4   Section        0  stm32f1xx_hal.o(i.HAL_InitTick)
    i.HAL_MspInit                            0x080013e4   Section        0  stm32f1xx_hal_msp.o(i.HAL_MspInit)
    i.HAL_NVIC_EnableIRQ                     0x0800141c   Section        0  stm32f1xx_hal_cortex.o(i.HAL_NVIC_EnableIRQ)
    i.HAL_NVIC_SetPriority                   0x08001438   Section        0  stm32f1xx_hal_cortex.o(i.HAL_NVIC_SetPriority)
    i.HAL_NVIC_SetPriorityGrouping           0x08001478   Section        0  stm32f1xx_hal_cortex.o(i.HAL_NVIC_SetPriorityGrouping)
    i.HAL_RCC_ClockConfig                    0x0800149c   Section        0  stm32f1xx_hal_rcc.o(i.HAL_RCC_ClockConfig)
    i.HAL_RCC_GetPCLK1Freq                   0x080015c8   Section        0  stm32f1xx_hal_rcc.o(i.HAL_RCC_GetPCLK1Freq)
    i.HAL_RCC_GetPCLK2Freq                   0x080015e8   Section        0  stm32f1xx_hal_rcc.o(i.HAL_RCC_GetPCLK2Freq)
    i.HAL_RCC_GetSysClockFreq                0x08001608   Section        0  stm32f1xx_hal_rcc.o(i.HAL_RCC_GetSysClockFreq)
    i.HAL_RCC_OscConfig                      0x08001674   Section        0  stm32f1xx_hal_rcc.o(i.HAL_RCC_OscConfig)
    i.HAL_SYSTICK_Config                     0x08001994   Section        0  stm32f1xx_hal_cortex.o(i.HAL_SYSTICK_Config)
    i.HAL_UARTEx_RxEventCallback             0x080019bc   Section        0  stm32f1xx_hal_uart.o(i.HAL_UARTEx_RxEventCallback)
    i.HAL_UART_DMAStop                       0x080019be   Section        0  stm32f1xx_hal_uart.o(i.HAL_UART_DMAStop)
    i.HAL_UART_ErrorCallback                 0x08001a16   Section        0  stm32f1xx_hal_uart.o(i.HAL_UART_ErrorCallback)
    i.HAL_UART_IRQHandler                    0x08001a18   Section        0  stm32f1xx_hal_uart.o(i.HAL_UART_IRQHandler)
    i.HAL_UART_Init                          0x08001c24   Section        0  stm32f1xx_hal_uart.o(i.HAL_UART_Init)
    i.HAL_UART_MspInit                       0x08001c88   Section        0  usart.o(i.HAL_UART_MspInit)
    i.HAL_UART_Receive_DMA                   0x08001e1c   Section        0  stm32f1xx_hal_uart.o(i.HAL_UART_Receive_DMA)
    i.HAL_UART_RxCpltCallback                0x08001e46   Section        0  stm32f1xx_hal_uart.o(i.HAL_UART_RxCpltCallback)
    i.HAL_UART_RxHalfCpltCallback            0x08001e48   Section        0  stm32f1xx_hal_uart.o(i.HAL_UART_RxHalfCpltCallback)
    i.HAL_UART_Transmit                      0x08001e4c   Section        0  stm32f1xx_hal_uart.o(i.HAL_UART_Transmit)
    i.HAL_UART_TxCpltCallback                0x08001efe   Section        0  stm32f1xx_hal_uart.o(i.HAL_UART_TxCpltCallback)
    i.HardFault_Handler                      0x08001f00   Section        0  stm32f1xx_it.o(i.HardFault_Handler)
    i.MX_CAN_Init                            0x08001f04   Section        0  can.o(i.MX_CAN_Init)
    i.MX_DMA_Init                            0x08001f48   Section        0  dma.o(i.MX_DMA_Init)
    i.MX_GPIO_Init                           0x08001fa4   Section        0  gpio.o(i.MX_GPIO_Init)
    i.MX_USART1_UART_Init                    0x08002014   Section        0  usart.o(i.MX_USART1_UART_Init)
    i.MX_USART3_UART_Init                    0x0800204c   Section        0  usart.o(i.MX_USART3_UART_Init)
    i.MemManage_Handler                      0x08002084   Section        0  stm32f1xx_it.o(i.MemManage_Handler)
    i.NMI_Handler                            0x08002086   Section        0  stm32f1xx_it.o(i.NMI_Handler)
    i.PendSV_Handler                         0x08002088   Section        0  stm32f1xx_it.o(i.PendSV_Handler)
    i.Response_Messgae_process               0x0800208c   Section        0  data_process.o(i.Response_Messgae_process)
    i.SVC_Handler                            0x08002150   Section        0  stm32f1xx_it.o(i.SVC_Handler)
    i.SysTick_Handler                        0x08002152   Section        0  stm32f1xx_it.o(i.SysTick_Handler)
    i.SystemInit                             0x08002156   Section        0  system_stm32f1xx.o(i.SystemInit)
    i.UART_Start_Receive_DMA                 0x08002158   Section        0  stm32f1xx_hal_uart.o(i.UART_Start_Receive_DMA)
    i.USART1_IRQHandler                      0x080021c8   Section        0  stm32f1xx_it.o(i.USART1_IRQHandler)
    i.USART3_IRQHandler                      0x080021e0   Section        0  stm32f1xx_it.o(i.USART3_IRQHandler)
    i.USB_HP_CAN1_TX_IRQHandler              0x080021ec   Section        0  stm32f1xx_it.o(i.USB_HP_CAN1_TX_IRQHandler)
    i.USB_LP_CAN1_RX0_IRQHandler             0x080021f8   Section        0  stm32f1xx_it.o(i.USB_LP_CAN1_RX0_IRQHandler)
    i.USER_UART_IDLECallback                 0x08002204   Section        0  data_process.o(i.USER_UART_IDLECallback)
    i.USER_UART_IRQHandler                   0x08002250   Section        0  main.o(i.USER_UART_IRQHandler)
    i.UsageFault_Handler                     0x08002280   Section        0  stm32f1xx_it.o(i.UsageFault_Handler)
    i._Z18SystemClock_Configv                0x08002282   Section        0  main.o(i._Z18SystemClock_Configv)
    i._ZN11Data_holder14load_parameterEv     0x080022da   Section        0  data_holder.o(i._ZN11Data_holder14load_parameterEv)
    i._ZN11Data_holder14save_parameterEv     0x080022dc   Section        0  data_holder.o(i._ZN11Data_holder14save_parameterEv)
    i._ZN11Data_holder3getEv                 0x08002318   Section        0  data_process.o(i._ZN11Data_holder3getEv)
    i._ZN11Data_holderC1Ev                   0x08002344   Section        0  data_holder.o(i._ZN11Data_holderC1Ev)
    i._ZN41_INTERNAL_19_stm32f1xx_hal_dma_c_c25f65ec13DMA_SetConfigEP19__DMA_HandleTypeDefjjj 0x0800241c   Section        0  stm32f1xx_hal_dma.o(i._ZN41_INTERNAL_19_stm32f1xx_hal_dma_c_c25f65ec13DMA_SetConfigEP19__DMA_HandleTypeDefjjj)
    [local to stm32f1xx_hal_dma_c]::DMA_SetConfig(__DMA_HandleTypeDef*, unsigned, unsigned, unsigned) 0x0800241d   Thumb Code    42  stm32f1xx_hal_dma.o(i._ZN41_INTERNAL_19_stm32f1xx_hal_dma_c_c25f65ec13DMA_SetConfigEP19__DMA_HandleTypeDefjjj)
    i._ZN42_INTERNAL_20_stm32f1xx_hal_uart_c_d497114f13UART_DMAErrorEP19__DMA_HandleTypeDef 0x08002446   Section        0  stm32f1xx_hal_uart.o(i._ZN42_INTERNAL_20_stm32f1xx_hal_uart_c_d497114f13UART_DMAErrorEP19__DMA_HandleTypeDef)
    [local to stm32f1xx_hal_uart_c]::UART_DMAError(__DMA_HandleTypeDef*) 0x08002447   Thumb Code    74  stm32f1xx_hal_uart.o(i._ZN42_INTERNAL_20_stm32f1xx_hal_uart_c_d497114f13UART_DMAErrorEP19__DMA_HandleTypeDef)
    i._ZN42_INTERNAL_20_stm32f1xx_hal_uart_c_d497114f14UART_SetConfigEP20__UART_HandleTypeDef 0x08002490   Section        0  stm32f1xx_hal_uart.o(i._ZN42_INTERNAL_20_stm32f1xx_hal_uart_c_d497114f14UART_SetConfigEP20__UART_HandleTypeDef)
    [local to stm32f1xx_hal_uart_c]::UART_SetConfig(__UART_HandleTypeDef*) 0x08002491   Thumb Code   178  stm32f1xx_hal_uart.o(i._ZN42_INTERNAL_20_stm32f1xx_hal_uart_c_d497114f14UART_SetConfigEP20__UART_HandleTypeDef)
    i._ZN42_INTERNAL_20_stm32f1xx_hal_uart_c_d497114f15UART_Receive_ITEP20__UART_HandleTypeDef 0x08002548   Section        0  stm32f1xx_hal_uart.o(i._ZN42_INTERNAL_20_stm32f1xx_hal_uart_c_d497114f15UART_Receive_ITEP20__UART_HandleTypeDef)
    [local to stm32f1xx_hal_uart_c]::UART_Receive_IT(__UART_HandleTypeDef*) 0x08002549   Thumb Code   182  stm32f1xx_hal_uart.o(i._ZN42_INTERNAL_20_stm32f1xx_hal_uart_c_d497114f15UART_Receive_ITEP20__UART_HandleTypeDef)
    i._ZN42_INTERNAL_20_stm32f1xx_hal_uart_c_d497114f18UART_DMARxHalfCpltEP19__DMA_HandleTypeDef 0x080025fe   Section        0  stm32f1xx_hal_uart.o(i._ZN42_INTERNAL_20_stm32f1xx_hal_uart_c_d497114f18UART_DMARxHalfCpltEP19__DMA_HandleTypeDef)
    [local to stm32f1xx_hal_uart_c]::UART_DMARxHalfCplt(__DMA_HandleTypeDef*) 0x080025ff   Thumb Code    26  stm32f1xx_hal_uart.o(i._ZN42_INTERNAL_20_stm32f1xx_hal_uart_c_d497114f18UART_DMARxHalfCpltEP19__DMA_HandleTypeDef)
    i._ZN42_INTERNAL_20_stm32f1xx_hal_uart_c_d497114f18UART_EndRxTransferEP20__UART_HandleTypeDef 0x08002618   Section        0  stm32f1xx_hal_uart.o(i._ZN42_INTERNAL_20_stm32f1xx_hal_uart_c_d497114f18UART_EndRxTransferEP20__UART_HandleTypeDef)
    [local to stm32f1xx_hal_uart_c]::UART_EndRxTransfer(__UART_HandleTypeDef*) 0x08002619   Thumb Code    48  stm32f1xx_hal_uart.o(i._ZN42_INTERNAL_20_stm32f1xx_hal_uart_c_d497114f18UART_EndRxTransferEP20__UART_HandleTypeDef)
    i._ZN42_INTERNAL_20_stm32f1xx_hal_uart_c_d497114f18UART_EndTxTransferEP20__UART_HandleTypeDef 0x08002648   Section        0  stm32f1xx_hal_uart.o(i._ZN42_INTERNAL_20_stm32f1xx_hal_uart_c_d497114f18UART_EndTxTransferEP20__UART_HandleTypeDef)
    [local to stm32f1xx_hal_uart_c]::UART_EndTxTransfer(__UART_HandleTypeDef*) 0x08002649   Thumb Code    18  stm32f1xx_hal_uart.o(i._ZN42_INTERNAL_20_stm32f1xx_hal_uart_c_d497114f18UART_EndTxTransferEP20__UART_HandleTypeDef)
    i._ZN42_INTERNAL_20_stm32f1xx_hal_uart_c_d497114f19UART_DMAReceiveCpltEP19__DMA_HandleTypeDef 0x0800265a   Section        0  stm32f1xx_hal_uart.o(i._ZN42_INTERNAL_20_stm32f1xx_hal_uart_c_d497114f19UART_DMAReceiveCpltEP19__DMA_HandleTypeDef)
    [local to stm32f1xx_hal_uart_c]::UART_DMAReceiveCplt(__DMA_HandleTypeDef*) 0x0800265b   Thumb Code    90  stm32f1xx_hal_uart.o(i._ZN42_INTERNAL_20_stm32f1xx_hal_uart_c_d497114f19UART_DMAReceiveCpltEP19__DMA_HandleTypeDef)
    i._ZN42_INTERNAL_20_stm32f1xx_hal_uart_c_d497114f20UART_DMAAbortOnErrorEP19__DMA_HandleTypeDef 0x080026b4   Section        0  stm32f1xx_hal_uart.o(i._ZN42_INTERNAL_20_stm32f1xx_hal_uart_c_d497114f20UART_DMAAbortOnErrorEP19__DMA_HandleTypeDef)
    [local to stm32f1xx_hal_uart_c]::UART_DMAAbortOnError(__DMA_HandleTypeDef*) 0x080026b5   Thumb Code    16  stm32f1xx_hal_uart.o(i._ZN42_INTERNAL_20_stm32f1xx_hal_uart_c_d497114f20UART_DMAAbortOnErrorEP19__DMA_HandleTypeDef)
    i._ZN42_INTERNAL_20_stm32f1xx_hal_uart_c_d497114f27UART_WaitOnFlagUntilTimeoutEP20__UART_HandleTypeDefj10FlagStatusjj 0x080026c4   Section        0  stm32f1xx_hal_uart.o(i._ZN42_INTERNAL_20_stm32f1xx_hal_uart_c_d497114f27UART_WaitOnFlagUntilTimeoutEP20__UART_HandleTypeDefj10FlagStatusjj)
    [local to stm32f1xx_hal_uart_c]::UART_WaitOnFlagUntilTimeout(__UART_HandleTypeDef*, unsigned, FlagStatus, unsigned, unsigned) 0x080026c5   Thumb Code   100  stm32f1xx_hal_uart.o(i._ZN42_INTERNAL_20_stm32f1xx_hal_uart_c_d497114f27UART_WaitOnFlagUntilTimeoutEP20__UART_HandleTypeDefj10FlagStatusjj)
    i._ZN43_INTERNAL_21_stm32f1xx_hal_flash_c_48aa8f3e18FLASH_SetErrorCodeEv 0x08002728   Section        0  stm32f1xx_hal_flash.o(i._ZN43_INTERNAL_21_stm32f1xx_hal_flash_c_48aa8f3e18FLASH_SetErrorCodeEv)
    [local to stm32f1xx_hal_flash_c]::FLASH_SetErrorCode() 0x08002729   Thumb Code    84  stm32f1xx_hal_flash.o(i._ZN43_INTERNAL_21_stm32f1xx_hal_flash_c_48aa8f3e18FLASH_SetErrorCodeEv)
    i._ZN43_INTERNAL_21_stm32f1xx_hal_flash_c_48aa8f3e22FLASH_Program_HalfWordEjt 0x08002784   Section        0  stm32f1xx_hal_flash.o(i._ZN43_INTERNAL_21_stm32f1xx_hal_flash_c_48aa8f3e22FLASH_Program_HalfWordEjt)
    [local to stm32f1xx_hal_flash_c]::FLASH_Program_HalfWord(unsigned, unsigned short) 0x08002785   Thumb Code    20  stm32f1xx_hal_flash.o(i._ZN43_INTERNAL_21_stm32f1xx_hal_flash_c_48aa8f3e22FLASH_Program_HalfWordEjt)
    i._ZN44_INTERNAL_22_stm32f1xx_hal_cortex_c_2992dbc018__NVIC_SetPriorityE9IRQn_Typej 0x080027a0   Section        0  stm32f1xx_hal_cortex.o(i._ZN44_INTERNAL_22_stm32f1xx_hal_cortex_c_2992dbc018__NVIC_SetPriorityE9IRQn_Typej)
    [local to stm32f1xx_hal_cortex_c]::__NVIC_SetPriority(IRQn_Type, unsigned) 0x080027a1   Thumb Code    32  stm32f1xx_hal_cortex.o(i._ZN44_INTERNAL_22_stm32f1xx_hal_cortex_c_2992dbc018__NVIC_SetPriorityE9IRQn_Typej)
    i._ZN5Robot13roserial_loopEv             0x080027c0   Section        0  robot.o(i._ZN5Robot13roserial_loopEv)
    i._ZN5Robot16protocol_processEv          0x080027d8   Section        0  robot.o(i._ZN5Robot16protocol_processEv)
    i._ZN5Robot3getEv                        0x0800284c   Section        0  main.o(i._ZN5Robot3getEv)
    i._ZN5Robot4initEv                       0x08002878   Section        0  robot.o(i._ZN5Robot4initEv)
    i._ZN5RobotC1Ev                          0x080028ac   Section        0  robot.o(i._ZN5RobotC1Ev)
    i.__cxa_guard_acquire                    0x080028ae   Section        0  cxa_guard_acquire.o(i.__cxa_guard_acquire)
    i.delay_us                               0x080028c0   Section        0  timer.o(i.delay_us)
    i.main                                   0x0800290c   Section        0  main.o(i.main)
    .constdata                               0x08002940   Section       16  system_stm32f1xx.o(.constdata)
    .constdata                               0x08002950   Section        8  system_stm32f1xx.o(.constdata)
    .data                                    0x20000000   Section       12  stm32f1xx_hal.o(.data)
    .data                                    0x2000000c   Section        4  system_stm32f1xx.o(.data)
    .data__ZZN11Data_holder3getEvE2dh        0x20000010   Section        4  data_process.o(.data__ZZN11Data_holder3getEvE2dh)
    Data_holder::get()::dh                   0x20000010   Number         0  data_process.o(.data__ZZN11Data_holder3getEvE2dh)
    .data__ZZN5Robot3getEvE2dh               0x20000014   Section        5  main.o(.data__ZZN5Robot3getEvE2dh)
    Robot::get()::dh                         0x20000014   Number         0  main.o(.data__ZZN5Robot3getEvE2dh)
    .bss                                     0x2000001c   Section       40  can.o(.bss)
    .bss                                     0x20000044   Section      408  usart.o(.bss)
    .bss                                     0x200001e0   Section       32  stm32f1xx_hal_flash.o(.bss)
    .bss                                     0x20000200   Section       96  libspace.o(.bss)
    .bss__ZZN11Data_holder3getEvE2dh         0x20000260   Section      456  data_process.o(.bss__ZZN11Data_holder3getEvE2dh)
    HEAP                                     0x20000428   Section      512  startup_stm32f103xb.o(HEAP)
    Heap_Mem                                 0x20000428   Data         512  startup_stm32f103xb.o(HEAP)
    STACK                                    0x20000628   Section     1024  startup_stm32f103xb.o(STACK)
    Stack_Mem                                0x20000628   Data        1024  startup_stm32f103xb.o(STACK)
    __initial_sp                             0x20000a28   Data           0  startup_stm32f103xb.o(STACK)

    Global Symbols

    Symbol Name                              Value     Ov Type        Size  Object(Section)

    BuildAttributes$$THM_ISAv4$P$D$K$B$S$PE$A:L22UL41UL21$X:L11$S22US41US21$IEEE1$IW$USESV6$~STKCKD$USESV7$~SHL$OTIME$ROPI$EBA8$UX$STANDARDLIB$REQ8$PRES8$EABIv2 0x00000000   Number         0  anon$$obj.o ABSOLUTE
    __ARM_use_no_argv                        0x00000000   Number         0  main.o ABSOLUTE
    __ARM_exceptions_init                     - Undefined Weak Reference
    __alloca_initialize                       - Undefined Weak Reference
    __arm_fini_                               - Undefined Weak Reference
    __arm_preinit_                            - Undefined Weak Reference
    __cpp_initialize__aeabi_                  - Undefined Weak Reference
    __cxa_finalize                            - Undefined Weak Reference
    __rt_locale                               - Undefined Weak Reference
    __sigvec_lookup                           - Undefined Weak Reference
    __user_heap_extent                        - Undefined Weak Reference
    _atexit_init                              - Undefined Weak Reference
    _call_atexit_fns                          - Undefined Weak Reference
    _clock_init                               - Undefined Weak Reference
    _fp_trap_init                             - Undefined Weak Reference
    _fp_trap_shutdown                         - Undefined Weak Reference
    _get_lc_collate                           - Undefined Weak Reference
    _get_lc_ctype                             - Undefined Weak Reference
    _get_lc_monetary                          - Undefined Weak Reference
    _get_lc_numeric                           - Undefined Weak Reference
    _get_lc_time                              - Undefined Weak Reference
    _getenv_init                              - Undefined Weak Reference
    _handle_redirection                       - Undefined Weak Reference
    _initio                                   - Undefined Weak Reference
    _mutex_acquire                            - Undefined Weak Reference
    _mutex_free                               - Undefined Weak Reference
    _mutex_release                            - Undefined Weak Reference
    _printf_mbtowc                            - Undefined Weak Reference
    _printf_post_padding                      - Undefined Weak Reference
    _printf_pre_padding                       - Undefined Weak Reference
    _printf_truncate_signed                   - Undefined Weak Reference
    _printf_truncate_unsigned                 - Undefined Weak Reference
    _rand_init                                - Undefined Weak Reference
    _signal_finish                            - Undefined Weak Reference
    _signal_init                              - Undefined Weak Reference
    _terminateio                              - Undefined Weak Reference
    __Vectors_Size                           0x000000ec   Number         0  startup_stm32f103xb.o ABSOLUTE
    __Vectors                                0x08000000   Data           4  startup_stm32f103xb.o(RESET)
    __Vectors_End                            0x080000ec   Data           0  startup_stm32f103xb.o(RESET)
    __main                                   0x080000ed   Thumb Code     8  __main.o(!!!main)
    __scatterload                            0x080000f5   Thumb Code     0  __scatter.o(!!!scatter)
    __scatterload_rt2                        0x080000f5   Thumb Code    44  __scatter.o(!!!scatter)
    __scatterload_rt2_thumb_only             0x080000f5   Thumb Code     0  __scatter.o(!!!scatter)
    __scatterload_null                       0x08000103   Thumb Code     0  __scatter.o(!!!scatter)
    __scatterload_copy                       0x08000129   Thumb Code    26  __scatter_copy.o(!!handler_copy)
    __scatterload_zeroinit                   0x08000145   Thumb Code    28  __scatter_zi.o(!!handler_zi)
    _printf_d                                0x08000161   Thumb Code     0  _printf_d.o(.ARM.Collect$$_printf_percent$$00000009)
    _printf_percent                          0x08000161   Thumb Code     0  _printf_percent.o(.ARM.Collect$$_printf_percent$$00000000)
    _printf_s                                0x08000167   Thumb Code     0  _printf_s.o(.ARM.Collect$$_printf_percent$$00000014)
    _printf_percent_end                      0x0800016d   Thumb Code     0  _printf_percent_end.o(.ARM.Collect$$_printf_percent$$00000017)
    __rt_lib_init                            0x08000171   Thumb Code     0  libinit.o(.ARM.Collect$$libinit$$00000000)
    __rt_lib_init_fp_1                       0x08000173   Thumb Code     0  libinit2.o(.ARM.Collect$$libinit$$00000002)
    __rt_lib_init_heap_2                     0x08000173   Thumb Code     0  libinit2.o(.ARM.Collect$$libinit$$00000005)
    __rt_lib_init_preinit_1                  0x08000173   Thumb Code     0  libinit2.o(.ARM.Collect$$libinit$$00000004)
    __rt_lib_init_alloca_1                   0x0800017b   Thumb Code     0  libinit2.o(.ARM.Collect$$libinit$$0000002E)
    __rt_lib_init_argv_1                     0x0800017b   Thumb Code     0  libinit2.o(.ARM.Collect$$libinit$$0000002C)
    __rt_lib_init_atexit_1                   0x0800017b   Thumb Code     0  libinit2.o(.ARM.Collect$$libinit$$0000001B)
    __rt_lib_init_clock_1                    0x0800017b   Thumb Code     0  libinit2.o(.ARM.Collect$$libinit$$00000021)
    __rt_lib_init_cpp_1                      0x0800017b   Thumb Code     0  libinit2.o(.ARM.Collect$$libinit$$00000032)
    __rt_lib_init_exceptions_1               0x0800017b   Thumb Code     0  libinit2.o(.ARM.Collect$$libinit$$00000030)
    __rt_lib_init_fp_trap_1                  0x0800017b   Thumb Code     0  libinit2.o(.ARM.Collect$$libinit$$0000001F)
    __rt_lib_init_getenv_1                   0x0800017b   Thumb Code     0  libinit2.o(.ARM.Collect$$libinit$$00000023)
    __rt_lib_init_heap_1                     0x0800017b   Thumb Code     0  libinit2.o(.ARM.Collect$$libinit$$0000000A)
    __rt_lib_init_lc_collate_1               0x0800017b   Thumb Code     0  libinit2.o(.ARM.Collect$$libinit$$00000011)
    __rt_lib_init_lc_ctype_1                 0x0800017b   Thumb Code     0  libinit2.o(.ARM.Collect$$libinit$$00000013)
    __rt_lib_init_lc_monetary_1              0x0800017b   Thumb Code     0  libinit2.o(.ARM.Collect$$libinit$$00000015)
    __rt_lib_init_lc_numeric_1               0x0800017b   Thumb Code     0  libinit2.o(.ARM.Collect$$libinit$$00000017)
    __rt_lib_init_lc_time_1                  0x0800017b   Thumb Code     0  libinit2.o(.ARM.Collect$$libinit$$00000019)
    __rt_lib_init_rand_1                     0x0800017b   Thumb Code     0  libinit2.o(.ARM.Collect$$libinit$$0000000E)
    __rt_lib_init_return                     0x0800017b   Thumb Code     0  libinit2.o(.ARM.Collect$$libinit$$00000033)
    __rt_lib_init_signal_1                   0x0800017b   Thumb Code     0  libinit2.o(.ARM.Collect$$libinit$$0000001D)
    __rt_lib_init_stdio_1                    0x0800017b   Thumb Code     0  libinit2.o(.ARM.Collect$$libinit$$00000025)
    __rt_lib_init_user_alloc_1               0x0800017b   Thumb Code     0  libinit2.o(.ARM.Collect$$libinit$$0000000C)
    __rt_lib_shutdown                        0x0800017d   Thumb Code     0  libshutdown.o(.ARM.Collect$$libshutdown$$00000000)
    __rt_lib_shutdown_cpp_1                  0x0800017f   Thumb Code     0  libshutdown2.o(.ARM.Collect$$libshutdown$$00000004)
    __rt_lib_shutdown_fini_1                 0x0800017f   Thumb Code     0  libshutdown2.o(.ARM.Collect$$libshutdown$$00000002)
    __rt_lib_shutdown_fp_trap_1              0x0800017f   Thumb Code     0  libshutdown2.o(.ARM.Collect$$libshutdown$$00000009)
    __rt_lib_shutdown_heap_1                 0x0800017f   Thumb Code     0  libshutdown2.o(.ARM.Collect$$libshutdown$$00000011)
    __rt_lib_shutdown_return                 0x0800017f   Thumb Code     0  libshutdown2.o(.ARM.Collect$$libshutdown$$00000012)
    __rt_lib_shutdown_signal_1               0x0800017f   Thumb Code     0  libshutdown2.o(.ARM.Collect$$libshutdown$$0000000C)
    __rt_lib_shutdown_stdio_1                0x0800017f   Thumb Code     0  libshutdown2.o(.ARM.Collect$$libshutdown$$00000006)
    __rt_lib_shutdown_user_alloc_1           0x0800017f   Thumb Code     0  libshutdown2.o(.ARM.Collect$$libshutdown$$0000000E)
    __rt_entry                               0x08000181   Thumb Code     0  __rtentry.o(.ARM.Collect$$rtentry$$00000000)
    __rt_entry_presh_1                       0x08000181   Thumb Code     0  __rtentry2.o(.ARM.Collect$$rtentry$$00000002)
    __rt_entry_sh                            0x08000181   Thumb Code     0  __rtentry4.o(.ARM.Collect$$rtentry$$00000004)
    __rt_entry_li                            0x08000187   Thumb Code     0  __rtentry2.o(.ARM.Collect$$rtentry$$0000000A)
    __rt_entry_postsh_1                      0x08000187   Thumb Code     0  __rtentry2.o(.ARM.Collect$$rtentry$$00000009)
    __rt_entry_main                          0x0800018b   Thumb Code     0  __rtentry2.o(.ARM.Collect$$rtentry$$0000000D)
    __rt_entry_postli_1                      0x0800018b   Thumb Code     0  __rtentry2.o(.ARM.Collect$$rtentry$$0000000C)
    __rt_exit                                0x08000193   Thumb Code     0  rtexit.o(.ARM.Collect$$rtexit$$00000000)
    __rt_exit_ls                             0x08000195   Thumb Code     0  rtexit2.o(.ARM.Collect$$rtexit$$00000003)
    __rt_exit_prels_1                        0x08000195   Thumb Code     0  rtexit2.o(.ARM.Collect$$rtexit$$00000002)
    __rt_exit_exit                           0x08000199   Thumb Code     0  rtexit2.o(.ARM.Collect$$rtexit$$00000004)
    Reset_Handler                            0x080001a1   Thumb Code     8  startup_stm32f103xb.o(.text)
    _maybe_terminate_alloc                   0x080001a1   Thumb Code     0  maybetermalloc1.o(.emb_text)
    ADC1_2_IRQHandler                        0x080001bb   Thumb Code     0  startup_stm32f103xb.o(.text)
    CAN1_RX1_IRQHandler                      0x080001bb   Thumb Code     0  startup_stm32f103xb.o(.text)
    CAN1_SCE_IRQHandler                      0x080001bb   Thumb Code     0  startup_stm32f103xb.o(.text)
    DMA1_Channel1_IRQHandler                 0x080001bb   Thumb Code     0  startup_stm32f103xb.o(.text)
    DMA1_Channel6_IRQHandler                 0x080001bb   Thumb Code     0  startup_stm32f103xb.o(.text)
    DMA1_Channel7_IRQHandler                 0x080001bb   Thumb Code     0  startup_stm32f103xb.o(.text)
    EXTI0_IRQHandler                         0x080001bb   Thumb Code     0  startup_stm32f103xb.o(.text)
    EXTI15_10_IRQHandler                     0x080001bb   Thumb Code     0  startup_stm32f103xb.o(.text)
    EXTI1_IRQHandler                         0x080001bb   Thumb Code     0  startup_stm32f103xb.o(.text)
    EXTI2_IRQHandler                         0x080001bb   Thumb Code     0  startup_stm32f103xb.o(.text)
    EXTI3_IRQHandler                         0x080001bb   Thumb Code     0  startup_stm32f103xb.o(.text)
    EXTI4_IRQHandler                         0x080001bb   Thumb Code     0  startup_stm32f103xb.o(.text)
    EXTI9_5_IRQHandler                       0x080001bb   Thumb Code     0  startup_stm32f103xb.o(.text)
    FLASH_IRQHandler                         0x080001bb   Thumb Code     0  startup_stm32f103xb.o(.text)
    I2C1_ER_IRQHandler                       0x080001bb   Thumb Code     0  startup_stm32f103xb.o(.text)
    I2C1_EV_IRQHandler                       0x080001bb   Thumb Code     0  startup_stm32f103xb.o(.text)
    I2C2_ER_IRQHandler                       0x080001bb   Thumb Code     0  startup_stm32f103xb.o(.text)
    I2C2_EV_IRQHandler                       0x080001bb   Thumb Code     0  startup_stm32f103xb.o(.text)
    PVD_IRQHandler                           0x080001bb   Thumb Code     0  startup_stm32f103xb.o(.text)
    RCC_IRQHandler                           0x080001bb   Thumb Code     0  startup_stm32f103xb.o(.text)
    RTC_Alarm_IRQHandler                     0x080001bb   Thumb Code     0  startup_stm32f103xb.o(.text)
    RTC_IRQHandler                           0x080001bb   Thumb Code     0  startup_stm32f103xb.o(.text)
    SPI1_IRQHandler                          0x080001bb   Thumb Code     0  startup_stm32f103xb.o(.text)
    SPI2_IRQHandler                          0x080001bb   Thumb Code     0  startup_stm32f103xb.o(.text)
    TAMPER_IRQHandler                        0x080001bb   Thumb Code     0  startup_stm32f103xb.o(.text)
    TIM1_BRK_IRQHandler                      0x080001bb   Thumb Code     0  startup_stm32f103xb.o(.text)
    TIM1_CC_IRQHandler                       0x080001bb   Thumb Code     0  startup_stm32f103xb.o(.text)
    TIM1_TRG_COM_IRQHandler                  0x080001bb   Thumb Code     0  startup_stm32f103xb.o(.text)
    TIM1_UP_IRQHandler                       0x080001bb   Thumb Code     0  startup_stm32f103xb.o(.text)
    TIM2_IRQHandler                          0x080001bb   Thumb Code     0  startup_stm32f103xb.o(.text)
    TIM3_IRQHandler                          0x080001bb   Thumb Code     0  startup_stm32f103xb.o(.text)
    TIM4_IRQHandler                          0x080001bb   Thumb Code     0  startup_stm32f103xb.o(.text)
    USART2_IRQHandler                        0x080001bb   Thumb Code     0  startup_stm32f103xb.o(.text)
    USBWakeUp_IRQHandler                     0x080001bb   Thumb Code     0  startup_stm32f103xb.o(.text)
    WWDG_IRQHandler                          0x080001bb   Thumb Code     0  startup_stm32f103xb.o(.text)
    __user_initial_stackheap                 0x080001bd   Thumb Code     0  startup_stm32f103xb.o(.text)
    malloc                                   0x080001e1   Thumb Code    94  h1_alloc.o(.text)
    free                                     0x0800023f   Thumb Code    78  h1_free.o(.text)
    __aeabi_llsr                             0x0800028d   Thumb Code     0  llushr.o(.text)
    _ll_ushift_r                             0x0800028d   Thumb Code    38  llushr.o(.text)
    __2sprintf                               0x080002b5   Thumb Code    34  noretval__2sprintf.o(.text)
    __printf                                 0x080002dd   Thumb Code   104  __printf.o(.text)
    _printf_str                              0x08000345   Thumb Code    82  _printf_str.o(.text)
    _printf_int_dec                          0x08000399   Thumb Code   104  _printf_dec.o(.text)
    __aeabi_memcpy                           0x08000411   Thumb Code     0  rt_memcpy_v6.o(.text)
    __rt_memcpy                              0x08000411   Thumb Code   138  rt_memcpy_v6.o(.text)
    _memcpy_lastbytes                        0x08000477   Thumb Code     0  rt_memcpy_v6.o(.text)
    __aeabi_memclr                           0x0800049b   Thumb Code     0  rt_memclr.o(.text)
    __rt_memclr                              0x0800049b   Thumb Code    68  rt_memclr.o(.text)
    _memset                                  0x0800049f   Thumb Code     0  rt_memclr.o(.text)
    __aeabi_memclr4                          0x080004df   Thumb Code     0  rt_memclr_w.o(.text)
    __aeabi_memclr8                          0x080004df   Thumb Code     0  rt_memclr_w.o(.text)
    __rt_memclr_w                            0x080004df   Thumb Code    78  rt_memclr_w.o(.text)
    _memset_w                                0x080004e3   Thumb Code     0  rt_memclr_w.o(.text)
    strncpy                                  0x0800052d   Thumb Code    86  strncpy.o(.text)
    __use_two_region_memory                  0x08000583   Thumb Code     2  heapauxi.o(.text)
    __rt_heap_escrow                         0x08000585   Thumb Code     2  heapauxi.o(.text)
    __rt_heap_expand                         0x08000587   Thumb Code     2  heapauxi.o(.text)
    __rt_heap_descriptor                     0x08000589   Thumb Code     8  rt_heap_descriptor_intlibspace.o(.text)
    __use_no_heap                            0x08000591   Thumb Code     2  hguard.o(.text)
    __heap$guard                             0x08000593   Thumb Code     2  hguard.o(.text)
    _terminate_user_alloc                    0x08000595   Thumb Code     2  init_alloc.o(.text)
    _init_user_alloc                         0x08000597   Thumb Code     2  init_alloc.o(.text)
    __Heap_Full                              0x08000599   Thumb Code    34  init_alloc.o(.text)
    __Heap_Broken                            0x080005bb   Thumb Code     6  init_alloc.o(.text)
    _init_alloc                              0x080005c1   Thumb Code    94  init_alloc.o(.text)
    __Heap_Initialize                        0x0800061f   Thumb Code    10  h1_init.o(.text)
    __Heap_DescSize                          0x08000629   Thumb Code     4  h1_init.o(.text)
    _printf_int_common                       0x0800062d   Thumb Code   178  _printf_intcommon.o(.text)
    _printf_char_common                      0x080006eb   Thumb Code    32  _printf_char_common.o(.text)
    _sputc                                   0x08000711   Thumb Code    10  _sputc.o(.text)
    _printf_cs_common                        0x0800071b   Thumb Code    20  _printf_char.o(.text)
    _printf_char                             0x0800072f   Thumb Code    16  _printf_char.o(.text)
    _printf_string                           0x0800073f   Thumb Code     8  _printf_char.o(.text)
    __aeabi_memcpy4                          0x08000747   Thumb Code     0  rt_memcpy_w.o(.text)
    __aeabi_memcpy8                          0x08000747   Thumb Code     0  rt_memcpy_w.o(.text)
    __rt_memcpy_w                            0x08000747   Thumb Code   100  rt_memcpy_w.o(.text)
    _memcpy_lastbytes_aligned                0x0800078f   Thumb Code     0  rt_memcpy_w.o(.text)
    __user_libspace                          0x080007ad   Thumb Code     8  libspace.o(.text)
    __user_perproc_libspace                  0x080007ad   Thumb Code     0  libspace.o(.text)
    __user_perthread_libspace                0x080007ad   Thumb Code     0  libspace.o(.text)
    __Heap_ProvideMemory                     0x080007b5   Thumb Code    52  h1_extend.o(.text)
    __rt_SIGRTMEM                            0x080007e9   Thumb Code    14  defsig_rtmem_outer.o(.text)
    __I$use$semihosting                      0x080007f7   Thumb Code     0  use_no_semi.o(.text)
    __use_no_semihosting_swi                 0x080007f7   Thumb Code     2  use_no_semi.o(.text)
    __semihosting_library_function           0x080007f9   Thumb Code     0  indicate_semi.o(.text)
    __user_setup_stackheap                   0x080007f9   Thumb Code    74  sys_stackheap_outer.o(.text)
    exit                                     0x08000843   Thumb Code    18  exit.o(.text)
    __sig_exit                               0x08000855   Thumb Code    10  defsig_exit.o(.text)
    __rt_SIGRTMEM_inner                      0x08000861   Thumb Code    22  defsig_rtmem_inner.o(.text)
    _sys_exit                                0x080008b1   Thumb Code     8  sys_exit.o(.text)
    __default_signal_display                 0x080008bd   Thumb Code    50  defsig_general.o(.text)
    _ttywrch                                 0x080008ef   Thumb Code    14  sys_wrch.o(.text)
    BusFault_Handler                         0x080008fd   Thumb Code     2  stm32f1xx_it.o(i.BusFault_Handler)
    CRC_Calculate                            0x080008ff   Thumb Code    22  data_process.o(i.CRC_Calculate)
    DMA1_Channel2_IRQHandler                 0x08000915   Thumb Code     6  stm32f1xx_it.o(i.DMA1_Channel2_IRQHandler)
    DMA1_Channel3_IRQHandler                 0x08000921   Thumb Code     6  stm32f1xx_it.o(i.DMA1_Channel3_IRQHandler)
    DMA1_Channel4_IRQHandler                 0x0800092d   Thumb Code     6  stm32f1xx_it.o(i.DMA1_Channel4_IRQHandler)
    DMA1_Channel5_IRQHandler                 0x08000939   Thumb Code     6  stm32f1xx_it.o(i.DMA1_Channel5_IRQHandler)
    DebugMon_Handler                         0x08000945   Thumb Code     2  stm32f1xx_it.o(i.DebugMon_Handler)
    Error_Handler                            0x08000949   Thumb Code    32  main.o(i.Error_Handler)
    FLASH_WaitForLastOperation               0x0800096d   Thumb Code    80  stm32f1xx_hal_flash.o(i.FLASH_WaitForLastOperation)
    Flash_Write_data                         0x080009c1   Thumb Code    12  flash.o(i.Flash_Write_data)
    HAL_CAN_ErrorCallback                    0x080009cd   Thumb Code     2  stm32f1xx_hal_can.o(i.HAL_CAN_ErrorCallback)
    HAL_CAN_IRQHandler                       0x080009cf   Thumb Code   508  stm32f1xx_hal_can.o(i.HAL_CAN_IRQHandler)
    HAL_CAN_Init                             0x08000bcb   Thumb Code   282  stm32f1xx_hal_can.o(i.HAL_CAN_Init)
    HAL_CAN_MspInit                          0x08000ce5   Thumb Code   128  can.o(i.HAL_CAN_MspInit)
    HAL_CAN_RxFifo0FullCallback              0x08000d71   Thumb Code     2  stm32f1xx_hal_can.o(i.HAL_CAN_RxFifo0FullCallback)
    HAL_CAN_RxFifo0MsgPendingCallback        0x08000d73   Thumb Code     2  stm32f1xx_hal_can.o(i.HAL_CAN_RxFifo0MsgPendingCallback)
    HAL_CAN_RxFifo1FullCallback              0x08000d75   Thumb Code     2  stm32f1xx_hal_can.o(i.HAL_CAN_RxFifo1FullCallback)
    HAL_CAN_RxFifo1MsgPendingCallback        0x08000d77   Thumb Code     2  stm32f1xx_hal_can.o(i.HAL_CAN_RxFifo1MsgPendingCallback)
    HAL_CAN_SleepCallback                    0x08000d79   Thumb Code     2  stm32f1xx_hal_can.o(i.HAL_CAN_SleepCallback)
    HAL_CAN_TxMailbox0AbortCallback          0x08000d7b   Thumb Code     2  stm32f1xx_hal_can.o(i.HAL_CAN_TxMailbox0AbortCallback)
    HAL_CAN_TxMailbox0CompleteCallback       0x08000d7d   Thumb Code     2  stm32f1xx_hal_can.o(i.HAL_CAN_TxMailbox0CompleteCallback)
    HAL_CAN_TxMailbox1AbortCallback          0x08000d7f   Thumb Code     2  stm32f1xx_hal_can.o(i.HAL_CAN_TxMailbox1AbortCallback)
    HAL_CAN_TxMailbox1CompleteCallback       0x08000d81   Thumb Code     2  stm32f1xx_hal_can.o(i.HAL_CAN_TxMailbox1CompleteCallback)
    HAL_CAN_TxMailbox2AbortCallback          0x08000d83   Thumb Code     2  stm32f1xx_hal_can.o(i.HAL_CAN_TxMailbox2AbortCallback)
    HAL_CAN_TxMailbox2CompleteCallback       0x08000d85   Thumb Code     2  stm32f1xx_hal_can.o(i.HAL_CAN_TxMailbox2CompleteCallback)
    HAL_CAN_WakeUpFromRxMsgCallback          0x08000d87   Thumb Code     2  stm32f1xx_hal_can.o(i.HAL_CAN_WakeUpFromRxMsgCallback)
    HAL_DMA_Abort                            0x08000d89   Thumb Code    70  stm32f1xx_hal_dma.o(i.HAL_DMA_Abort)
    HAL_DMA_Abort_IT                         0x08000dd1   Thumb Code   148  stm32f1xx_hal_dma.o(i.HAL_DMA_Abort_IT)
    HAL_DMA_IRQHandler                       0x08000e69   Thumb Code   316  stm32f1xx_hal_dma.o(i.HAL_DMA_IRQHandler)
    HAL_DMA_Init                             0x08000fbd   Thumb Code    84  stm32f1xx_hal_dma.o(i.HAL_DMA_Init)
    HAL_DMA_Start_IT                         0x08001019   Thumb Code   112  stm32f1xx_hal_dma.o(i.HAL_DMA_Start_IT)
    HAL_Delay                                0x08001089   Thumb Code    32  stm32f1xx_hal.o(i.HAL_Delay)
    HAL_FLASH_Lock                           0x080010ad   Thumb Code    14  stm32f1xx_hal_flash.o(i.HAL_FLASH_Lock)
    HAL_FLASH_Program                        0x080010c1   Thumb Code   120  stm32f1xx_hal_flash.o(i.HAL_FLASH_Program)
    HAL_FLASH_Unlock                         0x08001141   Thumb Code    28  stm32f1xx_hal_flash.o(i.HAL_FLASH_Unlock)
    HAL_GPIO_Init                            0x08001169   Thumb Code   446  stm32f1xx_hal_gpio.o(i.HAL_GPIO_Init)
    HAL_GPIO_TogglePin                       0x08001349   Thumb Code    16  stm32f1xx_hal_gpio.o(i.HAL_GPIO_TogglePin)
    HAL_GPIO_WritePin                        0x08001359   Thumb Code    10  stm32f1xx_hal_gpio.o(i.HAL_GPIO_WritePin)
    HAL_GetTick                              0x08001365   Thumb Code     6  stm32f1xx_hal.o(i.HAL_GetTick)
    HAL_IncTick                              0x08001371   Thumb Code    12  stm32f1xx_hal.o(i.HAL_IncTick)
    HAL_Init                                 0x08001381   Thumb Code    32  stm32f1xx_hal.o(i.HAL_Init)
    HAL_InitTick                             0x080013a5   Thumb Code    54  stm32f1xx_hal.o(i.HAL_InitTick)
    HAL_MspInit                              0x080013e5   Thumb Code    48  stm32f1xx_hal_msp.o(i.HAL_MspInit)
    HAL_NVIC_EnableIRQ                       0x0800141d   Thumb Code    26  stm32f1xx_hal_cortex.o(i.HAL_NVIC_EnableIRQ)
    HAL_NVIC_SetPriority                     0x08001439   Thumb Code    60  stm32f1xx_hal_cortex.o(i.HAL_NVIC_SetPriority)
    HAL_NVIC_SetPriorityGrouping             0x08001479   Thumb Code    26  stm32f1xx_hal_cortex.o(i.HAL_NVIC_SetPriorityGrouping)
    HAL_RCC_ClockConfig                      0x0800149d   Thumb Code   280  stm32f1xx_hal_rcc.o(i.HAL_RCC_ClockConfig)
    HAL_RCC_GetPCLK1Freq                     0x080015c9   Thumb Code    20  stm32f1xx_hal_rcc.o(i.HAL_RCC_GetPCLK1Freq)
    HAL_RCC_GetPCLK2Freq                     0x080015e9   Thumb Code    20  stm32f1xx_hal_rcc.o(i.HAL_RCC_GetPCLK2Freq)
    HAL_RCC_GetSysClockFreq                  0x08001609   Thumb Code    76  stm32f1xx_hal_rcc.o(i.HAL_RCC_GetSysClockFreq)
    HAL_RCC_OscConfig                        0x08001675   Thumb Code   778  stm32f1xx_hal_rcc.o(i.HAL_RCC_OscConfig)
    HAL_SYSTICK_Config                       0x08001995   Thumb Code    40  stm32f1xx_hal_cortex.o(i.HAL_SYSTICK_Config)
    HAL_UARTEx_RxEventCallback               0x080019bd   Thumb Code     2  stm32f1xx_hal_uart.o(i.HAL_UARTEx_RxEventCallback)
    HAL_UART_DMAStop                         0x080019bf   Thumb Code    88  stm32f1xx_hal_uart.o(i.HAL_UART_DMAStop)
    HAL_UART_ErrorCallback                   0x08001a17   Thumb Code     2  stm32f1xx_hal_uart.o(i.HAL_UART_ErrorCallback)
    HAL_UART_IRQHandler                      0x08001a19   Thumb Code   520  stm32f1xx_hal_uart.o(i.HAL_UART_IRQHandler)
    HAL_UART_Init                            0x08001c25   Thumb Code    98  stm32f1xx_hal_uart.o(i.HAL_UART_Init)
    HAL_UART_MspInit                         0x08001c89   Thumb Code   376  usart.o(i.HAL_UART_MspInit)
    HAL_UART_Receive_DMA                     0x08001e1d   Thumb Code    42  stm32f1xx_hal_uart.o(i.HAL_UART_Receive_DMA)
    HAL_UART_RxCpltCallback                  0x08001e47   Thumb Code     2  stm32f1xx_hal_uart.o(i.HAL_UART_RxCpltCallback)
    HAL_UART_RxHalfCpltCallback              0x08001e49   Thumb Code     2  stm32f1xx_hal_uart.o(i.HAL_UART_RxHalfCpltCallback)
    HAL_UART_Transmit                        0x08001e4d   Thumb Code   178  stm32f1xx_hal_uart.o(i.HAL_UART_Transmit)
    HAL_UART_TxCpltCallback                  0x08001eff   Thumb Code     2  stm32f1xx_hal_uart.o(i.HAL_UART_TxCpltCallback)
    HardFault_Handler                        0x08001f01   Thumb Code     2  stm32f1xx_it.o(i.HardFault_Handler)
    MX_CAN_Init                              0x08001f05   Thumb Code    58  can.o(i.MX_CAN_Init)
    MX_DMA_Init                              0x08001f49   Thumb Code    88  dma.o(i.MX_DMA_Init)
    MX_GPIO_Init                             0x08001fa5   Thumb Code   104  gpio.o(i.MX_GPIO_Init)
    MX_USART1_UART_Init                      0x08002015   Thumb Code    48  usart.o(i.MX_USART1_UART_Init)
    MX_USART3_UART_Init                      0x0800204d   Thumb Code    48  usart.o(i.MX_USART3_UART_Init)
    MemManage_Handler                        0x08002085   Thumb Code     2  stm32f1xx_it.o(i.MemManage_Handler)
    NMI_Handler                              0x08002087   Thumb Code     2  stm32f1xx_it.o(i.NMI_Handler)
    PendSV_Handler                           0x08002089   Thumb Code     2  stm32f1xx_it.o(i.PendSV_Handler)
    Response_Messgae_process                 0x0800208d   Thumb Code   190  data_process.o(i.Response_Messgae_process)
    SVC_Handler                              0x08002151   Thumb Code     2  stm32f1xx_it.o(i.SVC_Handler)
    SysTick_Handler                          0x08002153   Thumb Code     4  stm32f1xx_it.o(i.SysTick_Handler)
    SystemInit                               0x08002157   Thumb Code     2  system_stm32f1xx.o(i.SystemInit)
    UART_Start_Receive_DMA                   0x08002159   Thumb Code    98  stm32f1xx_hal_uart.o(i.UART_Start_Receive_DMA)
    USART1_IRQHandler                        0x080021c9   Thumb Code    18  stm32f1xx_it.o(i.USART1_IRQHandler)
    USART3_IRQHandler                        0x080021e1   Thumb Code     6  stm32f1xx_it.o(i.USART3_IRQHandler)
    USB_HP_CAN1_TX_IRQHandler                0x080021ed   Thumb Code     6  stm32f1xx_it.o(i.USB_HP_CAN1_TX_IRQHandler)
    USB_LP_CAN1_RX0_IRQHandler               0x080021f9   Thumb Code     6  stm32f1xx_it.o(i.USB_LP_CAN1_RX0_IRQHandler)
    USER_UART_IDLECallback                   0x08002205   Thumb Code    64  data_process.o(i.USER_UART_IDLECallback)
    USER_UART_IRQHandler                     0x08002251   Thumb Code    38  main.o(i.USER_UART_IRQHandler)
    UsageFault_Handler                       0x08002281   Thumb Code     2  stm32f1xx_it.o(i.UsageFault_Handler)
    SystemClock_Config()                     0x08002283   Thumb Code    88  main.o(i._Z18SystemClock_Configv)
    Data_holder::load_parameter()            0x080022db   Thumb Code     2  data_holder.o(i._ZN11Data_holder14load_parameterEv)
    Data_holder::save_parameter()            0x080022dd   Thumb Code    58  data_holder.o(i._ZN11Data_holder14save_parameterEv)
    Data_holder::get()                       0x08002319   Thumb Code    34  data_process.o(i._ZN11Data_holder3getEv)
    Data_holder::Data_holder()               0x08002345   Thumb Code   184  data_holder.o(i._ZN11Data_holderC1Ev)
    Data_holder::Data_holder__sub_object()   0x08002345   Thumb Code     0  data_holder.o(i._ZN11Data_holderC1Ev)
    Robot::roserial_loop()                   0x080027c1   Thumb Code    20  robot.o(i._ZN5Robot13roserial_loopEv)
    Robot::protocol_process()                0x080027d9   Thumb Code   114  robot.o(i._ZN5Robot16protocol_processEv)
    Robot::get()                             0x0800284d   Thumb Code    34  main.o(i._ZN5Robot3getEv)
    Robot::init()                            0x08002879   Thumb Code    42  robot.o(i._ZN5Robot4initEv)
    Robot::Robot()                           0x080028ad   Thumb Code     2  robot.o(i._ZN5RobotC1Ev)
    Robot::Robot__sub_object()               0x080028ad   Thumb Code     0  robot.o(i._ZN5RobotC1Ev)
    __cxa_guard_acquire                      0x080028af   Thumb Code    16  cxa_guard_acquire.o(i.__cxa_guard_acquire)
    delay_us                                 0x080028c1   Thumb Code    70  timer.o(i.delay_us)
    main                                     0x0800290d   Thumb Code    52  main.o(i.main)
    AHBPrescTable                            0x08002940   Data          16  system_stm32f1xx.o(.constdata)
    APBPrescTable                            0x08002950   Data           8  system_stm32f1xx.o(.constdata)
    Region$$Table$$Base                      0x08002958   Number         0  anon$$obj.o(Region$$Table)
    Region$$Table$$Limit                     0x08002978   Number         0  anon$$obj.o(Region$$Table)
    uwTickFreq                               0x20000000   Data           1  stm32f1xx_hal.o(.data)
    uwTickPrio                               0x20000004   Data           4  stm32f1xx_hal.o(.data)
    uwTick                                   0x20000008   Data           4  stm32f1xx_hal.o(.data)
    SystemCoreClock                          0x2000000c   Data           4  system_stm32f1xx.o(.data)
    guard variable for Data_holder::get()::dh 0x20000010   Data           4  data_process.o(.data__ZZN11Data_holder3getEvE2dh)
    guard variable for Robot::get()::dh      0x20000014   Data           4  main.o(.data__ZZN5Robot3getEvE2dh)
    Robot::get()::dh                         0x20000018   Data           1  main.o(.data__ZZN5Robot3getEvE2dh)
    hcan                                     0x2000001c   Data          40  can.o(.bss)
    huart1                                   0x20000044   Data          68  usart.o(.bss)
    huart3                                   0x20000088   Data          68  usart.o(.bss)
    hdma_usart1_rx                           0x200000cc   Data          68  usart.o(.bss)
    hdma_usart1_tx                           0x20000110   Data          68  usart.o(.bss)
    hdma_usart3_rx                           0x20000154   Data          68  usart.o(.bss)
    hdma_usart3_tx                           0x20000198   Data          68  usart.o(.bss)
    pFlash                                   0x200001e0   Data          32  stm32f1xx_hal_flash.o(.bss)
    __libspace_start                         0x20000200   Data          96  libspace.o(.bss)
    Data_holder::get()::dh                   0x20000260   Data         456  data_process.o(.bss__ZZN11Data_holder3getEvE2dh)
    __temporary_stack_top$libspace           0x20000260   Data           0  libspace.o(.bss)



==============================================================================

Memory Map of the image

  Image Entry point : 0x080000ed

  Load Region LR_IROM1 (Base: 0x08000000, Size: 0x00002994, Max: 0x00010000, ABSOLUTE)

    Execution Region ER_IROM1 (Exec base: 0x08000000, Load base: 0x08000000, Size: 0x00002978, Max: 0x00010000, ABSOLUTE)

    Exec Addr    Load Addr    Size         Type   Attr      Idx    E Section Name        Object

    0x08000000   0x08000000   0x000000ec   Data   RO            3    RESET               startup_stm32f103xb.o
    0x080000ec   0x080000ec   0x00000008   Code   RO         2779  * !!!main             c_w.l(__main.o)
    0x080000f4   0x080000f4   0x00000034   Code   RO         3001    !!!scatter          c_w.l(__scatter.o)
    0x08000128   0x08000128   0x0000001a   Code   RO         3003    !!handler_copy      c_w.l(__scatter_copy.o)
    0x08000142   0x08000142   0x00000002   PAD
    0x08000144   0x08000144   0x0000001c   Code   RO         3005    !!handler_zi        c_w.l(__scatter_zi.o)
    0x08000160   0x08000160   0x00000000   Code   RO         2768    .ARM.Collect$$_printf_percent$$00000000  c_w.l(_printf_percent.o)
    0x08000160   0x08000160   0x00000006   Code   RO         2767    .ARM.Collect$$_printf_percent$$00000009  c_w.l(_printf_d.o)
    0x08000166   0x08000166   0x00000006   Code   RO         2766    .ARM.Collect$$_printf_percent$$00000014  c_w.l(_printf_s.o)
    0x0800016c   0x0800016c   0x00000004   Code   RO         2823    .ARM.Collect$$_printf_percent$$00000017  c_w.l(_printf_percent_end.o)
    0x08000170   0x08000170   0x00000002   Code   RO         2938    .ARM.Collect$$libinit$$00000000  c_w.l(libinit.o)
    0x08000172   0x08000172   0x00000000   Code   RO         2829    .ARM.Collect$$libinit$$00000002  c_w.l(libinit2.o)
    0x08000172   0x08000172   0x00000000   Code   RO         2831    .ARM.Collect$$libinit$$00000004  c_w.l(libinit2.o)
    0x08000172   0x08000172   0x00000008   Code   RO         2832    .ARM.Collect$$libinit$$00000005  c_w.l(libinit2.o)
    0x0800017a   0x0800017a   0x00000000   Code   RO         2834    .ARM.Collect$$libinit$$0000000A  c_w.l(libinit2.o)
    0x0800017a   0x0800017a   0x00000000   Code   RO         2836    .ARM.Collect$$libinit$$0000000C  c_w.l(libinit2.o)
    0x0800017a   0x0800017a   0x00000000   Code   RO         2838    .ARM.Collect$$libinit$$0000000E  c_w.l(libinit2.o)
    0x0800017a   0x0800017a   0x00000000   Code   RO         2841    .ARM.Collect$$libinit$$00000011  c_w.l(libinit2.o)
    0x0800017a   0x0800017a   0x00000000   Code   RO         2843    .ARM.Collect$$libinit$$00000013  c_w.l(libinit2.o)
    0x0800017a   0x0800017a   0x00000000   Code   RO         2845    .ARM.Collect$$libinit$$00000015  c_w.l(libinit2.o)
    0x0800017a   0x0800017a   0x00000000   Code   RO         2847    .ARM.Collect$$libinit$$00000017  c_w.l(libinit2.o)
    0x0800017a   0x0800017a   0x00000000   Code   RO         2849    .ARM.Collect$$libinit$$00000019  c_w.l(libinit2.o)
    0x0800017a   0x0800017a   0x00000000   Code   RO         2851    .ARM.Collect$$libinit$$0000001B  c_w.l(libinit2.o)
    0x0800017a   0x0800017a   0x00000000   Code   RO         2853    .ARM.Collect$$libinit$$0000001D  c_w.l(libinit2.o)
    0x0800017a   0x0800017a   0x00000000   Code   RO         2855    .ARM.Collect$$libinit$$0000001F  c_w.l(libinit2.o)
    0x0800017a   0x0800017a   0x00000000   Code   RO         2857    .ARM.Collect$$libinit$$00000021  c_w.l(libinit2.o)
    0x0800017a   0x0800017a   0x00000000   Code   RO         2859    .ARM.Collect$$libinit$$00000023  c_w.l(libinit2.o)
    0x0800017a   0x0800017a   0x00000000   Code   RO         2861    .ARM.Collect$$libinit$$00000025  c_w.l(libinit2.o)
    0x0800017a   0x0800017a   0x00000000   Code   RO         2865    .ARM.Collect$$libinit$$0000002C  c_w.l(libinit2.o)
    0x0800017a   0x0800017a   0x00000000   Code   RO         2867    .ARM.Collect$$libinit$$0000002E  c_w.l(libinit2.o)
    0x0800017a   0x0800017a   0x00000000   Code   RO         2869    .ARM.Collect$$libinit$$00000030  c_w.l(libinit2.o)
    0x0800017a   0x0800017a   0x00000000   Code   RO         2871    .ARM.Collect$$libinit$$00000032  c_w.l(libinit2.o)
    0x0800017a   0x0800017a   0x00000002   Code   RO         2872    .ARM.Collect$$libinit$$00000033  c_w.l(libinit2.o)
    0x0800017c   0x0800017c   0x00000002   Code   RO         2998    .ARM.Collect$$libshutdown$$00000000  c_w.l(libshutdown.o)
    0x0800017e   0x0800017e   0x00000000   Code   RO         2952    .ARM.Collect$$libshutdown$$00000002  c_w.l(libshutdown2.o)
    0x0800017e   0x0800017e   0x00000000   Code   RO         2954    .ARM.Collect$$libshutdown$$00000004  c_w.l(libshutdown2.o)
    0x0800017e   0x0800017e   0x00000000   Code   RO         2956    .ARM.Collect$$libshutdown$$00000006  c_w.l(libshutdown2.o)
    0x0800017e   0x0800017e   0x00000000   Code   RO         2959    .ARM.Collect$$libshutdown$$00000009  c_w.l(libshutdown2.o)
    0x0800017e   0x0800017e   0x00000000   Code   RO         2962    .ARM.Collect$$libshutdown$$0000000C  c_w.l(libshutdown2.o)
    0x0800017e   0x0800017e   0x00000000   Code   RO         2964    .ARM.Collect$$libshutdown$$0000000E  c_w.l(libshutdown2.o)
    0x0800017e   0x0800017e   0x00000000   Code   RO         2967    .ARM.Collect$$libshutdown$$00000011  c_w.l(libshutdown2.o)
    0x0800017e   0x0800017e   0x00000002   Code   RO         2968    .ARM.Collect$$libshutdown$$00000012  c_w.l(libshutdown2.o)
    0x08000180   0x08000180   0x00000000   Code   RO         2789    .ARM.Collect$$rtentry$$00000000  c_w.l(__rtentry.o)
    0x08000180   0x08000180   0x00000000   Code   RO         2879    .ARM.Collect$$rtentry$$00000002  c_w.l(__rtentry2.o)
    0x08000180   0x08000180   0x00000006   Code   RO         2891    .ARM.Collect$$rtentry$$00000004  c_w.l(__rtentry4.o)
    0x08000186   0x08000186   0x00000000   Code   RO         2881    .ARM.Collect$$rtentry$$00000009  c_w.l(__rtentry2.o)
    0x08000186   0x08000186   0x00000004   Code   RO         2882    .ARM.Collect$$rtentry$$0000000A  c_w.l(__rtentry2.o)
    0x0800018a   0x0800018a   0x00000000   Code   RO         2884    .ARM.Collect$$rtentry$$0000000C  c_w.l(__rtentry2.o)
    0x0800018a   0x0800018a   0x00000008   Code   RO         2885    .ARM.Collect$$rtentry$$0000000D  c_w.l(__rtentry2.o)
    0x08000192   0x08000192   0x00000002   Code   RO         2941    .ARM.Collect$$rtexit$$00000000  c_w.l(rtexit.o)
    0x08000194   0x08000194   0x00000000   Code   RO         2972    .ARM.Collect$$rtexit$$00000002  c_w.l(rtexit2.o)
    0x08000194   0x08000194   0x00000004   Code   RO         2973    .ARM.Collect$$rtexit$$00000003  c_w.l(rtexit2.o)
    0x08000198   0x08000198   0x00000006   Code   RO         2974    .ARM.Collect$$rtexit$$00000004  c_w.l(rtexit2.o)
    0x0800019e   0x0800019e   0x00000002   PAD
    0x080001a0   0x080001a0   0x00000000   Code   RO         2895    .emb_text           c_w.l(maybetermalloc1.o)
    0x080001a0   0x080001a0   0x00000040   Code   RO            4    .text               startup_stm32f103xb.o
    0x080001e0   0x080001e0   0x0000005e   Code   RO         2676    .text               c_w.l(h1_alloc.o)
    0x0800023e   0x0800023e   0x0000004e   Code   RO         2678    .text               c_w.l(h1_free.o)
    0x0800028c   0x0800028c   0x00000026   Code   RO         2734    .text               c_w.l(llushr.o)
    0x080002b2   0x080002b2   0x00000002   PAD
    0x080002b4   0x080002b4   0x00000028   Code   RO         2738    .text               c_w.l(noretval__2sprintf.o)
    0x080002dc   0x080002dc   0x00000068   Code   RO         2740    .text               c_w.l(__printf.o)
    0x08000344   0x08000344   0x00000052   Code   RO         2742    .text               c_w.l(_printf_str.o)
    0x08000396   0x08000396   0x00000002   PAD
    0x08000398   0x08000398   0x00000078   Code   RO         2744    .text               c_w.l(_printf_dec.o)
    0x08000410   0x08000410   0x0000008a   Code   RO         2769    .text               c_w.l(rt_memcpy_v6.o)
    0x0800049a   0x0800049a   0x00000044   Code   RO         2771    .text               c_w.l(rt_memclr.o)
    0x080004de   0x080004de   0x0000004e   Code   RO         2773    .text               c_w.l(rt_memclr_w.o)
    0x0800052c   0x0800052c   0x00000056   Code   RO         2775    .text               c_w.l(strncpy.o)
    0x08000582   0x08000582   0x00000006   Code   RO         2777    .text               c_w.l(heapauxi.o)
    0x08000588   0x08000588   0x00000008   Code   RO         2793    .text               c_w.l(rt_heap_descriptor_intlibspace.o)
    0x08000590   0x08000590   0x00000004   Code   RO         2795    .text               c_w.l(hguard.o)
    0x08000594   0x08000594   0x0000008a   Code   RO         2797    .text               c_w.l(init_alloc.o)
    0x0800061e   0x0800061e   0x0000000e   Code   RO         2801    .text               c_w.l(h1_init.o)
    0x0800062c   0x0800062c   0x000000b2   Code   RO         2815    .text               c_w.l(_printf_intcommon.o)
    0x080006de   0x080006de   0x00000002   PAD
    0x080006e0   0x080006e0   0x00000030   Code   RO         2817    .text               c_w.l(_printf_char_common.o)
    0x08000710   0x08000710   0x0000000a   Code   RO         2819    .text               c_w.l(_sputc.o)
    0x0800071a   0x0800071a   0x0000002c   Code   RO         2821    .text               c_w.l(_printf_char.o)
    0x08000746   0x08000746   0x00000064   Code   RO         2824    .text               c_w.l(rt_memcpy_w.o)
    0x080007aa   0x080007aa   0x00000002   PAD
    0x080007ac   0x080007ac   0x00000008   Code   RO         2875    .text               c_w.l(libspace.o)
    0x080007b4   0x080007b4   0x00000034   Code   RO         2897    .text               c_w.l(h1_extend.o)
    0x080007e8   0x080007e8   0x0000000e   Code   RO         2903    .text               c_w.l(defsig_rtmem_outer.o)
    0x080007f6   0x080007f6   0x00000002   Code   RO         2914    .text               c_w.l(use_no_semi.o)
    0x080007f8   0x080007f8   0x00000000   Code   RO         2916    .text               c_w.l(indicate_semi.o)
    0x080007f8   0x080007f8   0x0000004a   Code   RO         2917    .text               c_w.l(sys_stackheap_outer.o)
    0x08000842   0x08000842   0x00000012   Code   RO         2923    .text               c_w.l(exit.o)
    0x08000854   0x08000854   0x0000000a   Code   RO         2925    .text               c_w.l(defsig_exit.o)
    0x0800085e   0x0800085e   0x00000002   PAD
    0x08000860   0x08000860   0x00000050   Code   RO         2927    .text               c_w.l(defsig_rtmem_inner.o)
    0x080008b0   0x080008b0   0x0000000c   Code   RO         2939    .text               c_w.l(sys_exit.o)
    0x080008bc   0x080008bc   0x00000032   Code   RO         2949    .text               c_w.l(defsig_general.o)
    0x080008ee   0x080008ee   0x0000000e   Code   RO         2969    .text               c_w.l(sys_wrch.o)
    0x080008fc   0x080008fc   0x00000002   Code   RO          231    i.BusFault_Handler  stm32f1xx_it.o
    0x080008fe   0x080008fe   0x00000016   Code   RO         2504    i.CRC_Calculate     data_process.o
    0x08000914   0x08000914   0x0000000c   Code   RO          232    i.DMA1_Channel2_IRQHandler  stm32f1xx_it.o
    0x08000920   0x08000920   0x0000000c   Code   RO          233    i.DMA1_Channel3_IRQHandler  stm32f1xx_it.o
    0x0800092c   0x0800092c   0x0000000c   Code   RO          234    i.DMA1_Channel4_IRQHandler  stm32f1xx_it.o
    0x08000938   0x08000938   0x0000000c   Code   RO          235    i.DMA1_Channel5_IRQHandler  stm32f1xx_it.o
    0x08000944   0x08000944   0x00000002   Code   RO          236    i.DebugMon_Handler  stm32f1xx_it.o
    0x08000946   0x08000946   0x00000002   PAD
    0x08000948   0x08000948   0x00000024   Code   RO          397    i.Error_Handler     main.o
    0x0800096c   0x0800096c   0x00000054   Code   RO         1681    i.FLASH_WaitForLastOperation  stm32f1xx_hal_flash.o
    0x080009c0   0x080009c0   0x0000000c   Code   RO         2556    i.Flash_Write_data  flash.o
    0x080009cc   0x080009cc   0x00000002   Code   RO          605    i.HAL_CAN_ErrorCallback  stm32f1xx_hal_can.o
    0x080009ce   0x080009ce   0x000001fc   Code   RO          612    i.HAL_CAN_IRQHandler  stm32f1xx_hal_can.o
    0x08000bca   0x08000bca   0x0000011a   Code   RO          613    i.HAL_CAN_Init      stm32f1xx_hal_can.o
    0x08000ce4   0x08000ce4   0x0000008c   Code   RO          159    i.HAL_CAN_MspInit   can.o
    0x08000d70   0x08000d70   0x00000002   Code   RO          620    i.HAL_CAN_RxFifo0FullCallback  stm32f1xx_hal_can.o
    0x08000d72   0x08000d72   0x00000002   Code   RO          621    i.HAL_CAN_RxFifo0MsgPendingCallback  stm32f1xx_hal_can.o
    0x08000d74   0x08000d74   0x00000002   Code   RO          622    i.HAL_CAN_RxFifo1FullCallback  stm32f1xx_hal_can.o
    0x08000d76   0x08000d76   0x00000002   Code   RO          623    i.HAL_CAN_RxFifo1MsgPendingCallback  stm32f1xx_hal_can.o
    0x08000d78   0x08000d78   0x00000002   Code   RO          624    i.HAL_CAN_SleepCallback  stm32f1xx_hal_can.o
    0x08000d7a   0x08000d7a   0x00000002   Code   RO          627    i.HAL_CAN_TxMailbox0AbortCallback  stm32f1xx_hal_can.o
    0x08000d7c   0x08000d7c   0x00000002   Code   RO          628    i.HAL_CAN_TxMailbox0CompleteCallback  stm32f1xx_hal_can.o
    0x08000d7e   0x08000d7e   0x00000002   Code   RO          629    i.HAL_CAN_TxMailbox1AbortCallback  stm32f1xx_hal_can.o
    0x08000d80   0x08000d80   0x00000002   Code   RO          630    i.HAL_CAN_TxMailbox1CompleteCallback  stm32f1xx_hal_can.o
    0x08000d82   0x08000d82   0x00000002   Code   RO          631    i.HAL_CAN_TxMailbox2AbortCallback  stm32f1xx_hal_can.o
    0x08000d84   0x08000d84   0x00000002   Code   RO          632    i.HAL_CAN_TxMailbox2CompleteCallback  stm32f1xx_hal_can.o
    0x08000d86   0x08000d86   0x00000002   Code   RO          634    i.HAL_CAN_WakeUpFromRxMsgCallback  stm32f1xx_hal_can.o
    0x08000d88   0x08000d88   0x00000046   Code   RO         1297    i.HAL_DMA_Abort     stm32f1xx_hal_dma.o
    0x08000dce   0x08000dce   0x00000002   PAD
    0x08000dd0   0x08000dd0   0x00000098   Code   RO         1298    i.HAL_DMA_Abort_IT  stm32f1xx_hal_dma.o
    0x08000e68   0x08000e68   0x00000154   Code   RO         1302    i.HAL_DMA_IRQHandler  stm32f1xx_hal_dma.o
    0x08000fbc   0x08000fbc   0x0000005c   Code   RO         1303    i.HAL_DMA_Init      stm32f1xx_hal_dma.o
    0x08001018   0x08001018   0x00000070   Code   RO         1306    i.HAL_DMA_Start_IT  stm32f1xx_hal_dma.o
    0x08001088   0x08001088   0x00000024   Code   RO          876    i.HAL_Delay         stm32f1xx_hal.o
    0x080010ac   0x080010ac   0x00000014   Code   RO         1685    i.HAL_FLASH_Lock    stm32f1xx_hal_flash.o
    0x080010c0   0x080010c0   0x00000080   Code   RO         1690    i.HAL_FLASH_Program  stm32f1xx_hal_flash.o
    0x08001140   0x08001140   0x00000028   Code   RO         1692    i.HAL_FLASH_Unlock  stm32f1xx_hal_flash.o
    0x08001168   0x08001168   0x000001e0   Code   RO         1226    i.HAL_GPIO_Init     stm32f1xx_hal_gpio.o
    0x08001348   0x08001348   0x00000010   Code   RO         1229    i.HAL_GPIO_TogglePin  stm32f1xx_hal_gpio.o
    0x08001358   0x08001358   0x0000000a   Code   RO         1230    i.HAL_GPIO_WritePin  stm32f1xx_hal_gpio.o
    0x08001362   0x08001362   0x00000002   PAD
    0x08001364   0x08001364   0x0000000c   Code   RO          880    i.HAL_GetTick       stm32f1xx_hal.o
    0x08001370   0x08001370   0x00000010   Code   RO          886    i.HAL_IncTick       stm32f1xx_hal.o
    0x08001380   0x08001380   0x00000024   Code   RO          887    i.HAL_Init          stm32f1xx_hal.o
    0x080013a4   0x080013a4   0x00000040   Code   RO          888    i.HAL_InitTick      stm32f1xx_hal.o
    0x080013e4   0x080013e4   0x00000038   Code   RO          372    i.HAL_MspInit       stm32f1xx_hal_msp.o
    0x0800141c   0x0800141c   0x0000001a   Code   RO         1407    i.HAL_NVIC_EnableIRQ  stm32f1xx_hal_cortex.o
    0x08001436   0x08001436   0x00000002   PAD
    0x08001438   0x08001438   0x00000040   Code   RO         1413    i.HAL_NVIC_SetPriority  stm32f1xx_hal_cortex.o
    0x08001478   0x08001478   0x00000024   Code   RO         1414    i.HAL_NVIC_SetPriorityGrouping  stm32f1xx_hal_cortex.o
    0x0800149c   0x0800149c   0x0000012c   Code   RO         1069    i.HAL_RCC_ClockConfig  stm32f1xx_hal_rcc.o
    0x080015c8   0x080015c8   0x00000020   Code   RO         1076    i.HAL_RCC_GetPCLK1Freq  stm32f1xx_hal_rcc.o
    0x080015e8   0x080015e8   0x00000020   Code   RO         1077    i.HAL_RCC_GetPCLK2Freq  stm32f1xx_hal_rcc.o
    0x08001608   0x08001608   0x0000006c   Code   RO         1078    i.HAL_RCC_GetSysClockFreq  stm32f1xx_hal_rcc.o
    0x08001674   0x08001674   0x00000320   Code   RO         1081    i.HAL_RCC_OscConfig  stm32f1xx_hal_rcc.o
    0x08001994   0x08001994   0x00000028   Code   RO         1418    i.HAL_SYSTICK_Config  stm32f1xx_hal_cortex.o
    0x080019bc   0x080019bc   0x00000002   Code   RO         2023    i.HAL_UARTEx_RxEventCallback  stm32f1xx_hal_uart.o
    0x080019be   0x080019be   0x00000058   Code   RO         2035    i.HAL_UART_DMAStop  stm32f1xx_hal_uart.o
    0x08001a16   0x08001a16   0x00000002   Code   RO         2037    i.HAL_UART_ErrorCallback  stm32f1xx_hal_uart.o
    0x08001a18   0x08001a18   0x0000020c   Code   RO         2040    i.HAL_UART_IRQHandler  stm32f1xx_hal_uart.o
    0x08001c24   0x08001c24   0x00000062   Code   RO         2041    i.HAL_UART_Init     stm32f1xx_hal_uart.o
    0x08001c86   0x08001c86   0x00000002   PAD
    0x08001c88   0x08001c88   0x00000194   Code   RO          458    i.HAL_UART_MspInit  usart.o
    0x08001e1c   0x08001e1c   0x0000002a   Code   RO         2045    i.HAL_UART_Receive_DMA  stm32f1xx_hal_uart.o
    0x08001e46   0x08001e46   0x00000002   Code   RO         2047    i.HAL_UART_RxCpltCallback  stm32f1xx_hal_uart.o
    0x08001e48   0x08001e48   0x00000002   Code   RO         2048    i.HAL_UART_RxHalfCpltCallback  stm32f1xx_hal_uart.o
    0x08001e4a   0x08001e4a   0x00000002   PAD
    0x08001e4c   0x08001e4c   0x000000b2   Code   RO         2049    i.HAL_UART_Transmit  stm32f1xx_hal_uart.o
    0x08001efe   0x08001efe   0x00000002   Code   RO         2052    i.HAL_UART_TxCpltCallback  stm32f1xx_hal_uart.o
    0x08001f00   0x08001f00   0x00000002   Code   RO          237    i.HardFault_Handler  stm32f1xx_it.o
    0x08001f02   0x08001f02   0x00000002   PAD
    0x08001f04   0x08001f04   0x00000044   Code   RO          160    i.MX_CAN_Init       can.o
    0x08001f48   0x08001f48   0x0000005c   Code   RO          203    i.MX_DMA_Init       dma.o
    0x08001fa4   0x08001fa4   0x00000070   Code   RO           13    i.MX_GPIO_Init      gpio.o
    0x08002014   0x08002014   0x00000038   Code   RO          459    i.MX_USART1_UART_Init  usart.o
    0x0800204c   0x0800204c   0x00000038   Code   RO          460    i.MX_USART3_UART_Init  usart.o
    0x08002084   0x08002084   0x00000002   Code   RO          238    i.MemManage_Handler  stm32f1xx_it.o
    0x08002086   0x08002086   0x00000002   Code   RO          239    i.NMI_Handler       stm32f1xx_it.o
    0x08002088   0x08002088   0x00000002   Code   RO          240    i.PendSV_Handler    stm32f1xx_it.o
    0x0800208a   0x0800208a   0x00000002   PAD
    0x0800208c   0x0800208c   0x000000c4   Code   RO         2505    i.Response_Messgae_process  data_process.o
    0x08002150   0x08002150   0x00000002   Code   RO          241    i.SVC_Handler       stm32f1xx_it.o
    0x08002152   0x08002152   0x00000004   Code   RO          242    i.SysTick_Handler   stm32f1xx_it.o
    0x08002156   0x08002156   0x00000002   Code   RO         2429    i.SystemInit        system_stm32f1xx.o
    0x08002158   0x08002158   0x00000070   Code   RO         2054    i.UART_Start_Receive_DMA  stm32f1xx_hal_uart.o
    0x080021c8   0x080021c8   0x00000018   Code   RO          243    i.USART1_IRQHandler  stm32f1xx_it.o
    0x080021e0   0x080021e0   0x0000000c   Code   RO          244    i.USART3_IRQHandler  stm32f1xx_it.o
    0x080021ec   0x080021ec   0x0000000c   Code   RO          245    i.USB_HP_CAN1_TX_IRQHandler  stm32f1xx_it.o
    0x080021f8   0x080021f8   0x0000000c   Code   RO          246    i.USB_LP_CAN1_RX0_IRQHandler  stm32f1xx_it.o
    0x08002204   0x08002204   0x0000004c   Code   RO         2506    i.USER_UART_IDLECallback  data_process.o
    0x08002250   0x08002250   0x00000030   Code   RO          398    i.USER_UART_IRQHandler  main.o
    0x08002280   0x08002280   0x00000002   Code   RO          247    i.UsageFault_Handler  stm32f1xx_it.o
    0x08002282   0x08002282   0x00000058   Code   RO          399    i._Z18SystemClock_Configv  main.o
    0x080022da   0x080022da   0x00000002   Code   RO         2468    i._ZN11Data_holder14load_parameterEv  data_holder.o
    0x080022dc   0x080022dc   0x0000003a   Code   RO         2469    i._ZN11Data_holder14save_parameterEv  data_holder.o
    0x08002316   0x08002316   0x00000002   PAD
    0x08002318   0x08002318   0x0000002c   Code   RO         2536    i._ZN11Data_holder3getEv  data_process.o
    0x08002344   0x08002344   0x000000d8   Code   RO         2470    i._ZN11Data_holderC1Ev  data_holder.o
    0x0800241c   0x0800241c   0x0000002a   Code   RO         1309    i._ZN41_INTERNAL_19_stm32f1xx_hal_dma_c_c25f65ec13DMA_SetConfigEP19__DMA_HandleTypeDefjjj  stm32f1xx_hal_dma.o
    0x08002446   0x08002446   0x0000004a   Code   RO         2056    i._ZN42_INTERNAL_20_stm32f1xx_hal_uart_c_d497114f13UART_DMAErrorEP19__DMA_HandleTypeDef  stm32f1xx_hal_uart.o
    0x08002490   0x08002490   0x000000b8   Code   RO         2057    i._ZN42_INTERNAL_20_stm32f1xx_hal_uart_c_d497114f14UART_SetConfigEP20__UART_HandleTypeDef  stm32f1xx_hal_uart.o
    0x08002548   0x08002548   0x000000b6   Code   RO         2058    i._ZN42_INTERNAL_20_stm32f1xx_hal_uart_c_d497114f15UART_Receive_ITEP20__UART_HandleTypeDef  stm32f1xx_hal_uart.o
    0x080025fe   0x080025fe   0x0000001a   Code   RO         2059    i._ZN42_INTERNAL_20_stm32f1xx_hal_uart_c_d497114f18UART_DMARxHalfCpltEP19__DMA_HandleTypeDef  stm32f1xx_hal_uart.o
    0x08002618   0x08002618   0x00000030   Code   RO         2061    i._ZN42_INTERNAL_20_stm32f1xx_hal_uart_c_d497114f18UART_EndRxTransferEP20__UART_HandleTypeDef  stm32f1xx_hal_uart.o
    0x08002648   0x08002648   0x00000012   Code   RO         2062    i._ZN42_INTERNAL_20_stm32f1xx_hal_uart_c_d497114f18UART_EndTxTransferEP20__UART_HandleTypeDef  stm32f1xx_hal_uart.o
    0x0800265a   0x0800265a   0x0000005a   Code   RO         2063    i._ZN42_INTERNAL_20_stm32f1xx_hal_uart_c_d497114f19UART_DMAReceiveCpltEP19__DMA_HandleTypeDef  stm32f1xx_hal_uart.o
    0x080026b4   0x080026b4   0x00000010   Code   RO         2064    i._ZN42_INTERNAL_20_stm32f1xx_hal_uart_c_d497114f20UART_DMAAbortOnErrorEP19__DMA_HandleTypeDef  stm32f1xx_hal_uart.o
    0x080026c4   0x080026c4   0x00000064   Code   RO         2070    i._ZN42_INTERNAL_20_stm32f1xx_hal_uart_c_d497114f27UART_WaitOnFlagUntilTimeoutEP20__UART_HandleTypeDefj10FlagStatusjj  stm32f1xx_hal_uart.o
    0x08002728   0x08002728   0x0000005c   Code   RO         1693    i._ZN43_INTERNAL_21_stm32f1xx_hal_flash_c_48aa8f3e18FLASH_SetErrorCodeEv  stm32f1xx_hal_flash.o
    0x08002784   0x08002784   0x0000001c   Code   RO         1694    i._ZN43_INTERNAL_21_stm32f1xx_hal_flash_c_48aa8f3e22FLASH_Program_HalfWordEjt  stm32f1xx_hal_flash.o
    0x080027a0   0x080027a0   0x00000020   Code   RO         1420    i._ZN44_INTERNAL_22_stm32f1xx_hal_cortex_c_2992dbc018__NVIC_SetPriorityE9IRQn_Typej  stm32f1xx_hal_cortex.o
    0x080027c0   0x080027c0   0x00000018   Code   RO         2614    i._ZN5Robot13roserial_loopEv  robot.o
    0x080027d8   0x080027d8   0x00000072   Code   RO         2615    i._ZN5Robot16protocol_processEv  robot.o
    0x0800284a   0x0800284a   0x00000002   PAD
    0x0800284c   0x0800284c   0x0000002c   Code   RO          436    i._ZN5Robot3getEv   main.o
    0x08002878   0x08002878   0x00000034   Code   RO         2617    i._ZN5Robot4initEv  robot.o
    0x080028ac   0x080028ac   0x00000002   Code   RO         2619    i._ZN5RobotC1Ev     robot.o
    0x080028ae   0x080028ae   0x00000010   Code   RO         2781    i.__cxa_guard_acquire  cpprt_w.l(cxa_guard_acquire.o)
    0x080028be   0x080028be   0x00000002   PAD
    0x080028c0   0x080028c0   0x0000004c   Code   RO         2588    i.delay_us          timer.o
    0x0800290c   0x0800290c   0x00000034   Code   RO          400    i.main              main.o
    0x08002940   0x08002940   0x00000010   Data   RO         2432    .constdata          system_stm32f1xx.o
    0x08002950   0x08002950   0x00000008   Data   RO         2433    .constdata          system_stm32f1xx.o
    0x08002958   0x08002958   0x00000020   Data   RO         2999    Region$$Table       anon$$obj.o


    Execution Region RW_IRAM1 (Exec base: 0x20000000, Load base: 0x08002978, Size: 0x00000a28, Max: 0x00005000, ABSOLUTE)

    Exec Addr    Load Addr    Size         Type   Attr      Idx    E Section Name        Object

    0x20000000   0x08002978   0x0000000c   Data   RW          919    .data               stm32f1xx_hal.o
    0x2000000c   0x08002984   0x00000004   Data   RW         2434    .data               system_stm32f1xx.o
    0x20000010   0x08002988   0x00000004   Data   RW         2542    .data__ZZN11Data_holder3getEvE2dh  data_process.o
    0x20000014   0x0800298c   0x00000005   Data   RW          442    .data__ZZN5Robot3getEvE2dh  main.o
    0x20000019   0x08002991   0x00000003   PAD
    0x2000001c        -       0x00000028   Zero   RW          164    .bss                can.o
    0x20000044        -       0x00000198   Zero   RW          465    .bss                usart.o
    0x200001dc   0x08002991   0x00000004   PAD
    0x200001e0        -       0x00000020   Zero   RW         1709    .bss                stm32f1xx_hal_flash.o
    0x20000200        -       0x00000060   Zero   RW         2876    .bss                c_w.l(libspace.o)
    0x20000260        -       0x000001c8   Zero   RW         2543    .bss__ZZN11Data_holder3getEvE2dh  data_process.o
    0x20000428        -       0x00000200   Zero   RW            2    HEAP                startup_stm32f103xb.o
    0x20000628        -       0x00000400   Zero   RW            1    STACK               startup_stm32f103xb.o


==============================================================================

Image component sizes


      Code (inc. data)   RO Data    RW Data    ZI Data      Debug   Object Name

       208         22          0          0         40       1567   can.o
       276         32          0          0          0       1452   data_holder.o
       338         28          0          4        456       4568   data_process.o
        92          4          0          0          0        746   dma.o
        12          0          0          0          0        507   flash.o
       112          8          0          0          0     411479   gpio.o
       268         24          0          5          0       3227   main.o
       192         20          0          0          0       1644   robot.o
        64         26        236          0       1536        780   startup_stm32f103xb.o
       164         28          0         12          0       5697   stm32f1xx_hal.o
       816          0          0          0          0       9191   stm32f1xx_hal_can.o
       198         14          0          0          0      28779   stm32f1xx_hal_cortex.o
       808         36          0          0          0       4814   stm32f1xx_hal_dma.o
       392         46          0          0         32       4522   stm32f1xx_hal_flash.o
       506         34          0          0          0       3417   stm32f1xx_hal_gpio.o
         0          0          0          0          0     398280   stm32f1xx_hal_gpio_ex.o
        56          8          0          0          0        830   stm32f1xx_hal_msp.o
      1272         98          0          0          0       5048   stm32f1xx_hal_rcc.o
      1790         24          0          0          0      14105   stm32f1xx_hal_uart.o
       128         48          0          0          0       6991   stm32f1xx_it.o
         2          0         24          4          0       1055   system_stm32f1xx.o
        76          6          0          0          0        651   timer.o
       516         44          0          0        408       2599   usart.o

    ----------------------------------------------------------------------
      8306        550        292         28       2476     911949   Object Totals
         0          0         32          0          0          0   (incl. Generated)
        20          0          0          3          4          0   (incl. Padding)

    ----------------------------------------------------------------------

      Code (inc. data)   RO Data    RW Data    ZI Data      Debug   Library Member Name

         8          0          0          0          0         68   __main.o
       104          0          0          0          0         84   __printf.o
         0          0          0          0          0          0   __rtentry.o
        12          0          0          0          0          0   __rtentry2.o
         6          0          0          0          0          0   __rtentry4.o
        52          8          0          0          0          0   __scatter.o
        26          0          0          0          0          0   __scatter_copy.o
        28          0          0          0          0          0   __scatter_zi.o
        44          0          0          0          0        108   _printf_char.o
        48          6          0          0          0         96   _printf_char_common.o
         6          0          0          0          0          0   _printf_d.o
       120         16          0          0          0         92   _printf_dec.o
       178          0          0          0          0         88   _printf_intcommon.o
         0          0          0          0          0          0   _printf_percent.o
         4          0          0          0          0          0   _printf_percent_end.o
         6          0          0          0          0          0   _printf_s.o
        82          0          0          0          0         80   _printf_str.o
        10          0          0          0          0         68   _sputc.o
        10          0          0          0          0         68   defsig_exit.o
        50          0          0          0          0         88   defsig_general.o
        80         58          0          0          0         76   defsig_rtmem_inner.o
        14          0          0          0          0         80   defsig_rtmem_outer.o
        18          0          0          0          0         80   exit.o
        94          0          0          0          0         80   h1_alloc.o
        52          0          0          0          0         68   h1_extend.o
        78          0          0          0          0         80   h1_free.o
        14          0          0          0          0         84   h1_init.o
         6          0          0          0          0        152   heapauxi.o
         4          0          0          0          0        136   hguard.o
         0          0          0          0          0          0   indicate_semi.o
       138          0          0          0          0        168   init_alloc.o
         2          0          0          0          0          0   libinit.o
        10          0          0          0          0          0   libinit2.o
         2          0          0          0          0          0   libshutdown.o
         2          0          0          0          0          0   libshutdown2.o
         8          4          0          0         96         68   libspace.o
        38          0          0          0          0         68   llushr.o
         0          0          0          0          0          0   maybetermalloc1.o
        40          6          0          0          0         84   noretval__2sprintf.o
         8          4          0          0          0         68   rt_heap_descriptor_intlibspace.o
        68          0          0          0          0         68   rt_memclr.o
        78          0          0          0          0         80   rt_memclr_w.o
       138          0          0          0          0         68   rt_memcpy_v6.o
       100          0          0          0          0         80   rt_memcpy_w.o
         2          0          0          0          0          0   rtexit.o
        10          0          0          0          0          0   rtexit2.o
        86          0          0          0          0         76   strncpy.o
        12          4          0          0          0         68   sys_exit.o
        74          0          0          0          0         80   sys_stackheap_outer.o
        14          0          0          0          0         76   sys_wrch.o
         2          0          0          0          0         68   use_no_semi.o
        16          0          0          0          0         68   cxa_guard_acquire.o

    ----------------------------------------------------------------------
      2018        106          0          0         96       2864   Library Totals
        16          0          0          0          0          0   (incl. Padding)

    ----------------------------------------------------------------------

      Code (inc. data)   RO Data    RW Data    ZI Data      Debug   Library Name

      1986        106          0          0         96       2796   c_w.l
        16          0          0          0          0         68   cpprt_w.l

    ----------------------------------------------------------------------
      2018        106          0          0         96       2864   Library Totals

    ----------------------------------------------------------------------

==============================================================================


      Code (inc. data)   RO Data    RW Data    ZI Data      Debug   

     10324        656        292         28       2572     907841   Grand Totals
     10324        656        292         28       2572     907841   ELF Image Totals
     10324        656        292         28          0          0   ROM Totals

==============================================================================

    Total RO  Size (Code + RO Data)                10616 (  10.37kB)
    Total RW  Size (RW Data + ZI Data)              2600 (   2.54kB)
    Total ROM Size (Code + RO Data + RW Data)      10644 (  10.39kB)

==============================================================================

