<html>
<body>
<pre>
<h1>�Vision Build Log</h1>
<h2>Tool Versions:</h2>
IDE-Version: ��Vision V5.35.0.0
Copyright (C) 2021 ARM Ltd and ARM Germany GmbH. All rights reserved.
License Information: D D, D, LIC=PE7DL-0QFVX-X7VRZ-J2M5N-LT25E-I13H7
 
Tool Versions:
Toolchain:       MDK-ARM Plus  Version: 5.35.0.2
Toolchain Path:  D:\Keil_v5\ARM\ARMCC\Bin
C Compiler:      Armcc.exe V5.06 update 7 (build 960)
Assembler:       Armasm.exe V5.06 update 7 (build 960)
Linker/Locator:  ArmLink.exe V5.06 update 7 (build 960)
Library Manager: ArmAr.exe V5.06 update 7 (build 960)
Hex Converter:   FromElf.exe V5.06 update 7 (build 960)
CPU DLL:         SARMCM3.DLL V5.35.0.2
Dialog DLL:      DCM.DLL V1.17.3.0
Target DLL:      CMSIS_AGDI.dll V1.33.0.0
Dialog DLL:      TCM.DLL V1.53.0.0
 
<h2>Project:</h2>
F:\stm32\stm32_canopen\MDK-ARM\stm32_canopen.uvprojx
Project File Date:  03/05/2022

<h2>Output:</h2>
*** Using Compiler 'V5.06 update 7 (build 960)', folder: 'D:\Keil_v5\ARM\ARMCC\Bin'
Build target 'stm32_canopen'
compiling main.cpp...
compiling can.c...
compiling gpio.c...
compiling dma.c...
compiling stm32f1xx_it.c...
compiling usart.c...
compiling data_holder.cpp...
compiling stm32f1xx_hal_msp.c...
compiling data_process.cpp...
compiling flash.cpp...
..\lib\flash.cpp(26): warning:  #177-D: variable "PageError"  was declared but never referenced
      uint32_t PageError = 0;                         //设置PageError,如果出现错误这个变量会被设置为出错的FLASH地址	
..\lib\flash.cpp(27): warning:  #550-D: variable "My_Flash"  was set but never used
      FLASH_EraseInitTypeDef My_Flash;                //声明 FLASH_EraseInitTypeDef 结构体为 My_Flash
..\lib\flash.cpp: 2 warnings, 0 errors
compiling timer.cpp...
compiling robot.cpp...
compiling canopen_process.cpp...
linking...
Program Size: Code=22434 RO-data=350 RW-data=48 ZI-data=2688  
FromELF: creating hex file...
"stm32_canopen\stm32_canopen.axf" - 0 Error(s), 2 Warning(s).

<h2>Software Packages used:</h2>

Package Vendor: ARM
                http://www.keil.com/pack/ARM.CMSIS.5.8.0.pack
                ARM.CMSIS.5.8.0
                CMSIS (Common Microcontroller Software Interface Standard)
   * Component: CORE Version: 5.5.0

Package Vendor: Keil
                http://www.keil.com/pack/Keil.STM32F1xx_DFP.2.4.0.pack
                Keil.STM32F1xx_DFP.2.4.0
                STMicroelectronics STM32F1 Series Device Support, Drivers and Examples

<h2>Collection of Component include folders:</h2>
  .\RTE\_stm32_canopen
  D:\Users\Administrator\AppData\Local\Arm\Packs\ARM\CMSIS\5.8.0\CMSIS\Core\Include
  D:\Users\Administrator\AppData\Local\Arm\Packs\Keil\STM32F1xx_DFP\2.4.0\Device\Include

<h2>Collection of Component Files used:</h2>

   * Component: ARM::CMSIS:CORE:5.5.0
      Include file:  CMSIS\Core\Include\tz_context.h
Build Time Elapsed:  00:00:20
</pre>
</body>
</html>
